Component: ARM Compiler 5.06 update 4 (build 422) Tool: armlink [4d35d2]

==============================================================================

Section Cross References

    stm32f10x_startup.o(STACK) refers (Special) to heapauxi.o(.text) for __use_two_region_memory
    stm32f10x_startup.o(HEAP) refers (Special) to heapauxi.o(.text) for __use_two_region_memory
    stm32f10x_startup.o(RESET) refers (Special) to heapauxi.o(.text) for __use_two_region_memory
    stm32f10x_startup.o(RESET) refers to stm32f10x_startup.o(STACK) for Stack
    stm32f10x_startup.o(RESET) refers to os_cpu_a.o(.text) for OSPendSV
    stm32f10x_startup.o(RESET) refers to stm32f10x_it.o(.text) for SysTickHandler
    stm32f10x_startup.o(RESET) refers to hw_config.o(.text) for EXTI0_IRQHandler
    stm32f10x_startup.o(RESET) refers to w5500.o(.text) for EXTI1_IRQHandler
    stm32f10x_startup.o(RESET) refers to time.o(.text) for TIM3_IRQHandler
    stm32f10x_startup.o(RESET) refers to usart.o(.text) for USART1_IRQHandler
    stm32f10x_startup.o(RESET) refers to __main.o(!!!main) for __main
    stm32f10x_startup.o(.text) refers (Special) to heapauxi.o(.text) for __use_two_region_memory
    stm32f10x_startup.o(.text) refers to stm32f10x_startup.o(HEAP) for Heap
    stm32f10x_startup.o(.text) refers to stm32f10x_startup.o(STACK) for Stack
    main.o(.text) refers to os_task.o(.text) for OSTaskCreateExt
    main.o(.text) refers to bsp.o(.text) for OS_CPU_SysTickInit
    main.o(.text) refers to os_core.o(.text) for OSStatInit
    main.o(.text) refers to os_mutex.o(.text) for OSMutexCreate
    main.o(.text) refers to os_sem.o(.text) for OSSemCreate
    main.o(.text) refers to setw5500net.o(.text) for InitW5500Net
    main.o(.text) refers to w5500.o(.text) for Socket_Init
    main.o(.text) refers to task_eth_rec_data.o(.text) for tcp_send_and_rec_packet
    main.o(.text) refers to cjson.o(.text) for cJSON_Parse
    main.o(.text) refers to strcmpv7m.o(.text) for strcmp
    main.o(.text) refers to rt_memclr.o(.text) for __aeabi_memclr
    main.o(.text) refers to strlen.o(.text) for strlen
    main.o(.text) refers to rt_memcpy_v6.o(.text) for __aeabi_memcpy
    main.o(.text) refers to calucationfile.o(.text) for HexStringToHexGroup
    main.o(.text) refers to pcf8563.o(.text) for Set_Sysdate
    main.o(.text) refers to os_time.o(.text) for OSTimeDlyHMSM
    main.o(.text) refers to cpu_a.o(.text) for CPU_IntDis
    main.o(.text) refers to main.o(.bss) for AppTaskDOWNStk
    main.o(.text) refers to downfile.o(.text) for App_TaskDownLoadFile
    main.o(.text) refers to main.o(.data) for SemEthMac
    main.o(.text) refers to readwritecardtask.o(.text) for Handle_Card
    main.o(.text) refers to uploadrecord.o(.text) for App_TaskUploadRecord
    main.o(.text) refers to bsp.o(.data) for isneedupdate
    main.o(.text) refers to task_eth_rec_data.o(.bss) for tokenBuf
    stm32f10x_it.o(.text) refers to os_cpu_a.o(.text) for OS_CPU_SR_Save
    stm32f10x_it.o(.text) refers to os_core.o(.text) for OSTimeTick
    stm32f10x_it.o(.text) refers to watchdog.o(.text) for Clr_WatchDog
    stm32f10x_it.o(.text) refers to stm32f10x_it.o(.data) for mstime
    stm32f10x_it.o(.text) refers to dhcp.o(.data) for dhcp_time
    stm32f10x_it.o(.text) refers to os_core.o(.data) for OSIntNesting
    stm32f10x_gpio.o(.text) refers to stm32f10x_rcc.o(.text) for RCC_APB2PeriphResetCmd
    stm32f10x_rcc.o(.text) refers to stm32f10x_rcc.o(.data) for APBAHBPrescTable
    stm32f10x_tim.o(.text) refers to stm32f10x_rcc.o(.text) for RCC_APB2PeriphResetCmd
    stm32f10x_usart.o(.text) refers to stm32f10x_rcc.o(.text) for RCC_APB2PeriphResetCmd
    stm32f10x_spi.o(.text) refers to stm32f10x_rcc.o(.text) for RCC_APB2PeriphResetCmd
    system_stm32f10x.o(.text) refers to system_stm32f10x.o(.data) for SystemCoreClock
    os_cpu_a.o(.text) refers to os_cpu_c.o(.text) for OSTaskSwHook
    os_cpu_a.o(.text) refers to os_core.o(.text) for OSIntExit
    os_cpu_a.o(.text) refers to os_core.o(.data) for OSIntNesting
    os_cpu_c.o(.text) refers to main.o(.text) for App_TaskCreateHook
    os_core.o(.text) refers to os_cpu_a.o(.text) for OS_CPU_SR_Save
    os_core.o(.text) refers to os_task.o(.text) for OSTaskStkChk
    os_core.o(.text) refers to os_time.o(.text) for OSTimeDly
    os_core.o(.text) refers to os_cpu_c.o(.text) for OSTaskStatHook
    os_core.o(.text) refers to os_flag.o(.text) for OS_FlagInit
    os_core.o(.text) refers to os_core.o(.data) for OSIntNesting
    os_core.o(.text) refers to os_core.o(.bss) for OSTCBPrioTbl
    os_core.o(.text) refers to os_core.o(.constdata) for OSUnMapTbl
    os_flag.o(.text) refers to os_cpu_a.o(.text) for OS_CPU_SR_Save
    os_flag.o(.text) refers to os_core.o(.text) for OS_Sched
    os_flag.o(.text) refers to os_core.o(.data) for OSIntNesting
    os_flag.o(.text) refers to os_core.o(.bss) for OSFlagTbl
    os_mbox.o(.text) refers to os_cpu_a.o(.text) for OS_CPU_SR_Save
    os_mbox.o(.text) refers to os_core.o(.text) for OS_EventWaitListInit
[...]
    free                                     0x08021217   Thumb Code    78  h1_free.o(.text)
    tolower                                  0x08021265   Thumb Code    26  tolower.o(.text)
    __2sprintf                               0x08021281   Thumb Code    38  __2sprintf.o(.text)
    __2snprintf                              0x080212ad   Thumb Code    50  __2snprintf.o(.text)
    _printf_pre_padding                      0x080212e5   Thumb Code    44  _printf_pad.o(.text)
    _printf_post_padding                     0x08021311   Thumb Code    34  _printf_pad.o(.text)
    _printf_str                              0x08021333   Thumb Code    82  _printf_str.o(.text)
    _printf_int_dec                          0x08021385   Thumb Code   104  _printf_dec.o(.text)
    _printf_int_hex                          0x080213fd   Thumb Code    84  _printf_hex_int.o(.text)
    _printf_longlong_hex                     0x080213fd   Thumb Code     0  _printf_hex_int.o(.text)
    __printf                                 0x08021455   Thumb Code   388  __printf_flags_ss_wp.o(.text)
    __0sscanf                                0x080215dd   Thumb Code    52  __0sscanf.o(.text)
    _scanf_int                               0x08021619   Thumb Code   332  _scanf_int.o(.text)
    _scanf_string                            0x08021765   Thumb Code   224  _scanf_str.o(.text)
    atoi                                     0x08021845   Thumb Code    26  atoi.o(.text)
    strtol                                   0x0802185f   Thumb Code   112  strtol.o(.text)
    strtok                                   0x080218d1   Thumb Code     6  strtok.o(.text)
    strchr                                   0x080218dd   Thumb Code    20  strchr.o(.text)
    strncat                                  0x080218f1   Thumb Code    36  strncat.o(.text)
    strstr                                   0x08021915   Thumb Code    36  strstr.o(.text)
    memcmp                                   0x08021939   Thumb Code    88  memcmp.o(.text)
    strcpy                                   0x08021991   Thumb Code    72  strcpy.o(.text)
    strlen                                   0x080219d9   Thumb Code    62  strlen.o(.text)
    strncmp                                  0x08021a17   Thumb Code   150  strncmp.o(.text)
    strcat                                   0x08021aad   Thumb Code    24  strcat.o(.text)
    __aeabi_memcpy                           0x08021ac5   Thumb Code     0  rt_memcpy_v6.o(.text)
    __rt_memcpy                              0x08021ac5   Thumb Code   138  rt_memcpy_v6.o(.text)
    _memcpy_lastbytes                        0x08021b2b   Thumb Code     0  rt_memcpy_v6.o(.text)
    __aeabi_memcpy4                          0x08021b4f   Thumb Code     0  rt_memcpy_w.o(.text)
    __aeabi_memcpy8                          0x08021b4f   Thumb Code     0  rt_memcpy_w.o(.text)
    __rt_memcpy_w                            0x08021b4f   Thumb Code   100  rt_memcpy_w.o(.text)
    _memcpy_lastbytes_aligned                0x08021b97   Thumb Code     0  rt_memcpy_w.o(.text)
    __aeabi_memset                           0x08021bb3   Thumb Code    16  aeabi_memset.o(.text)
    __aeabi_memclr                           0x08021bc3   Thumb Code     0  rt_memclr.o(.text)
    __rt_memclr                              0x08021bc3   Thumb Code    68  rt_memclr.o(.text)
    _memset                                  0x08021bc7   Thumb Code     0  rt_memclr.o(.text)
    __aeabi_memclr4                          0x08021c07   Thumb Code     0  rt_memclr_w.o(.text)
    __aeabi_memclr8                          0x08021c07   Thumb Code     0  rt_memclr_w.o(.text)
    __rt_memclr_w                            0x08021c07   Thumb Code    78  rt_memclr_w.o(.text)
    _memset_w                                0x08021c0b   Thumb Code     0  rt_memclr_w.o(.text)
    strncpy                                  0x08021c55   Thumb Code    86  strncpy.o(.text)
    strcmp                                   0x08021cad   Thumb Code   128  strcmpv7m.o(.text)
    __use_two_region_memory                  0x08021d2d   Thumb Code     2  heapauxi.o(.text)
    __rt_heap_escrow                         0x08021d2f   Thumb Code     2  heapauxi.o(.text)
    __rt_heap_expand                         0x08021d31   Thumb Code     2  heapauxi.o(.text)
    __rt_ctype_table                         0x08021d35   Thumb Code    16  rt_ctype_table.o(.text)
    __rt_heap_descriptor                     0x08021d45   Thumb Code     8  rt_heap_descriptor_intlibspace.o(.text)
    __aeabi_errno_addr                       0x08021d4d   Thumb Code     8  rt_errno_addr_intlibspace.o(.text)
    __errno$intlibspace                      0x08021d4d   Thumb Code     0  rt_errno_addr_intlibspace.o(.text)
    __rt_errno_addr$intlibspace              0x08021d4d   Thumb Code     0  rt_errno_addr_intlibspace.o(.text)
    __use_no_heap                            0x08021d55   Thumb Code     2  hguard.o(.text)
    __heap$guard                             0x08021d57   Thumb Code     2  hguard.o(.text)
    _terminate_user_alloc                    0x08021d59   Thumb Code     2  init_alloc.o(.text)
    _init_user_alloc                         0x08021d5b   Thumb Code     2  init_alloc.o(.text)
    __Heap_Full                              0x08021d5d   Thumb Code    34  init_alloc.o(.text)
    __Heap_Broken                            0x08021d7f   Thumb Code     6  init_alloc.o(.text)
    _init_alloc                              0x08021d85   Thumb Code    94  init_alloc.o(.text)
    __Heap_Initialize                        0x08021de3   Thumb Code    10  h1_init.o(.text)
    __Heap_DescSize                          0x08021ded   Thumb Code     4  h1_init.o(.text)
    __read_errno                             0x08021df1   Thumb Code    10  _rserrno.o(.text)
    __set_errno                              0x08021dfb   Thumb Code    12  _rserrno.o(.text)
    _printf_int_common                       0x08021e07   Thumb Code   178  _printf_intcommon.o(.text)
    __lib_sel_fp_printf                      0x08021eb9   Thumb Code     2  _printf_fp_dec.o(.text)
    _printf_fp_dec_real                      0x08022067   Thumb Code   620  _printf_fp_dec.o(.text)
    _printf_char_common                      0x080222df   Thumb Code    32  _printf_char_common.o(.text)
    _sputc                                   0x08022305   Thumb Code    10  _sputc.o(.text)
    _snputc                                  0x0802230f   Thumb Code    16  _snputc.o(.text)
    _printf_cs_common                        0x0802231f   Thumb Code    20  _printf_char.o(.text)
    _printf_char                             0x08022333   Thumb Code    16  _printf_char.o(.text)
    _printf_string                           0x08022343   Thumb Code     8  _printf_char.o(.text)
    _chval                                   0x0802234b   Thumb Code    28  _chval.o(.text)
    _scanf_really_real                       0x08022565   Thumb Code   668  scanf_fp.o(.text)
    __vfscanf_char                           0x08022819   Thumb Code    24  scanf_char.o(.text)
    _sgetc                                   0x08022839   Thumb Code    30  _sgetc.o(.text)
    _sbackspace                              0x08022857   Thumb Code    34  _sgetc.o(.text)
    _strtoul                                 0x08022879   Thumb Code   158  _strtoul.o(.text)
    __strtok_internal                        0x08022919   Thumb Code    64  strtok_int.o(.text)
    __user_libspace                          0x0802295d   Thumb Code     8  libspace.o(.text)
    __user_perproc_libspace                  0x0802295d   Thumb Code     0  libspace.o(.text)
    __user_perthread_libspace                0x0802295d   Thumb Code     0  libspace.o(.text)
    __rt_locale                              0x08022965   Thumb Code     8  rt_locale_intlibspace.o(.text)
    __Heap_ProvideMemory                     0x0802296d   Thumb Code    52  h1_extend.o(.text)
    _ll_udiv10                               0x080229a1   Thumb Code   138  lludiv10.o(.text)
    isspace                                  0x08022a2b   Thumb Code    18  isspace.o(.text)
    _printf_fp_infnan                        0x08022a3d   Thumb Code   112  _printf_fp_infnan.o(.text)
    __vfscanf                                0x08022abd   Thumb Code   878  _scanf.o(.text)
    _btod_etento                             0x08022e31   Thumb Code   216  bigflt0.o(.text)
    __rt_SIGRTMEM                            0x08022f0d   Thumb Code    14  defsig_rtmem_outer.o(.text)
    strcspn                                  0x08022f1b   Thumb Code    32  strcspn.o(.text)
    strspn                                   0x08022f3b   Thumb Code    28  strspn.o(.text)
    __I$use$semihosting                      0x08022f57   Thumb Code     0  use_no_semi.o(.text)
    __use_no_semihosting_swi                 0x08022f57   Thumb Code     2  use_no_semi.o(.text)
    __semihosting_library_function           0x08022f59   Thumb Code     0  indicate_semi.o(.text)
    __user_setup_stackheap                   0x08022f59   Thumb Code    74  sys_stackheap_outer.o(.text)
    _scanf_really_hex_real                   0x08022fa5   Thumb Code   786  scanf_hexfp.o(.text)
    _scanf_really_infnan                     0x080232c5   Thumb Code   292  scanf_infnan.o(.text)
    exit                                     0x080233f9   Thumb Code    18  exit.o(.text)
    __sig_exit                               0x0802340b   Thumb Code    10  defsig_exit.o(.text)
    __rt_SIGRTMEM_inner                      0x08023415   Thumb Code    22  defsig_rtmem_inner.o(.text)
    _sys_exit                                0x08023465   Thumb Code     8  sys_exit.o(.text)
    __aeabi_llsl                             0x08023471   Thumb Code     0  llshl.o(.text)
    _ll_shift_l                              0x08023471   Thumb Code    38  llshl.o(.text)
    __default_signal_display                 0x08023497   Thumb Code    50  defsig_general.o(.text)
    _ttywrch                                 0x080234c9   Thumb Code    14  sys_wrch.o(.text)
    _btod_d2e                                0x080234d7   Thumb Code    62  btod.o(CL$$btod_d2e)
    _d2e_denorm_low                          0x08023515   Thumb Code    70  btod.o(CL$$btod_d2e_denorm_low)
    _d2e_norm_op1                            0x0802355b   Thumb Code    96  btod.o(CL$$btod_d2e_norm_op1)
    __btod_div_common                        0x080235bb   Thumb Code   696  btod.o(CL$$btod_div_common)
    _e2d                                     0x080238f5   Thumb Code    80  btod.o(CL$$btod_e2d)
    _e2e                                     0x08023949   Thumb Code   198  btod.o(CL$$btod_e2e)
    _btod_ediv                               0x08023a0f   Thumb Code    40  btod.o(CL$$btod_ediv)
    _btod_edivd                              0x08023a37   Thumb Code    40  btod.o(CL$$btod_edivd)
    _btod_emul                               0x08023a5f   Thumb Code    40  btod.o(CL$$btod_emul)
    _btod_emuld                              0x08023a87   Thumb Code    40  btod.o(CL$$btod_emuld)
    __btod_mult_common                       0x08023aaf   Thumb Code   580  btod.o(CL$$btod_mult_common)
    __ARM_fpclassify                         0x08023cf3   Thumb Code    40  fpclassify.o(i.__ARM_fpclassify)
    __kernel_poly                            0x08023d1b   Thumb Code   170  poly.o(i.__kernel_poly)
    __mathlib_dbl_divzero                    0x08023dc5   Thumb Code    12  dunder.o(i.__mathlib_dbl_divzero)
    __mathlib_dbl_infnan2                    0x08023dd5   Thumb Code     4  dunder.o(i.__mathlib_dbl_infnan2)
    __mathlib_dbl_invalid                    0x08023dd9   Thumb Code    12  dunder.o(i.__mathlib_dbl_invalid)
    __mathlib_dbl_overflow                   0x08023de5   Thumb Code    14  dunder.o(i.__mathlib_dbl_overflow)
    __mathlib_dbl_underflow                  0x08023df5   Thumb Code    10  dunder.o(i.__mathlib_dbl_underflow)
    __mathlib_narrow                         0x08023e05   Thumb Code    16  narrow.o(i.__mathlib_narrow)
    __mathlib_tofloat                        0x08023e15   Thumb Code   132  narrow.o(i.__mathlib_tofloat)
    __support_ldexp                          0x08023e9d   Thumb Code    22  ldexp.o(i.__support_ldexp)
    _is_digit                                0x08023eb3   Thumb Code    14  __printf_wp.o(i._is_digit)
    floor                                    0x08023ec1   Thumb Code   204  floor.o(i.floor)
    frexp                                    0x08023f9d   Thumb Code    80  frexp.o(i.frexp)
    ldexp                                    0x08023ff5   Thumb Code   116  ldexp.o(i.ldexp)
    pow                                      0x08024069   Thumb Code  2512  pow.o(i.pow)
    sqrt                                     0x08024a41   Thumb Code    76  sqrt.o(i.sqrt)
    _get_lc_ctype                            0x08024a8d   Thumb Code    44  lc_ctype_c.o(locale$$code)
    _get_lc_numeric                          0x08024ab9   Thumb Code    44  lc_numeric_c.o(locale$$code)
    __aeabi_d2f                              0x08024ae5   Thumb Code     0  d2f.o(x$fpl$d2f)
    _d2f                                     0x08024ae5   Thumb Code    98  d2f.o(x$fpl$d2f)
    __aeabi_dadd                             0x08024b49   Thumb Code     0  daddsub_clz.o(x$fpl$dadd)
    _dadd                                    0x08024b49   Thumb Code   332  daddsub_clz.o(x$fpl$dadd)
    __fpl_dcheck_NaN1                        0x08024c99   Thumb Code    10  dcheck1.o(x$fpl$dcheck1)
    __fpl_dcmp_Inf                           0x08024ca9   Thumb Code    24  dcmpi.o(x$fpl$dcmpinf)
    __aeabi_ddiv                             0x08024cc1   Thumb Code     0  ddiv.o(x$fpl$ddiv)
    _ddiv                                    0x08024cc1   Thumb Code   552  ddiv.o(x$fpl$ddiv)
    __aeabi_cdcmpeq                          0x08024f71   Thumb Code     0  deqf.o(x$fpl$deqf)
    _dcmpeq                                  0x08024f71   Thumb Code   120  deqf.o(x$fpl$deqf)
    __aeabi_d2iz                             0x08024fe9   Thumb Code     0  dfix.o(x$fpl$dfix)
    _dfix                                    0x08024fe9   Thumb Code    94  dfix.o(x$fpl$dfix)
    __aeabi_i2d                              0x08025047   Thumb Code     0  dflt_clz.o(x$fpl$dflt)
    _dflt                                    0x08025047   Thumb Code    46  dflt_clz.o(x$fpl$dflt)
    __aeabi_cdcmple                          0x08025075   Thumb Code     0  dleqf.o(x$fpl$dleqf)
    _dcmple                                  0x08025075   Thumb Code   120  dleqf.o(x$fpl$dleqf)
    __fpl_dcmple_InfNaN                      0x080250d7   Thumb Code     0  dleqf.o(x$fpl$dleqf)
    __aeabi_dmul                             0x080250ed   Thumb Code     0  dmul.o(x$fpl$dmul)
    _dmul                                    0x080250ed   Thumb Code   332  dmul.o(x$fpl$dmul)
    __fpl_dnaninf                            0x08025241   Thumb Code   156  dnaninf.o(x$fpl$dnaninf)
    __fpl_dretinf                            0x080252dd   Thumb Code    12  dretinf.o(x$fpl$dretinf)
    __aeabi_cdrcmple                         0x080252e9   Thumb Code     0  drleqf.o(x$fpl$drleqf)
    _drcmple                                 0x080252e9   Thumb Code   108  drleqf.o(x$fpl$drleqf)
    __aeabi_drsub                            0x08025355   Thumb Code     0  daddsub_clz.o(x$fpl$drsb)
    _drsb                                    0x08025355   Thumb Code    22  daddsub_clz.o(x$fpl$drsb)
    _dsqrt                                   0x0802536d   Thumb Code   456  dsqrt_noumaal.o(x$fpl$dsqrt)
    __aeabi_dsub                             0x08025539   Thumb Code     0  daddsub_clz.o(x$fpl$dsub)
    _dsub                                    0x08025539   Thumb Code   464  daddsub_clz.o(x$fpl$dsub)
    __aeabi_f2d                              0x0802570d   Thumb Code     0  f2d.o(x$fpl$f2d)
    _f2d                                     0x0802570d   Thumb Code    86  f2d.o(x$fpl$f2d)
    __aeabi_f2uiz                            0x08025765   Thumb Code     0  ffixu.o(x$fpl$ffixu)
    _ffixu                                   0x08025765   Thumb Code    62  ffixu.o(x$fpl$ffixu)
    __aeabi_fmul                             0x080257a5   Thumb Code     0  fmul.o(x$fpl$fmul)
    _fmul                                    0x080257a5   Thumb Code   258  fmul.o(x$fpl$fmul)
    __fpl_fnaninf                            0x080258a7   Thumb Code   140  fnaninf.o(x$fpl$fnaninf)
    __fpl_fretinf                            0x08025933   Thumb Code    10  fretinf.o(x$fpl$fretinf)
    _printf_fp_dec                           0x0802593d   Thumb Code     4  printf1.o(x$fpl$printf1)
    __fpl_return_NaN                         0x08025941   Thumb Code   100  retnan.o(x$fpl$retnan)
    __ARM_scalbn                             0x080259a5   Thumb Code    92  scalbn.o(x$fpl$scalbn)
    _scanf_real                              0x08025a01   Thumb Code     4  scanf1.o(x$fpl$scanf1)
    _scanf_hex_real                          0x08025a05   Thumb Code     4  scanf2.o(x$fpl$scanf2)
    _scanf_infnan                            0x08025a09   Thumb Code     4  scanf2.o(x$fpl$scanf2)
    __fpl_cmpreturn                          0x08025a0d   Thumb Code    48  trapv.o(x$fpl$trapveneer)
    DefaultNetDatas                          0x08025a3c   Data          22  main.o(.constdata)
    __I$use$fp                               0x08025a3c   Number         0  usenofp.o(x$fpl$usenofp)
    datatempKey                              0x08025a52   Data           8  main.o(.constdata)
    OSUnMapTbl                               0x08025a5a   Data         256  os_core.o(.constdata)
    FSCI_Code_Tab                            0x08025c43   Data          16  mfrc522.o(.constdata)
    __mathlib_zero                           0x08025df0   Data           8  qnan.o(.constdata)
    Region$$Table$$Base                      0x08026300   Number         0  anon$$obj.o(Region$$Table)
    Region$$Table$$Limit                     0x08026320   Number         0  anon$$obj.o(Region$$Table)
    __aeabi_HUGE_VAL                         0x08026320   Data           0  fpconst.o(c$$dinf)
    __aeabi_HUGE_VALL                        0x08026320   Data           0  fpconst.o(c$$dinf)
    __aeabi_INFINITY                         0x08026320   Data           0  fpconst.o(c$$dinf)
    __dInf                                   0x08026320   Data           0  fpconst.o(c$$dinf)
    __huge_val                               0x08026320   Data           0  fpconst.o(c$$dinf)
    __ctype                                  0x08026335   Data           0  lc_ctype_c.o(locale$$data)
    bitSerial_ReceiveEnd                     0x20000000   Data           1  main.o(.data)
    SerialReceiveLen                         0x20000001   Data           1  main.o(.data)
    bitSerial_SendRequest                    0x20000002   Data           1  main.o(.data)
    SerialReCase                             0x20000003   Data           1  main.o(.data)
    bitEven                                  0x20000004   Data           1  main.o(.data)
    SerialReceiveTimeCount                   0x20000005   Data           1  main.o(.data)
    SerialReCheckSum                         0x20000006   Data           2  main.o(.data)
    SerialReCheckSumCount                    0x20000008   Data           1  main.o(.data)
    rChar                                    0x20000009   Data           1  main.o(.data)
    BeepDelayTimeCount                       0x2000000c   Data           4  main.o(.data)
    MainCode                                 0x20000010   Data           2  main.o(.data)
    posStyle                                 0x20000012   Data           1  main.o(.data)
    ResetW5500Num                            0x20000014   Data           4  main.o(.data)
    keybuff                                  0x20000018   Data           4  main.o(.data)
    bitUpdateParameter                       0x2000001c   Data           1  main.o(.data)
    flag_off_full                            0x2000001d   Data           1  main.o(.data)
    offline_ReIndex                          0x2000001e   Data           2  main.o(.data)
    offline_UpIndex                          0x20000020   Data           2  main.o(.data)
    flag_first_over                          0x20000022   Data           1  main.o(.data)
    Off_TimeCount                            0x20000024   Data           2  main.o(.data)
    flag_reupcode                            0x20000026   Data           1  main.o(.data)
    UPD_TimeCount                            0x20000028   Data           2  main.o(.data)
    NeedSendRecordFlag                       0x2000002a   Data           1  main.o(.data)
    ReCardDatas                              0x2000002b   Data           6  main.o(.data)
    recode_rdnum                             0x20000032   Data           2  main.o(.data)
    Udp_SerialNum                            0x20000034   Data           1  main.o(.data)
    NoNetLimetMoney                          0x20000038   Data           4  main.o(.data)
    Disp0_9String                            0x2000003c   Data          10  main.o(.data)
    KeyValue                                 0x20000048   Data           4  main.o(.data)
    InputBuffer                              0x2000004c   Data           8  main.o(.data)
    Forbidden                                0x20000054   Data           1  main.o(.data)
    ReSerialComd                             0x20000055   Data           1  main.o(.data)
    ReMainCode                               0x20000056   Data           2  main.o(.data)
    CardPID                                  0x20000058   Data           4  main.o(.data)
    CardPrintNum                             0x2000005c   Data           4  main.o(.data)
    ConsumeMode                              0x20000060   Data           1  main.o(.data)
    CurrentConsumeMoney                      0x20000061   Data           4  main.o(.data)
    CurrentConsumMoney                       0x20000068   Data           4  main.o(.data)
    ConsumMode                               0x2000006c   Data           1  main.o(.data)
    Purse_num                                0x2000006d   Data           1  main.o(.data)
    Consum_Status                            0x2000006e   Data           1  main.o(.data)
    bitAddStatus                             0x2000006f   Data           1  main.o(.data)
    BeepTimes                                0x20000070   Data           4  main.o(.data)
    Num_MulValue                             0x20000074   Data           1  main.o(.data)
    MoneyMulValue                            0x20000075   Data           1  main.o(.data)
    InputCount                               0x20000076   Data           1  main.o(.data)
    Falsh_TimeCount                          0x20000078   Data           4  main.o(.data)
    SysTimeDatas                             0x2000007c   Data           6  main.o(.data)
    SysTimeDatasBak                          0x20000082   Data           6  main.o(.data)
    Pos_SysDate                              0x20000088   Data           6  main.o(.data)
    DispModeChar                             0x2000008e   Data           5  main.o(.data)
    PosVerString                             0x20000093   Data           9  main.o(.data)
    LedWattingChar                           0x2000009c   Data           1  main.o(.data)
    TypeA_Sort                               0x2000009d   Data           1  main.o(.data)
    CardType                                 0x2000009e   Data           2  main.o(.data)
    CardSerialNum                            0x200000a0   Data           4  main.o(.data)
    CardSerialNumBak                         0x200000a4   Data           4  main.o(.data)
    CPU_RcLen_Data                           0x200000a8   Data           1  main.o(.data)
    CPU_RcLen                                0x200000ac   Data           4  main.o(.data)
    CardIdentity                             0x200000b0   Data           1  main.o(.data)
    Card_Rebate                              0x200000b1   Data           1  main.o(.data)
    InputCase                                0x200000b2   Data           1  main.o(.data)
    InputNum                                 0x200000b3   Data           1  main.o(.data)
    SingleMoney                              0x200000b4   Data           4  main.o(.data)
    bitInPutPoint                            0x200000b8   Data           1  main.o(.data)
    InputMaxNum                              0x200000b9   Data           1  main.o(.data)
    MulData                                  0x200000ba   Data           2  main.o(.data)
    BatModeFlag                              0x200000bc   Data           1  main.o(.data)
    bitHaveReadBalance                       0x200000bd   Data           1  main.o(.data)
    bitHaveDispBalance                       0x200000be   Data           1  main.o(.data)
    Resend_Num                               0x200000bf   Data           1  main.o(.data)
    ConsumModeEnable                         0x200000c0   Data           1  main.o(.data)
    SumConsumMoney                           0x200000c4   Data           4  main.o(.data)
    SumPrintMoney                            0x200000c8   Data           4  main.o(.data)
    fristLook                                0x200000cc   Data           1  main.o(.data)
    LookOk                                   0x200000cd   Data           1  main.o(.data)
    LookMony                                 0x200000ce   Data           8  main.o(.data)
    bitLookSysDatas                          0x200000d6   Data           1  main.o(.data)
    bitDispFlash                             0x200000d7   Data           1  main.o(.data)
    OutTimeFlag                              0x200000d8   Data           1  main.o(.data)
    Consum_Datas                             0x200000d9   Data           8  main.o(.data)
    HaveQueryConDat                          0x200000e1   Data           1  main.o(.data)
    HeartBeatNum                             0x200000e2   Data           1  main.o(.data)
    NeedDispFlag                             0x200000e3   Data           1  main.o(.data)
    CardPrinterNum                           0x200000e4   Data           6  main.o(.data)
    LimtConsumeData_CPU                      0x200000ea   Data           4  main.o(.data)
    TimerCount                               0x200000ee   Data           2  main.o(.data)
    PsamRcvBufCount                          0x200000f0   Data           1  main.o(.data)
    LimtConsumeBuf                           0x200000f1   Data           4  main.o(.data)
    bitHaveInputDatas                        0x200000f5   Data           1  main.o(.data)
    LimtMoney                                0x200000f8   Data           4  main.o(.data)
    HaveOffRecord                            0x200000fc   Data           1  main.o(.data)
    CanNoNetConsume                          0x200000fd   Data           1  main.o(.data)
    ComsumeDate                              0x200000fe   Data           3  main.o(.data)
    HaveSendDataFlag                         0x20000101   Data           1  main.o(.data)
    CardKeyCode                              0x20000102   Data           6  main.o(.data)
    CalCardKey                               0x20000108   Data           8  main.o(.data)
    CardSector                               0x20000110   Data           1  main.o(.data)
    stationcode                              0x20000114   Data           4  main.o(.data)
    DispHardeErrorString                     0x20000118   Data         112  main.o(.data)
    DispErrorString                          0x20000188   Data         432  main.o(.data)
    SemEthMac                                0x20000338   Data           4  main.o(.data)
    SemEthMacSENDREC                         0x2000033c   Data           4  main.o(.data)
    SemFlashSpi                              0x20000340   Data           4  main.o(.data)
    mutDESCODE                               0x20000344   Data           4  main.o(.data)
    SemHandleETH                             0x20000348   Data           4  main.o(.data)
    isReg                                    0x2000034c   Data           1  main.o(.data)
    snedData                                 0x2000034d   Data          33  main.o(.data)
    isgetdns                                 0x2000036e   Data           1  main.o(.data)
    svraddrip                                0x2000036f   Data           4  main.o(.data)
    svraddrport                              0x20000374   Data           4  main.o(.data)
    isneeddhcp                               0x20000378   Data           1  main.o(.data)
    mstime                                   0x2000037a   Data           2  stm32f10x_it.o(.data)
    SystemCoreClock                          0x20000390   Data           4  system_stm32f10x.o(.data)
    AHBPrescTable                            0x20000394   Data          16  system_stm32f10x.o(.data)
    OSCtxSwCtr                               0x200003a4   Data           4  os_core.o(.data)
    OSEventFreeList                          0x200003a8   Data           4  os_core.o(.data)
    OSFlagFreeList                           0x200003ac   Data           4  os_core.o(.data)
    OSCPUUsage                               0x200003b0   Data           1  os_core.o(.data)
    OSIdleCtrMax                             0x200003b4   Data           4  os_core.o(.data)
    OSIdleCtrRun                             0x200003b8   Data           4  os_core.o(.data)
    OSStatRdy                                0x200003bc   Data           1  os_core.o(.data)
    OSIntNesting                             0x200003bd   Data           1  os_core.o(.data)
    OSLockNesting                            0x200003be   Data           1  os_core.o(.data)
    OSPrioCur                                0x200003bf   Data           1  os_core.o(.data)
    OSPrioHighRdy                            0x200003c0   Data           1  os_core.o(.data)
    OSRdyGrp                                 0x200003c1   Data           1  os_core.o(.data)
    OSRdyTbl                                 0x200003c2   Data           4  os_core.o(.data)
    OSRunning                                0x200003c6   Data           1  os_core.o(.data)
    OSTaskCtr                                0x200003c7   Data           1  os_core.o(.data)
    OSIdleCtr                                0x200003c8   Data           4  os_core.o(.data)
    OSTCBCur                                 0x200003cc   Data           4  os_core.o(.data)
    OSTCBFreeList                            0x200003d0   Data           4  os_core.o(.data)
    OSTCBHighRdy                             0x200003d4   Data           4  os_core.o(.data)
    OSTCBList                                0x200003d8   Data           4  os_core.o(.data)
    OSTickStepState                          0x200003dc   Data           1  os_core.o(.data)
    OSTime                                   0x200003e0   Data           4  os_core.o(.data)
    LoadProgamReDatas                        0x200003e4   Data           6  bsp.o(.data)
    DownLoadPragamSymbl                      0x200003ea   Data           6  bsp.o(.data)
    isneedupdate                             0x200003f0   Data           1  bsp.o(.data)
    Gateway_IP                               0x200003f4   Data           4  w5500.o(.data)
    Sub_Mask                                 0x200003f8   Data           4  w5500.o(.data)
    Phy_Addr                                 0x200003fc   Data           6  w5500.o(.data)
    IP_Addr                                  0x20000402   Data           4  w5500.o(.data)
    S0_Port                                  0x20000406   Data           2  w5500.o(.data)
    S0_DIP                                   0x20000408   Data           4  w5500.o(.data)
    S0_DPort                                 0x2000040c   Data           2  w5500.o(.data)
    S1_Port                                  0x2000040e   Data           2  w5500.o(.data)
    S1_DIP                                   0x20000410   Data           4  w5500.o(.data)
    S1_DPort                                 0x20000414   Data           2  w5500.o(.data)
    S2_Port                                  0x20000416   Data           2  w5500.o(.data)
    S2_DIP                                   0x20000418   Data           4  w5500.o(.data)
    S2_DPort                                 0x2000041c   Data           2  w5500.o(.data)
    UDP_DIPR                                 0x2000041e   Data           4  w5500.o(.data)
    UDP_DPORT                                0x20000422   Data           2  w5500.o(.data)
    UDP1_DPORT                               0x20000424   Data           2  w5500.o(.data)
    S0_Mode                                  0x20000426   Data           1  w5500.o(.data)
    S1_Mode                                  0x20000427   Data           1  w5500.o(.data)
    S2_Mode                                  0x20000428   Data           1  w5500.o(.data)
    S0_State                                 0x20000429   Data           1  w5500.o(.data)
    S1_State                                 0x2000042a   Data           1  w5500.o(.data)
    S2_State                                 0x2000042b   Data           1  w5500.o(.data)
    S0_Data                                  0x2000042c   Data           1  w5500.o(.data)
    S1_Data                                  0x2000042d   Data           1  w5500.o(.data)
    S2_Data                                  0x2000042e   Data           1  w5500.o(.data)
    W5500_Interrupt                          0x2000042f   Data           1  w5500.o(.data)
    S5_DIP                                   0x20000430   Data           4  w5500.o(.data)
    filesvrport                              0x20000434   Data           4  w5500.o(.data)
    isOnKMD                                  0x20000438   Data           1  watchdog.o(.data)
    bitSysTimeDisable                        0x20000439   Data           1  pcf8563.o(.data)
    MInfo_collPos                            0x2000043a   Data           1  mfrc522.o(.data)
    irq_regdata                              0x2000043b   Data           1  mfrc522.o(.data)
    wait_count                               0x2000043c   Data           2  mfrc522.o(.data)
    error_regdata                            0x2000043e   Data           1  mfrc522.o(.data)
    last_bitsdata                            0x2000043f   Data           1  mfrc522.o(.data)
    T_CL_Block_number                        0x20000440   Data           1  mfrc522.o(.data)
    Maximum_Frame_Size                       0x20000441   Data           1  mfrc522.o(.data)
    global_key                               0x20000444   Data           4  time.o(.data)
    T3_TimeCount                             0x20000448   Data           1  time.o(.data)
    Led_Open_time                            0x2000044c   Data           4  time.o(.data)
    DelayReadCardTimeCount                   0x20000450   Data           1  time.o(.data)
    ReadKey_Pause                            0x20000451   Data           1  time.o(.data)
    bitHaveKey                               0x20000452   Data           1  time.o(.data)
    bitHaveReleaseKey                        0x20000453   Data           1  time.o(.data)
    temp                                     0x20000454   Data           4  time.o(.data)
    TIME4_Taketime                           0x20000458   Data           1  time.o(.data)
    TIME4_Retry                              0x20000459   Data           1  time.o(.data)
    Time4_countnum                           0x2000045a   Data           1  time.o(.data)
    Uart_Rec_Len                             0x2000045b   Data           1  usart.o(.data)
    Uart_Snd_Len                             0x2000045c   Data           1  usart.o(.data)
    LenOfEWM                                 0x2000045d   Data           1  usart.o(.data)
    isHaveEWM                                0x2000045e   Data           1  usart.o(.data)
    bitSetDateEnable                         0x2000045f   Data           1  initsetparameterfile.o(.data)
    bitPinEnable                             0x20000460   Data           1  initsetparameterfile.o(.data)
    ConsumStaCodeSymbl                       0x20000461   Data           4  initsetparameterfile.o(.data)
    usesectornum                             0x20000465   Data           1  initsetparameterfile.o(.data)
    InputMenuSort                            0x20000466   Data           1  consumsubfile.o(.data)
    ShuRuMoney_Err                           0x20000467   Data           1  consumsubfile.o(.data)
    bitHaveLedError                          0x20000468   Data           1  consumsubfile.o(.data)
    PinCount                                 0x20000469   Data           1  consumsubfile.o(.data)
    InPutPinCode                             0x2000046a   Data           3  consumsubfile.o(.data)
    ConsumCase                               0x2000046d   Data           1  consumsubfile.o(.data)
    MenuSort                                 0x2000046e   Data           2  consumsubfile.o(.data)
    printconsumeMoney                        0x20000470   Data           4  consumsubfile.o(.data)
    disp_delaycnt                            0x20000474   Data           2  consumsubfile.o(.data)
    disp_delaycntflag                        0x20000476   Data           1  consumsubfile.o(.data)
    refushstatusnetcnt                       0x20000477   Data           1  consumsubfile.o(.data)
    istuoji                                  0x20000478   Data           1  consumsubfile.o(.data)
    Sys_SumConsumMoney                       0x2000047c   Data           4  recordfiles.o(.data)
    RecordSum                                0x20000480   Data           2  recordfiles.o(.data)
    NoCollectRecordSum                       0x20000482   Data           2  recordfiles.o(.data)
    NoCollectRecordIndex                     0x20000484   Data           2  recordfiles.o(.data)
    ReCollectRecordIndex                     0x20000486   Data           2  recordfiles.o(.data)
    SaveRecordIndex                          0x20000488   Data           2  recordfiles.o(.data)
    ReCollectAddrBak                         0x2000048a   Data           2  recordfiles.o(.data)
    ConsumCount                              0x2000048c   Data           2  recordfiles.o(.data)
    SerialSendNoCollectNum                   0x2000048e   Data           1  recordfiles.o(.data)
    SerialSendReCollectNum                   0x2000048f   Data           1  recordfiles.o(.data)
    ReCollectCount                           0x20000490   Data           2  recordfiles.o(.data)
    bitReCollect                             0x20000492   Data           1  recordfiles.o(.data)
    PosConsumCount                           0x20000494   Data           2  recordfiles.o(.data)
    S5_DPort                                 0x20000498   Data           4  task_eth_rec_data.o(.data)
    Domain_IP                                0x2000049c   Data           4  task_eth_rec_data.o(.data)
    dtatlen                                  0x200004a0   Data           4  task_eth_rec_data.o(.data)
    RecCase                                  0x200004a4   Data           4  task_eth_rec_data.o(.data)
    getDataLength                            0x200004a8   Data           4  task_eth_rec_data.o(.data)
    sendTempcnt                              0x200004ac   Data           1  task_eth_rec_data.o(.data)
    wantRecDataCmd                           0x200004b0   Data           4  task_eth_rec_data.o(.data)
    wantRecDataLenght                        0x200004b4   Data           4  task_eth_rec_data.o(.data)
    keyDes                                   0x200004b8   Data           8  task_eth_rec_data.o(.data)
    sendOpenCom                              0x200004c0   Data         102  task_eth_rec_data.o(.data)
    scidcode                                 0x20000526   Data           6  task_eth_rec_data.o(.data)
    isstartupdate                            0x2000052c   Data           1  task_eth_rec_data.o(.data)
    filesvrIP                                0x2000053c   Data           4  downfile.o(.data)
    filesvrPOTY                              0x20000540   Data           4  downfile.o(.data)
    fileindex                                0x20000544   Data           4  downfile.o(.data)
    isRecOK                                  0x20000548   Data           4  downfile.o(.data)
    indexnum                                 0x2000054c   Data           4  downfile.o(.data)
    baoindex                                 0x20000550   Data           4  downfile.o(.data)
    tmpfilelen                               0x20000554   Data           4  downfile.o(.data)
    allfilelen                               0x20000558   Data           4  downfile.o(.data)
    isGetFileLen                             0x2000055c   Data           1  downfile.o(.data)
    allFileWantLen                           0x20000560   Data           4  downfile.o(.data)
    headerbaklen                             0x20000564   Data           4  downfile.o(.data)
    isgetheardok                             0x20000568   Data           4  downfile.o(.data)
    DNS_SOCKET                               0x2000056c   Data           1  dns.o(.data)
    DNS_MSGID                                0x2000056e   Data           2  dns.o(.data)
    DNS_IP                                   0x20000570   Data           4  dhcp.o(.data)
    SRC_MAC_ADDR                             0x20000574   Data           4  dhcp.o(.data)
    GET_SN_MASK                              0x20000578   Data           4  dhcp.o(.data)
    GET_GW_IP                                0x2000057c   Data           4  dhcp.o(.data)
    GET_DNS_IP                               0x20000580   Data           4  dhcp.o(.data)
    GET_SIP                                  0x20000584   Data           4  dhcp.o(.data)
    DHCP_SIP                                 0x20000588   Data           4  dhcp.o(.data)
    DHCP_REAL_SIP                            0x2000058c   Data           4  dhcp.o(.data)
    OLD_SIP                                  0x20000590   Data           4  dhcp.o(.data)
    dhcp_state                               0x20000594   Data           1  dhcp.o(.data)
    dhcp_retry_count                         0x20000595   Data           1  dhcp.o(.data)
    DHCP_timeout                             0x20000596   Data           1  dhcp.o(.data)
    dhcp_lease_time                          0x20000598   Data           4  dhcp.o(.data)
    dhcp_time                                0x2000059c   Data           4  dhcp.o(.data)
    next_dhcp_time                           0x200005a0   Data           4  dhcp.o(.data)
    dhcp_tick_cnt                            0x200005a4   Data           4  dhcp.o(.data)
    DHCP_timer                               0x200005a8   Data           1  dhcp.o(.data)
    DHCP_XID                                 0x200005ac   Data           4  dhcp.o(.data)
    pRIPMSG                                  0x200005b0   Data           4  dhcp.o(.data)
    DispBuffer                               0x200005b8   Data          11  main.o(.bss)
    customerId                               0x200005c3   Data          20  main.o(.bss)
    customerkey                              0x200005d7   Data          50  main.o(.bss)
    posVersion                               0x20000609   Data          50  main.o(.bss)
    SerialUnion                              0x2000063b   Data         150  main.o(.bss)
    NoNetRecord                              0x200006d1   Data          32  main.o(.bss)
    NetCardDatas                             0x200006f1   Data          22  main.o(.bss)
    CPU_CommBuf                              0x20000707   Data          50  main.o(.bss)
    ConsumSndInfo                            0x20000739   Data          60  main.o(.bss)
    PsamRcvBuf                               0x20000775   Data          50  main.o(.bss)
    ThreeRecord                              0x200007a7   Data          24  main.o(.bss)
    svraddrsdfsf                             0x200052e0   Data         100  main.o(.bss)
    OSEventTbl                               0x20005344   Data         320  os_core.o(.bss)
    OSFlagTbl                                0x20005484   Data         140  os_core.o(.bss)
    OSTaskStatStk                            0x20005510   Data         512  os_core.o(.bss)
    OSTaskIdleStk                            0x20005710   Data         512  os_core.o(.bss)
    OSTCBPrioTbl                             0x20005910   Data         128  os_core.o(.bss)
    OSTCBTbl                                 0x20005990   Data        1056  os_core.o(.bss)
    sendver                                  0x20005db0   Data          10  disp_1629dfile.o(.bss)
    Rx_Buffer                                0x20005dba   Data        1024  w5500.o(.bss)
    Tx_Buffer                                0x200061ba   Data        1024  w5500.o(.bss)
    MRcvBuffer                               0x200065c4   Data          80  mfrc522.o(.bss)
    MSndBuffer                               0x20006614   Data          80  mfrc522.o(.bss)
    Uart_Rec_Data                            0x20006664   Data          25  usart.o(.bss)
    Uart_Snd_Data                            0x2000667d   Data          25  usart.o(.bss)
    dataRecFromEWM                           0x20006696   Data         100  usart.o(.bss)
    dataOfRecEWMSJ                           0x200066fa   Data          20  usart.o(.bss)
    filebufferdata                           0x2000690e   Data          50  task_eth_rec_data.o(.bss)
    filebufferdata2                          0x20006940   Data          50  task_eth_rec_data.o(.bss)
    dataupdafdf                              0x20006972   Data         512  task_eth_rec_data.o(.bss)
    tokenBuf                                 0x20006f72   Data          50  task_eth_rec_data.o(.bss)
    getData                                  0x20006fa4   Data        1024  task_eth_rec_data.o(.bss)
    getDatatemp                              0x200073a4   Data        1024  task_eth_rec_data.o(.bss)
    wantRecDataData                          0x200077a4   Data        1000  task_eth_rec_data.o(.bss)
    datacmp                                  0x20007b8c   Data          10  downfile.o(.bss)
    filedataread                             0x20007b96   Data         512  downfile.o(.bss)
    filesendtemp                             0x20007d96   Data          20  downfile.o(.bss)
    recdatasvr                               0x20007daa   Data         100  downfile.o(.bss)
    tmpfiledata                              0x20007e0e   Data         512  downfile.o(.bss)
    resp                                     0x20008010   Data         392  downfile.o(.bss)
    header                                   0x20008198   Data         512  downfile.o(.bss)
    domain                                   0x20008398   Data          64  downfile.o(.bss)
    file_name                                0x200083d8   Data         100  downfile.o(.bss)
    headerbak                                0x2000843c   Data         512  downfile.o(.bss)
    EXTERN_DHCPBUF                           0x2000863c   Data         548  dhcp.o(.bss)
    bufferreadfrom                           0x20008860   Data        1024  dhcp.o(.bss)
    __libspace_start                         0x20008c60   Data          96  libspace.o(.bss)
    __temporary_stack_top$libspace           0x20008cc0   Data           0  libspace.o(.bss)



==============================================================================

Memory Map of the image

  Image Entry point : 0x08010119

  Load Region LR_IROM1 (Base: 0x08010000, Size: 0x00016a0c, Max: 0x00040000, ABSOLUTE, COMPRESSED[0x00016594])

    Execution Region ER_IROM1 (Base: 0x08010000, Size: 0x00016454, Max: 0x00040000, ABSOLUTE)

    Base Addr    Size         Type   Attr      Idx    E Section Name        Object

    0x08010000   0x00000118   Code   RO            3    RESET               stm32f10x_startup.o
    0x08010118   0x00000008   Code   RO         1392  * !!!main             c_w.l(__main.o)
    0x08010120   0x00000034   Code   RO         1822    !!!scatter          c_w.l(__scatter.o)
    0x08010154   0x0000005a   Code   RO         1820    !!dczerorl2         c_w.l(__dczerorl2.o)
    0x080101ae   0x00000002   PAD
    0x080101b0   0x0000001c   Code   RO         1824    !!handler_zi        c_w.l(__scatter_zi.o)
    0x080101cc   0x00000000   Code   RO         1346    .ARM.Collect$$_printf_percent$$00000000  c_w.l(_printf_percent.o)
    0x080101cc   0x00000006   Code   RO         1344    .ARM.Collect$$_printf_percent$$00000003  c_w.l(_printf_f.o)
    0x080101d2   0x00000006   Code   RO         1345    .ARM.Collect$$_printf_percent$$00000004  c_w.l(_printf_e.o)
    0x080101d8   0x00000006   Code   RO         1343    .ARM.Collect$$_printf_percent$$00000009  c_w.l(_printf_d.o)
    0x080101de   0x00000006   Code   RO         1342    .ARM.Collect$$_printf_percent$$0000000C  c_w.l(_printf_x.o)
    0x080101e4   0x00000006   Code   RO         1341    .ARM.Collect$$_printf_percent$$00000014  c_w.l(_printf_s.o)
    0x080101ea   0x00000004   Code   RO         1493    .ARM.Collect$$_printf_percent$$00000017  c_w.l(_printf_percent_end.o)
    0x080101ee   0x00000002   Code   RO         1735    .ARM.Collect$$libinit$$00000000  c_w.l(libinit.o)
    0x080101f0   0x00000000   Code   RO         1509    .ARM.Collect$$libinit$$00000002  c_w.l(libinit2.o)
    0x080101f0   0x00000000   Code   RO         1511    .ARM.Collect$$libinit$$00000004  c_w.l(libinit2.o)
    0x080101f0   0x00000008   Code   RO         1512    .ARM.Collect$$libinit$$00000005  c_w.l(libinit2.o)
    0x080101f8   0x00000000   Code   RO         1514    .ARM.Collect$$libinit$$0000000A  c_w.l(libinit2.o)
    0x080101f8   0x00000000   Code   RO         1516    .ARM.Collect$$libinit$$0000000C  c_w.l(libinit2.o)
    0x080101f8   0x00000000   Code   RO         1518    .ARM.Collect$$libinit$$0000000E  c_w.l(libinit2.o)
    0x080101f8   0x00000006   Code   RO         1519    .ARM.Collect$$libinit$$0000000F  c_w.l(libinit2.o)
    0x080101fe   0x00000000   Code   RO         1521    .ARM.Collect$$libinit$$00000011  c_w.l(libinit2.o)
    0x080101fe   0x0000000c   Code   RO         1522    .ARM.Collect$$libinit$$00000012  c_w.l(libinit2.o)
    0x0801020a   0x00000000   Code   RO         1523    .ARM.Collect$$libinit$$00000013  c_w.l(libinit2.o)
    0x0801020a   0x00000000   Code   RO         1525    .ARM.Collect$$libinit$$00000015  c_w.l(libinit2.o)
    0x0801020a   0x0000000a   Code   RO         1526    .ARM.Collect$$libinit$$00000016  c_w.l(libinit2.o)
    0x08010214   0x00000000   Code   RO         1527    .ARM.Collect$$libinit$$00000017  c_w.l(libinit2.o)
    0x08010214   0x00000000   Code   RO         1529    .ARM.Collect$$libinit$$00000019  c_w.l(libinit2.o)
    0x08010214   0x00000000   Code   RO         1531    .ARM.Collect$$libinit$$0000001B  c_w.l(libinit2.o)
    0x08010214   0x00000000   Code   RO         1533    .ARM.Collect$$libinit$$0000001D  c_w.l(libinit2.o)
    0x08010214   0x00000000   Code   RO         1535    .ARM.Collect$$libinit$$0000001F  c_w.l(libinit2.o)
    0x08010214   0x00000000   Code   RO         1537    .ARM.Collect$$libinit$$00000021  c_w.l(libinit2.o)
    0x08010214   0x00000000   Code   RO         1539    .ARM.Collect$$libinit$$00000023  c_w.l(libinit2.o)
    0x08010214   0x00000000   Code   RO         1541    .ARM.Collect$$libinit$$00000025  c_w.l(libinit2.o)
    0x08010214   0x00000000   Code   RO         1545    .ARM.Collect$$libinit$$0000002C  c_w.l(libinit2.o)
    0x08010214   0x00000000   Code   RO         1547    .ARM.Collect$$libinit$$0000002E  c_w.l(libinit2.o)
    0x08010214   0x00000000   Code   RO         1549    .ARM.Collect$$libinit$$00000030  c_w.l(libinit2.o)
    0x08010214   0x00000000   Code   RO         1551    .ARM.Collect$$libinit$$00000032  c_w.l(libinit2.o)
    0x08010214   0x00000002   Code   RO         1552    .ARM.Collect$$libinit$$00000033  c_w.l(libinit2.o)
    0x08010216   0x00000002   Code   RO         1817    .ARM.Collect$$libshutdown$$00000000  c_w.l(libshutdown.o)
    0x08010218   0x00000000   Code   RO         1759    .ARM.Collect$$libshutdown$$00000002  c_w.l(libshutdown2.o)
    0x08010218   0x00000000   Code   RO         1761    .ARM.Collect$$libshutdown$$00000004  c_w.l(libshutdown2.o)
    0x08010218   0x00000000   Code   RO         1764    .ARM.Collect$$libshutdown$$00000007  c_w.l(libshutdown2.o)
    0x08010218   0x00000000   Code   RO         1767    .ARM.Collect$$libshutdown$$0000000A  c_w.l(libshutdown2.o)
    0x08010218   0x00000000   Code   RO         1769    .ARM.Collect$$libshutdown$$0000000C  c_w.l(libshutdown2.o)
    0x08010218   0x00000000   Code   RO         1772    .ARM.Collect$$libshutdown$$0000000F  c_w.l(libshutdown2.o)
    0x08010218   0x00000002   Code   RO         1773    .ARM.Collect$$libshutdown$$00000010  c_w.l(libshutdown2.o)
    0x0801021a   0x00000000   Code   RO         1446    .ARM.Collect$$rtentry$$00000000  c_w.l(__rtentry.o)
    0x0801021a   0x00000000   Code   RO         1603    .ARM.Collect$$rtentry$$00000002  c_w.l(__rtentry2.o)
    0x0801021a   0x00000006   Code   RO         1615    .ARM.Collect$$rtentry$$00000004  c_w.l(__rtentry4.o)
    0x08010220   0x00000000   Code   RO         1605    .ARM.Collect$$rtentry$$00000009  c_w.l(__rtentry2.o)
    0x08010220   0x00000004   Code   RO         1606    .ARM.Collect$$rtentry$$0000000A  c_w.l(__rtentry2.o)
    0x08010224   0x00000000   Code   RO         1608    .ARM.Collect$$rtentry$$0000000C  c_w.l(__rtentry2.o)
    0x08010224   0x00000008   Code   RO         1609    .ARM.Collect$$rtentry$$0000000D  c_w.l(__rtentry2.o)
    0x0801022c   0x00000002   Code   RO         1746    .ARM.Collect$$rtexit$$00000000  c_w.l(rtexit.o)
    0x0801022e   0x00000000   Code   RO         1791    .ARM.Collect$$rtexit$$00000002  c_w.l(rtexit2.o)
    0x0801022e   0x00000004   Code   RO         1792    .ARM.Collect$$rtexit$$00000003  c_w.l(rtexit2.o)
    0x08010232   0x00000006   Code   RO         1793    .ARM.Collect$$rtexit$$00000004  c_w.l(rtexit2.o)
    0x08010238   0x00000000   Code   RO         1624    .emb_text           c_w.l(maybetermalloc1.o)
    0x08010238   0x0000001c   Code   RO            4    .text               stm32f10x_startup.o
    0x08010254   0x00000398   Code   RO           11    .text               main.o
    0x080105ec   0x000000dc   Code   RO          172    .text               stm32f10x_it.o
    0x080106c8   0x0000035c   Code   RO          194    .text               stm32f10x_gpio.o
    0x08010a24   0x000003a4   Code   RO          206    .text               stm32f10x_rcc.o
    0x08010dc8   0x00000e1a   Code   RO          235    .text               stm32f10x_tim.o
    0x08011be2   0x00000002   PAD
    0x08011be4   0x000000dc   Code   RO          250    .text               misc.o
    0x08011cc0   0x00000408   Code   RO          265    .text               stm32f10x_usart.o
    0x080120c8   0x0000011c   Code   RO          277    .text               stm32f10x_exti.o
    0x080121e4   0x000005bc   Code   RO          292    .text               stm32f10x_flash.o
    0x080127a0   0x0000030c   Code   RO          322    .text               stm32f10x_spi.o
    0x08012aac   0x000001e0   Code   RO          347    .text               system_stm32f10x.o
    0x08012c8c   0x000000a8   Code   RO          372    .text               os_cpu_a.o
    0x08012d34   0x000000dc   Code   RO          375    .text               os_cpu_c.o
    0x08012e10   0x00000016   Code   RO          407    .text               cpu_a.o
    0x08012e26   0x00000002   PAD
    0x08012e28   0x000009f0   Code   RO          420    .text               os_core.o
    0x08013818   0x00000838   Code   RO          440    .text               os_flag.o
    0x08014050   0x00000610   Code   RO          470    .text               os_mutex.o
    0x08014660   0x000003b4   Code   RO          488    .text               os_sem.o
    0x08014a14   0x00000784   Code   RO          500    .text               os_task.o
    0x08015198   0x000001bc   Code   RO          512    .text               os_time.o
    0x08015354   0x0000032c   Code   RO          524    .text               bsp.o
    0x08015680   0x0000015c   Code   RO          576    .text               at24c64.o
    0x080157dc   0x00000026   Code   RO          591    .text               delay.o
    0x08015802   0x00000002   PAD
    0x08015804   0x00001200   Code   RO          606    .text               disp_1629dfile.o
    0x08016a04   0x000001c0   Code   RO          633    .text               scankeyfiles.o
    0x08016bc4   0x00000e24   Code   RO          656    .text               w5500.o
    0x080179e8   0x00000030   Code   RO          682    .text               watchdog.o
    0x08017a18   0x000002e0   Code   RO          704    .text               pcf8563.o
    0x08017cf8   0x000009f0   Code   RO          722    .text               mfrc522.o
    0x080186e8   0x00000124   Code   RO          743    .text               monispi.o
    0x0801880c   0x00000236   Code   RO          758    .text               at24c256.o
    0x08018a42   0x00000002   PAD
    0x08018a44   0x0000026c   Code   RO          773    .text               spi_flash.o
    0x08018cb0   0x000000cc   Code   RO          796    .text               485.o
    0x08018d7c   0x000001a8   Code   RO          832    .text               gpio.o
    0x08018f24   0x0000006a   Code   RO          844    .text               nvic.o
    0x08018f8e   0x00000002   PAD
    0x08018f90   0x00000414   Code   RO          856    .text               time.o
    0x080193a4   0x00000700   Code   RO          884    .text               usart.o
    0x08019aa4   0x00000134   Code   RO          903    .text               hw_config.o
    0x08019bd8   0x00000220   Code   RO          918    .text               iic.o
    0x08019df8   0x00000348   Code   RO          933    .text               dk_spi.o
    0x0801a140   0x00000430   Code   RO          948    .text               calucationfile.o
    0x0801a570   0x00000c4c   Code   RO          966    .text               initsetparameterfile.o
    0x0801b1bc   0x00000270   Code   RO          983    .text               setw5500net.o
    0x0801b42c   0x00002168   Code   RO         1005    .text               consumsubfile.o
    0x0801d594   0x000001c0   Code   RO         1025    .text               psam_files.o
    0x0801d754   0x00000e1c   Code   RO         1037    .text               recordfiles.o
    0x0801e570   0x00000b3c   Code   RO         1056    .text               task_eth_rec_data.o
    0x0801f0ac   0x0000007c   Code   RO         1084    .text               readwritecardtask.o
    0x0801f128   0x000014e0   Code   RO         1096    .text               cjson.o
    0x08020608   0x0000078c   Code   RO         1131    .text               downfile.o
    0x08020d94   0x00000020   Code   RO         1157    .text               uploadrecord.o
    0x08020db4   0x00000404   Code   RO         1170    .text               dns.o
    0x080211b8   0x0000005e   Code   RO         1224    .text               c_w.l(h1_alloc.o)
    0x08021216   0x0000004e   Code   RO         1226    .text               c_w.l(h1_free.o)
    0x08021264   0x0000001a   Code   RO         1282    .text               c_w.l(tolower.o)
    0x0802127e   0x00000002   PAD
    0x08021280   0x0000002c   Code   RO         1284    .text               c_w.l(__2sprintf.o)
    0x080212ac   0x00000038   Code   RO         1286    .text               c_w.l(__2snprintf.o)
    0x080212e4   0x0000004e   Code   RO         1294    .text               c_w.l(_printf_pad.o)
    0x08021332   0x00000052   Code   RO         1296    .text               c_w.l(_printf_str.o)
    0x08021384   0x00000078   Code   RO         1298    .text               c_w.l(_printf_dec.o)
    0x080213fc   0x00000058   Code   RO         1303    .text               c_w.l(_printf_hex_int.o)
    0x08021454   0x00000188   Code   RO         1338    .text               c_w.l(__printf_flags_ss_wp.o)
    0x080215dc   0x0000003c   Code   RO         1347    .text               c_w.l(__0sscanf.o)
    0x08021618   0x0000014c   Code   RO         1349    .text               c_w.l(_scanf_int.o)
    0x08021764   0x000000e0   Code   RO         1351    .text               c_w.l(_scanf_str.o)
    0x08021844   0x0000001a   Code   RO         1353    .text               c_w.l(atoi.o)
    0x0802185e   0x00000070   Code   RO         1355    .text               c_w.l(strtol.o)
    0x080218ce   0x00000002   PAD
    0x080218d0   0x0000000c   Code   RO         1357    .text               c_w.l(strtok.o)
    0x080218dc   0x00000014   Code   RO         1360    .text               c_w.l(strchr.o)
    0x080218f0   0x00000024   Code   RO         1362    .text               c_w.l(strncat.o)
    0x08021914   0x00000024   Code   RO         1364    .text               c_w.l(strstr.o)
    0x08021938   0x00000058   Code   RO         1366    .text               c_w.l(memcmp.o)
    0x08021990   0x00000048   Code   RO         1368    .text               c_w.l(strcpy.o)
    0x080219d8   0x0000003e   Code   RO         1370    .text               c_w.l(strlen.o)
    0x08021a16   0x00000096   Code   RO         1372    .text               c_w.l(strncmp.o)
    0x08021aac   0x00000018   Code   RO         1374    .text               c_w.l(strcat.o)
    0x08021ac4   0x0000008a   Code   RO         1376    .text               c_w.l(rt_memcpy_v6.o)
    0x08021b4e   0x00000064   Code   RO         1378    .text               c_w.l(rt_memcpy_w.o)
    0x08021bb2   0x00000010   Code   RO         1380    .text               c_w.l(aeabi_memset.o)
    0x08021bc2   0x00000044   Code   RO         1382    .text               c_w.l(rt_memclr.o)
    0x08021c06   0x0000004e   Code   RO         1384    .text               c_w.l(rt_memclr_w.o)
    0x08021c54   0x00000056   Code   RO         1386    .text               c_w.l(strncpy.o)
    0x08021caa   0x00000002   PAD
    0x08021cac   0x00000080   Code   RO         1388    .text               c_w.l(strcmpv7m.o)
    0x08021d2c   0x00000006   Code   RO         1390    .text               c_w.l(heapauxi.o)
    0x08021d32   0x00000002   PAD
    0x08021d34   0x00000010   Code   RO         1447    .text               c_w.l(rt_ctype_table.o)
    0x08021d44   0x00000008   Code   RO         1452    .text               c_w.l(rt_heap_descriptor_intlibspace.o)
    0x08021d4c   0x00000008   Code   RO         1457    .text               c_w.l(rt_errno_addr_intlibspace.o)
    0x08021d54   0x00000004   Code   RO         1459    .text               c_w.l(hguard.o)
    0x08021d58   0x0000008a   Code   RO         1461    .text               c_w.l(init_alloc.o)
    0x08021de2   0x0000000e   Code   RO         1465    .text               c_w.l(h1_init.o)
    0x08021df0   0x00000016   Code   RO         1479    .text               c_w.l(_rserrno.o)
    0x08021e06   0x000000b2   Code   RO         1481    .text               c_w.l(_printf_intcommon.o)
    0x08021eb8   0x0000041a   Code   RO         1483    .text               c_w.l(_printf_fp_dec.o)
    0x080222d2   0x00000002   PAD
    0x080222d4   0x00000030   Code   RO         1485    .text               c_w.l(_printf_char_common.o)
    0x08022304   0x0000000a   Code   RO         1487    .text               c_w.l(_sputc.o)
    0x0802230e   0x00000010   Code   RO         1489    .text               c_w.l(_snputc.o)
    0x0802231e   0x0000002c   Code   RO         1491    .text               c_w.l(_printf_char.o)
    0x0802234a   0x0000001c   Code   RO         1494    .text               c_w.l(_chval.o)
    0x08022366   0x00000002   PAD
    0x08022368   0x000004a4   Code   RO         1496    .text               c_w.l(scanf_fp.o)
    0x0802280c   0x0000002c   Code   RO         1498    .text               c_w.l(scanf_char.o)
    0x08022838   0x00000040   Code   RO         1500    .text               c_w.l(_sgetc.o)
    0x08022878   0x0000009e   Code   RO         1502    .text               c_w.l(_strtoul.o)
    0x08022916   0x00000002   PAD
    0x08022918   0x00000044   Code   RO         1504    .text               c_w.l(strtok_int.o)
    0x0802295c   0x00000008   Code   RO         1599    .text               c_w.l(libspace.o)
    0x08022964   0x00000008   Code   RO         1620    .text               c_w.l(rt_locale_intlibspace.o)
    0x0802296c   0x00000034   Code   RO         1626    .text               c_w.l(h1_extend.o)
    0x080229a0   0x0000008a   Code   RO         1630    .text               c_w.l(lludiv10.o)
    0x08022a2a   0x00000012   Code   RO         1632    .text               c_w.l(isspace.o)
    0x08022a3c   0x00000080   Code   RO         1634    .text               c_w.l(_printf_fp_infnan.o)
    0x08022abc   0x00000374   Code   RO         1638    .text               c_w.l(_scanf.o)
    0x08022e30   0x000000dc   Code   RO         1640    .text               c_w.l(bigflt0.o)
    0x08022f0c   0x0000000e   Code   RO         1671    .text               c_w.l(defsig_rtmem_outer.o)
    0x08022f1a   0x00000020   Code   RO         1675    .text               c_w.l(strcspn.o)
    0x08022f3a   0x0000001c   Code   RO         1677    .text               c_w.l(strspn.o)
    0x08022f56   0x00000002   Code   RO         1707    .text               c_w.l(use_no_semi.o)
    0x08022f58   0x00000000   Code   RO         1709    .text               c_w.l(indicate_semi.o)
    0x08022f58   0x0000004a   Code   RO         1710    .text               c_w.l(sys_stackheap_outer.o)
    0x08022fa2   0x00000002   PAD
    0x08022fa4   0x00000320   Code   RO         1716    .text               c_w.l(scanf_hexfp.o)
    0x080232c4   0x00000134   Code   RO         1718    .text               c_w.l(scanf_infnan.o)
    0x080233f8   0x00000012   Code   RO         1720    .text               c_w.l(exit.o)
    0x0802340a   0x0000000a   Code   RO         1722    .text               c_w.l(defsig_exit.o)
    0x08023414   0x00000050   Code   RO         1724    .text               c_w.l(defsig_rtmem_inner.o)
    0x08023464   0x0000000c   Code   RO         1744    .text               c_w.l(sys_exit.o)
    0x08023470   0x00000026   Code   RO         1752    .text               c_w.l(llshl.o)
    0x08023496   0x00000032   Code   RO         1756    .text               c_w.l(defsig_general.o)
    0x080234c8   0x0000000e   Code   RO         1788    .text               c_w.l(sys_wrch.o)
    0x080234d6   0x0000003e   Code   RO         1643    CL$$btod_d2e        c_w.l(btod.o)
    0x08023514   0x00000046   Code   RO         1645    CL$$btod_d2e_denorm_low  c_w.l(btod.o)
    0x0802355a   0x00000060   Code   RO         1644    CL$$btod_d2e_norm_op1  c_w.l(btod.o)
    0x080235ba   0x00000338   Code   RO         1653    CL$$btod_div_common  c_w.l(btod.o)
    0x080238f2   0x00000002   PAD
    0x080238f4   0x00000054   Code   RO         1651    CL$$btod_e2d        c_w.l(btod.o)
    0x08023948   0x000000c6   Code   RO         1650    CL$$btod_e2e        c_w.l(btod.o)
    0x08023a0e   0x00000028   Code   RO         1647    CL$$btod_ediv       c_w.l(btod.o)
    0x08023a36   0x00000028   Code   RO         1649    CL$$btod_edivd      c_w.l(btod.o)
    0x08023a5e   0x00000028   Code   RO         1646    CL$$btod_emul       c_w.l(btod.o)
    0x08023a86   0x00000028   Code   RO         1648    CL$$btod_emuld      c_w.l(btod.o)
    0x08023aae   0x00000244   Code   RO         1652    CL$$btod_mult_common  c_w.l(btod.o)
    0x08023cf2   0x00000028   Code   RO         1584    i.__ARM_fpclassify  m_ws.l(fpclassify.o)
    0x08023d1a   0x000000aa   Code   RO         1586    i.__kernel_poly     m_ws.l(poly.o)
    0x08023dc4   0x00000010   Code   RO         1570    i.__mathlib_dbl_divzero  m_ws.l(dunder.o)
    0x08023dd4   0x00000004   Code   RO         1572    i.__mathlib_dbl_infnan2  m_ws.l(dunder.o)
    0x08023dd8   0x0000000c   Code   RO         1573    i.__mathlib_dbl_invalid  m_ws.l(dunder.o)
    0x08023de4   0x0000000e   Code   RO         1574    i.__mathlib_dbl_overflow  m_ws.l(dunder.o)
    0x08023df2   0x00000002   PAD
    0x08023df4   0x00000010   Code   RO         1576    i.__mathlib_dbl_underflow  m_ws.l(dunder.o)
    0x08023e04   0x00000010   Code   RO         1701    i.__mathlib_narrow  m_ws.l(narrow.o)
    0x08023e14   0x00000088   Code   RO         1702    i.__mathlib_tofloat  m_ws.l(narrow.o)
    0x08023e9c   0x00000016   Code   RO         1777    i.__support_ldexp   m_ws.l(ldexp.o)
    0x08023eb2   0x0000000e   Code   RO         1331    i._is_digit         c_w.l(__printf_wp.o)
    0x08023ec0   0x000000dc   Code   RO         1431    i.floor             m_ws.l(floor.o)
    0x08023f9c   0x00000058   Code   RO         1741    i.frexp             m_ws.l(frexp.o)
    0x08023ff4   0x00000074   Code   RO         1778    i.ldexp             m_ws.l(ldexp.o)
    0x08024068   0x000009d8   Code   RO         1435    i.pow               m_ws.l(pow.o)
    0x08024a40   0x0000004c   Code   RO         1590    i.sqrt              m_ws.l(sqrt.o)
    0x08024a8c   0x0000002c   Code   RO         1666    locale$$code        c_w.l(lc_ctype_c.o)
    0x08024ab8   0x0000002c   Code   RO         1669    locale$$code        c_w.l(lc_numeric_c.o)
    0x08024ae4   0x00000062   Code   RO         1394    x$fpl$d2f           fz_ws.l(d2f.o)
    0x08024b46   0x00000002   PAD
    0x08024b48   0x00000150   Code   RO         1396    x$fpl$dadd          fz_ws.l(daddsub_clz.o)
    0x08024c98   0x00000010   Code   RO         1684    x$fpl$dcheck1       fz_ws.l(dcheck1.o)
    0x08024ca8   0x00000018   Code   RO         1553    x$fpl$dcmpinf       fz_ws.l(dcmpi.o)
    0x08024cc0   0x000002b0   Code   RO         1556    x$fpl$ddiv          fz_ws.l(ddiv.o)
    0x08024f70   0x00000078   Code   RO         1736    x$fpl$deqf          fz_ws.l(deqf.o)
    0x08024fe8   0x0000005e   Code   RO         1402    x$fpl$dfix          fz_ws.l(dfix.o)
    0x08025046   0x0000002e   Code   RO         1407    x$fpl$dflt          fz_ws.l(dflt_clz.o)
    0x08025074   0x00000078   Code   RO         1412    x$fpl$dleqf         fz_ws.l(dleqf.o)
    0x080250ec   0x00000154   Code   RO         1414    x$fpl$dmul          fz_ws.l(dmul.o)
    0x08025240   0x0000009c   Code   RO         1559    x$fpl$dnaninf       fz_ws.l(dnaninf.o)
    0x080252dc   0x0000000c   Code   RO         1561    x$fpl$dretinf       fz_ws.l(dretinf.o)
    0x080252e8   0x0000006c   Code   RO         1416    x$fpl$drleqf        fz_ws.l(drleqf.o)
    0x08025354   0x00000016   Code   RO         1397    x$fpl$drsb          fz_ws.l(daddsub_clz.o)
    0x0802536a   0x00000002   PAD
    0x0802536c   0x000001cc   Code   RO         1686    x$fpl$dsqrt         fz_ws.l(dsqrt_noumaal.o)
    0x08025538   0x000001d4   Code   RO         1398    x$fpl$dsub          fz_ws.l(daddsub_clz.o)
    0x0802570c   0x00000056   Code   RO         1418    x$fpl$f2d           fz_ws.l(f2d.o)
    0x08025762   0x00000002   PAD
    0x08025764   0x0000003e   Code   RO         1420    x$fpl$ffixu         fz_ws.l(ffixu.o)
    0x080257a2   0x00000002   PAD
    0x080257a4   0x00000102   Code   RO         1424    x$fpl$fmul          fz_ws.l(fmul.o)
    0x080258a6   0x0000008c   Code   RO         1563    x$fpl$fnaninf       fz_ws.l(fnaninf.o)
    0x08025932   0x0000000a   Code   RO         1565    x$fpl$fretinf       fz_ws.l(fretinf.o)
    0x0802593c   0x00000004   Code   RO         1426    x$fpl$printf1       fz_ws.l(printf1.o)
    0x08025940   0x00000064   Code   RO         1738    x$fpl$retnan        fz_ws.l(retnan.o)
    0x080259a4   0x0000005c   Code   RO         1567    x$fpl$scalbn        fz_ws.l(scalbn.o)
    0x08025a00   0x00000004   Code   RO         1428    x$fpl$scanf1        fz_ws.l(scanf1.o)
    0x08025a04   0x00000008   Code   RO         1695    x$fpl$scanf2        fz_ws.l(scanf2.o)
    0x08025a0c   0x00000030   Code   RO         1774    x$fpl$trapveneer    fz_ws.l(trapv.o)
    0x08025a3c   0x00000000   Code   RO         1569    x$fpl$usenofp       fz_ws.l(usenofp.o)
    0x08025a3c   0x0000001e   Data   RO           13    .constdata          main.o
    0x08025a5a   0x00000100   Data   RO          422    .constdata          os_core.o
    0x08025b5a   0x00000002   PAD
    0x08025b5c   0x000000e7   Data   RO          608    .constdata          disp_1629dfile.o
    0x08025c43   0x00000010   Data   RO          724    .constdata          mfrc522.o
    0x08025c53   0x00000001   PAD
    0x08025c54   0x000000c5   Data   RO         1006    .constdata          consumsubfile.o
    0x08025d19   0x00000007   Data   RO         1097    .constdata          cjson.o
    0x08025d20   0x0000000c   Data   RO         1133    .constdata          downfile.o
    0x08025d2c   0x00000028   Data   RO         1304    .constdata          c_w.l(_printf_hex_int.o)
    0x08025d54   0x00000011   Data   RO         1339    .constdata          c_w.l(__printf_flags_ss_wp.o)
    0x08025d65   0x00000003   PAD
    0x08025d68   0x00000088   Data   RO         1436    .constdata          m_ws.l(pow.o)
    0x08025df0   0x00000008   Data   RO         1588    .constdata          m_ws.l(qnan.o)
    0x08025df8   0x00000094   Data   RO         1641    .constdata          c_w.l(bigflt0.o)
    0x08025e8c   0x00000249   Data   RO         1058    .conststring        task_eth_rec_data.o
    0x080260d5   0x00000003   PAD
    0x080260d8   0x00000225   Data   RO         1134    .conststring        downfile.o
    0x080262fd   0x00000003   PAD
    0x08026300   0x00000020   Data   RO         1818    Region$$Table       anon$$obj.o
    0x08026320   0x00000008   Data   RO         1688    c$$dinf             fz_ws.l(fpconst.o)
    0x08026328   0x00000110   Data   RO         1665    locale$$data        c_w.l(lc_ctype_c.o)
    0x08026438   0x0000001c   Data   RO         1668    locale$$data        c_w.l(lc_numeric_c.o)


    Execution Region RW_IRAM1 (Base: 0x20000000, Size: 0x0000a8c0, Max: 0x0000c000, ABSOLUTE, COMPRESSED[0x00000140])

    Base Addr    Size         Type   Attr      Idx    E Section Name        Object

    0x20000000   0x00000379   Data   RW           14    .data               main.o
    0x20000379   0x00000001   PAD
    0x2000037a   0x00000002   Data   RW          173    .data               stm32f10x_it.o
    0x2000037c   0x00000014   Data   RW          207    .data               stm32f10x_rcc.o
    0x20000390   0x00000014   Data   RW          348    .data               system_stm32f10x.o
    0x200003a4   0x00000040   Data   RW          423    .data               os_core.o
    0x200003e4   0x0000000d   Data   RW          525    .data               bsp.o
    0x200003f1   0x00000003   PAD
    0x200003f4   0x00000044   Data   RW          658    .data               w5500.o
    0x20000438   0x00000001   Data   RW          683    .data               watchdog.o
    0x20000439   0x00000001   Data   RW          705    .data               pcf8563.o
    0x2000043a   0x00000008   Data   RW          725    .data               mfrc522.o
    0x20000442   0x00000002   PAD
    0x20000444   0x00000017   Data   RW          857    .data               time.o
    0x2000045b   0x00000004   Data   RW          886    .data               usart.o
    0x2000045f   0x00000007   Data   RW          968    .data               initsetparameterfile.o
    0x20000466   0x00000014   Data   RW         1007    .data               consumsubfile.o
    0x2000047a   0x00000002   PAD
    0x2000047c   0x0000001a   Data   RW         1038    .data               recordfiles.o
    0x20000496   0x00000002   PAD
    0x20000498   0x00000095   Data   RW         1059    .data               task_eth_rec_data.o
    0x2000052d   0x00000003   PAD
    0x20000530   0x0000000c   Data   RW         1098    .data               cjson.o
    0x2000053c   0x00000030   Data   RW         1135    .data               downfile.o
    0x2000056c   0x00000004   Data   RW         1171    .data               dns.o
    0x20000570   0x00000044   Data   RW         1187    .data               dhcp.o
    0x200005b4   0x00000004   Data   RW         1358    .data               c_w.l(strtok.o)
    0x200005b8   0x00004d8c   Zero   RW           12    .bss                main.o
    0x20005344   0x00000a6c   Zero   RW          421    .bss                os_core.o
    0x20005db0   0x0000000a   Zero   RW          607    .bss                disp_1629dfile.o
    0x20005dba   0x00000800   Zero   RW          657    .bss                w5500.o
    0x200065ba   0x000000aa   Zero   RW          723    .bss                mfrc522.o
    0x20006664   0x000000aa   Zero   RW          885    .bss                usart.o
    0x2000670e   0x00000200   Zero   RW          967    .bss                initsetparameterfile.o
    0x2000690e   0x0000127e   Zero   RW         1057    .bss                task_eth_rec_data.o
    0x20007b8c   0x00000ab0   Zero   RW         1132    .bss                downfile.o
    0x2000863c   0x00000624   Zero   RW         1186    .bss                dhcp.o
    0x20008c60   0x00000060   Zero   RW         1600    .bss                c_w.l(libspace.o)
    0x20008cc0   0x00001800   Zero   RW            2    HEAP                stm32f10x_startup.o
    0x2000a4c0   0x00000400   Zero   RW            1    STACK               stm32f10x_startup.o


==============================================================================

Image component sizes


      Code (inc. data)   RO Data    RW Data    ZI Data      Debug   Object Name

       204         10          0          0          0       1326   485.o
       566          0          0          0          0       3348   at24c256.o
       348          0          0          0          0       2011   at24c64.o
       812         42          0         13          0      18085   bsp.o
      1072         10          0          0          0       6630   calucationfile.o
      5344        174          7         12          0      20716   cjson.o
      8552        780        197         20          0      10598   consumsubfile.o
        22          0          0          0          0        236   cpu_a.o
        38          0          0          0          0        629   delay.o
         0          0          0         68       1572       1687   dhcp.o
      4608        322        231          0         10      12317   disp_1629dfile.o
       840         12          0          0          0       2138   dk_spi.o
      1028         24          0          4          0       4945   dns.o
      1932        294        561         48       2736      20515   downfile.o
       424         46          0          0          0       2005   gpio.o
       308         20          0          0          0       2273   hw_config.o
       544         10          0          0          0       2236   iic.o
      3148        238          0          7        512       7517   initsetparameterfile.o
       920        140         30        889      19852     259718   main.o
      2544        100         16          8        170      12000   mfrc522.o
       220         22          0          0          0       3321   misc.o
       292         20          0          0          0       1249   monispi.o
       106          6          0          0          0        895   nvic.o
      2544        244        256         64       2668      17158   os_core.o
       168         40          0          0          0        292   os_cpu_a.o
       220          0          0          0          0      11634   os_cpu_c.o
      2104         38          0          0          0       7108   os_flag.o
      1552         42          0          0          0       4598   os_mutex.o
       948         18          0          0          0       4082   os_sem.o
      1924         66          0          0          0       6917   os_task.o
       444         24          0          0          0       1870   os_time.o
         0          0          0          0          0       8717   os_tmr.o
       736         30          0          1          0       3536   pcf8563.o
       448         20          0          0          0       2676   psam_files.o
       124         18          0          0          0        626   readwritecardtask.o
      3612        224          0         26          0       8055   recordfiles.o
       448         16          0          0          0       1219   scankeyfiles.o
       624        100          0          0          0       1557   setw5500net.o
       620         10          0          0          0       4183   spi_flash.o
       284         10          0          0          0       4271   stm32f10x_exti.o
      1468         34          0          0          0      14390   stm32f10x_flash.o
       860         38          0          0          0       5621   stm32f10x_gpio.o
       220         14          0          2          0       7134   stm32f10x_it.o
       932         36          0         20          0       8764   stm32f10x_rcc.o
       780         14          0          0          0      13370   stm32f10x_spi.o
       308        280          0          0       7168        492   stm32f10x_startup.o
      3610         88          0          0          0      43032   stm32f10x_tim.o
      1032         22          0          0          0       8344   stm32f10x_usart.o
       480         40          0         20          0       1683   system_stm32f10x.o
      2876        346        585        149       4734       7584   task_eth_rec_data.o
      1044         88          0         23          0       3064   time.o
        32          6          0          0          0        471   uploadrecord.o
      1792         88          0          4        170       6007   usart.o
      3620        130          0         68       2048      16477   w5500.o
        48         12          0          1          0        812   watchdog.o

    ----------------------------------------------------------------------
     69784       4406       1924       1460      41640     622139   Object Totals
         0          0         32          0          0          0   (incl. Generated)
        10          0          9         13          0          0   (incl. Padding)

    ----------------------------------------------------------------------

      Code (inc. data)   RO Data    RW Data    ZI Data      Debug   Library Member Name

        60          8          0          0          0         84   __0sscanf.o
        56          6          0          0          0         88   __2snprintf.o
        44          6          0          0          0         84   __2sprintf.o
        90          0          0          0          0          0   __dczerorl2.o
         8          0          0          0          0         68   __main.o
       392          4         17          0          0         92   __printf_flags_ss_wp.o
        14          0          0          0          0         68   __printf_wp.o
         0          0          0          0          0          0   __rtentry.o
        12          0          0          0          0          0   __rtentry2.o
         6          0          0          0          0          0   __rtentry4.o
        52          8          0          0          0          0   __scatter.o
        28          0          0          0          0          0   __scatter_zi.o
        28          0          0          0          0         68   _chval.o
        44          0          0          0          0        108   _printf_char.o
        48          6          0          0          0         96   _printf_char_common.o
         6          0          0          0          0          0   _printf_d.o
       120         16          0          0          0         92   _printf_dec.o
         6          0          0          0          0          0   _printf_e.o
         6          0          0          0          0          0   _printf_f.o
      1050          0          0          0          0        216   _printf_fp_dec.o
       128         16          0          0          0         84   _printf_fp_infnan.o
        88          4         40          0          0         88   _printf_hex_int.o
       178          0          0          0          0         88   _printf_intcommon.o
        78          0          0          0          0        108   _printf_pad.o
         0          0          0          0          0          0   _printf_percent.o
         4          0          0          0          0          0   _printf_percent_end.o
         6          0          0          0          0          0   _printf_s.o
        82          0          0          0          0         80   _printf_str.o
         6          0          0          0          0          0   _printf_x.o
        22          0          0          0          0        100   _rserrno.o
       884          6          0          0          0        100   _scanf.o
       332          0          0          0          0         96   _scanf_int.o
       224          0          0          0          0         96   _scanf_str.o
        64          0          0          0          0         84   _sgetc.o
        16          0          0          0          0         68   _snputc.o
        10          0          0          0          0         68   _sputc.o
       158          0          0          0          0         92   _strtoul.o
        16          0          0          0          0         68   aeabi_memset.o
        26          0          0          0          0         80   atoi.o
       220          4        148          0          0         96   bigflt0.o
      2074        132          0          0          0        940   btod.o
        10          0          0          0          0         68   defsig_exit.o
        50          0          0          0          0         88   defsig_general.o
        80         58          0          0          0         76   defsig_rtmem_inner.o
        14          0          0          0          0         80   defsig_rtmem_outer.o
        18          0          0          0          0         80   exit.o
        94          0          0          0          0         80   h1_alloc.o
        52          0          0          0          0         68   h1_extend.o
        78          0          0          0          0         80   h1_free.o
        14          0          0          0          0         84   h1_init.o
         6          0          0          0          0        152   heapauxi.o
         4          0          0          0          0        136   hguard.o
         0          0          0          0          0          0   indicate_semi.o
       138          0          0          0          0        168   init_alloc.o
        18          0          0          0          0         76   isspace.o
        44         10        272          0          0         76   lc_ctype_c.o
        44         10         28          0          0         76   lc_numeric_c.o
         2          0          0          0          0          0   libinit.o
        38          0          0          0          0          0   libinit2.o
         2          0          0          0          0          0   libshutdown.o
         2          0          0          0          0          0   libshutdown2.o
         8          4          0          0         96         68   libspace.o
        38          0          0          0          0         68   llshl.o
       138          0          0          0          0         80   lludiv10.o
         0          0          0          0          0          0   maybetermalloc1.o
        88          0          0          0          0         76   memcmp.o
        16          4          0          0          0         76   rt_ctype_table.o
         8          4          0          0          0         68   rt_errno_addr_intlibspace.o
         8          4          0          0          0         68   rt_heap_descriptor_intlibspace.o
         8          4          0          0          0         68   rt_locale_intlibspace.o
        68          0          0          0          0         68   rt_memclr.o
        78          0          0          0          0         80   rt_memclr_w.o
       138          0          0          0          0         68   rt_memcpy_v6.o
       100          0          0          0          0         80   rt_memcpy_w.o
         2          0          0          0          0          0   rtexit.o
        10          0          0          0          0          0   rtexit2.o
        44          8          0          0          0         84   scanf_char.o
      1188         12          0          0          0        148   scanf_fp.o
       800         14          0          0          0        100   scanf_hexfp.o
       308         16          0          0          0        100   scanf_infnan.o
        24          0          0          0          0         68   strcat.o
        20          0          0          0          0         68   strchr.o
       128          0          0          0          0         68   strcmpv7m.o
        72          0          0          0          0         80   strcpy.o
        32          0          0          0          0         80   strcspn.o
        62          0          0          0          0         76   strlen.o
        36          0          0          0          0         76   strncat.o
       150          0          0          0          0         80   strncmp.o
        86          0          0          0          0         76   strncpy.o
        28          0          0          0          0         80   strspn.o
        36          0          0          0          0         80   strstr.o
        12          6          0          4          0         68   strtok.o
        68          4          0          0          0         84   strtok_int.o
       112          0          0          0          0         88   strtol.o
        12          4          0          0          0         68   sys_exit.o
        74          0          0          0          0         80   sys_stackheap_outer.o
        14          0          0          0          0         76   sys_wrch.o
        26          0          0          0          0         76   tolower.o
         2          0          0          0          0         68   use_no_semi.o
        98          4          0          0          0         92   d2f.o
       826         16          0          0          0        348   daddsub_clz.o
        16          4          0          0          0         68   dcheck1.o
        24          0          0          0          0         68   dcmpi.o
       688        140          0          0          0        208   ddiv.o
       120          4          0          0          0         92   deqf.o
        94          4          0          0          0         92   dfix.o
        46          0          0          0          0         68   dflt_clz.o
       120          4          0          0          0         92   dleqf.o
       340         12          0          0          0        104   dmul.o
       156          4          0          0          0         92   dnaninf.o
        12          0          0          0          0         68   dretinf.o
       108          0          0          0          0         80   drleqf.o
       460         56          0          0          0        120   dsqrt_noumaal.o
        86          4          0          0          0         84   f2d.o
        62          4          0          0          0         84   ffixu.o
       258          4          0          0          0         84   fmul.o
       140          4          0          0          0         84   fnaninf.o
         0          0          8          0          0          0   fpconst.o
        10          0          0          0          0         68   fretinf.o
         4          0          0          0          0         68   printf1.o
       100          0          0          0          0         68   retnan.o
        92          0          0          0          0         68   scalbn.o
         4          0          0          0          0         68   scanf1.o
         8          0          0          0          0         84   scanf2.o
        48          0          0          0          0         68   trapv.o
         0          0          0          0          0          0   usenofp.o
        62         10          0          0          0        340   dunder.o
       220         16          0          0          0         84   floor.o
        40          0          0          0          0         68   fpclassify.o
        88          8          0          0          0         76   frexp.o
       138          0          0          0          0        160   ldexp.o
       152          4          0          0          0        168   narrow.o
       170          0          0          0          0         96   poly.o
      2520        190        136          0          0        324   pow.o
         0          0          8          0          0          0   qnan.o
        76          0          0          0          0         84   sqrt.o

    ----------------------------------------------------------------------
     18852        872        660          4         96      11348   Library Totals
        30          2          3          0          0          0   (incl. Padding)

    ----------------------------------------------------------------------

      Code (inc. data)   RO Data    RW Data    ZI Data      Debug   Library Name

     11436        378        505          4         96       7528   c_w.l
      3920        264          8          0          0       2420   fz_ws.l
      3466        228        144          0          0       1400   m_ws.l

    ----------------------------------------------------------------------
     18852        872        660          4         96      11348   Library Totals

    ----------------------------------------------------------------------

==============================================================================


      Code (inc. data)   RO Data    RW Data    ZI Data      Debug   

     88636       5278       2584       1464      41736     622251   Grand Totals
     88636       5278       2584        320      41736     622251   ELF Image Totals (compressed)
     88636       5278       2584        320          0          0   ROM Totals

==============================================================================

    Total RO  Size (Code + RO Data)                91220 (  89.08kB)
    Total RW  Size (RW Data + ZI Data)             43200 (  42.19kB)
    Total ROM Size (Code + RO Data + RW Data)      91540 (  89.39kB)

==============================================================================

