Component: ARM Compiler 5.06 (build 20) Tool: armlink [4d35a3]

==============================================================================

Section Cross References

    stm32f10x_startup.o(STACK) refers (Special) to heapauxi.o(.text) for __use_two_region_memory
    stm32f10x_startup.o(HEAP) refers (Special) to heapauxi.o(.text) for __use_two_region_memory
    stm32f10x_startup.o(RESET) refers (Special) to heapauxi.o(.text) for __use_two_region_memory
    stm32f10x_startup.o(RESET) refers to stm32f10x_startup.o(STACK) for Stack
    stm32f10x_startup.o(RESET) refers to os_cpu_a.o(.text) for OSPendSV
    stm32f10x_startup.o(RESET) refers to stm32f10x_it.o(.text) for SysTickHandler
    stm32f10x_startup.o(RESET) refers to hw_config.o(.text) for EXTI0_IRQHandler
    stm32f10x_startup.o(RESET) refers to w5500.o(.text) for EXTI1_IRQHandler
    stm32f10x_startup.o(RESET) refers to time.o(.text) for TIM3_IRQHandler
    stm32f10x_startup.o(RESET) refers to usart.o(.text) for USART1_IRQHandler
    stm32f10x_startup.o(RESET) refers to __main.o(!!!main) for __main
    stm32f10x_startup.o(.text) refers (Special) to heapauxi.o(.text) for __use_two_region_memory
    stm32f10x_startup.o(.text) refers to stm32f10x_startup.o(HEAP) for Heap
    stm32f10x_startup.o(.text) refers to stm32f10x_startup.o(STACK) for Stack
    main.o(.text) refers to os_mutex.o(.text) for OSMutexPend
    main.o(.text) refers to os_sem.o(.text) for OSSemPend
    main.o(.text) refers to uart_data_analyse.o(.text) for TCP_SendSub
    main.o(.text) refers to w5500.o(.text) for W5500_Interrupt_Process
    main.o(.text) refers to setw5500net.o(.text) for Process_Socket_Data
    main.o(.text) refers to os_task.o(.text) for OSTaskCreateExt
    main.o(.text) refers to consumsubfile.o(.text) for ConsumSub
    main.o(.text) refers to os_time.o(.text) for OSTimeDlyHMSM
    main.o(.text) refers to bsp.o(.text) for OS_CPU_SysTickInit
    main.o(.text) refers to os_core.o(.text) for OSStatInit
    main.o(.text) refers to cpu_a.o(.text) for CPU_IntDis
    main.o(.text) refers to main.o(.data) for SemEthMac
    main.o(.text) refers to main.o(.bss) for SerialUnion
    main.o(.text) refers to w5500.o(.data) for S1_Data
    main.o(.text) refers to consumsubfile.o(.data) for ConsumCase
    stm32f10x_it.o(.text) refers to os_cpu_a.o(.text) for OS_CPU_SR_Save
    stm32f10x_it.o(.text) refers to os_core.o(.text) for OSTimeTick
    stm32f10x_it.o(.text) refers to os_core.o(.data) for OSIntNesting
    stm32f10x_gpio.o(.text) refers to stm32f10x_rcc.o(.text) for RCC_APB2PeriphResetCmd
    stm32f10x_rcc.o(.text) refers to stm32f10x_rcc.o(.data) for APBAHBPrescTable
    stm32f10x_tim.o(.text) refers to stm32f10x_rcc.o(.text) for RCC_APB2PeriphResetCmd
    stm32f10x_usart.o(.text) refers to stm32f10x_rcc.o(.text) for RCC_APB2PeriphResetCmd
    stm32f10x_spi.o(.text) refers to stm32f10x_rcc.o(.text) for RCC_APB2PeriphResetCmd
    system_stm32f10x.o(.text) refers to system_stm32f10x.o(.data) for SystemCoreClock
    os_cpu_a.o(.text) refers to os_cpu_c.o(.text) for OSTaskSwHook
    os_cpu_a.o(.text) refers to os_core.o(.text) for OSIntExit
    os_cpu_a.o(.text) refers to os_core.o(.data) for OSIntNesting
    os_cpu_c.o(.text) refers to main.o(.text) for App_TaskCreateHook
    os_core.o(.text) refers to os_cpu_a.o(.text) for OS_CPU_SR_Save
    os_core.o(.text) refers to os_task.o(.text) for OSTaskStkChk
    os_core.o(.text) refers to os_time.o(.text) for OSTimeDly
    os_core.o(.text) refers to os_cpu_c.o(.text) for OSTaskStatHook
    os_core.o(.text) refers to os_flag.o(.text) for OS_FlagInit
    os_core.o(.text) refers to os_core.o(.data) for OSIntNesting
    os_core.o(.text) refers to os_core.o(.bss) for OSTCBPrioTbl
    os_core.o(.text) refers to os_core.o(.constdata) for OSUnMapTbl
    os_flag.o(.text) refers to os_cpu_a.o(.text) for OS_CPU_SR_Save
    os_flag.o(.text) refers to os_core.o(.text) for OS_Sched
    os_flag.o(.text) refers to os_core.o(.data) for OSIntNesting
    os_flag.o(.text) refers to os_core.o(.bss) for OSFlagTbl
    os_mbox.o(.text) refers to os_cpu_a.o(.text) for OS_CPU_SR_Save
    os_mbox.o(.text) refers to os_core.o(.text) for OS_EventWaitListInit
    os_mbox.o(.text) refers to os_core.o(.data) for OSIntNesting
    os_mutex.o(.text) refers to os_cpu_a.o(.text) for OS_CPU_SR_Save
    os_mutex.o(.text) refers to os_core.o(.text) for OS_EventWaitListInit
    os_mutex.o(.text) refers to os_core.o(.data) for OSIntNesting
    os_mutex.o(.text) refers to os_core.o(.bss) for OSTCBPrioTbl
    os_sem.o(.text) refers to os_cpu_a.o(.text) for OS_CPU_SR_Save
    os_sem.o(.text) refers to os_core.o(.text) for OS_EventWaitListInit
    os_sem.o(.text) refers to os_core.o(.data) for OSIntNesting
    os_task.o(.text) refers to os_cpu_a.o(.text) for OS_CPU_SR_Save
    os_task.o(.text) refers to os_core.o(.text) for OS_Sched
    os_task.o(.text) refers to os_cpu_c.o(.text) for OSTaskStkInit
    os_task.o(.text) refers to os_flag.o(.text) for OS_FlagUnlink
[...]
    RCC_WaitForHSEStartUp                    0x080108fb   Thumb Code    56  stm32f10x_rcc.o(.text)
    RCC_AdjustHSICalibrationValue            0x08010933   Thumb Code    20  stm32f10x_rcc.o(.text)
    RCC_HSICmd                               0x08010947   Thumb Code     6  stm32f10x_rcc.o(.text)
    RCC_PLLConfig                            0x0801094d   Thumb Code    24  stm32f10x_rcc.o(.text)
    RCC_PLLCmd                               0x08010965   Thumb Code     6  stm32f10x_rcc.o(.text)
    RCC_SYSCLKConfig                         0x0801096b   Thumb Code    18  stm32f10x_rcc.o(.text)
    RCC_GetSYSCLKSource                      0x0801097d   Thumb Code    10  stm32f10x_rcc.o(.text)
    RCC_HCLKConfig                           0x08010987   Thumb Code    18  stm32f10x_rcc.o(.text)
    RCC_PCLK1Config                          0x08010999   Thumb Code    18  stm32f10x_rcc.o(.text)
    RCC_PCLK2Config                          0x080109ab   Thumb Code    20  stm32f10x_rcc.o(.text)
    RCC_ITConfig                             0x080109bf   Thumb Code    26  stm32f10x_rcc.o(.text)
    RCC_USBCLKConfig                         0x080109d9   Thumb Code     8  stm32f10x_rcc.o(.text)
    RCC_ADCCLKConfig                         0x080109e1   Thumb Code    18  stm32f10x_rcc.o(.text)
    RCC_LSEConfig                            0x080109f3   Thumb Code    50  stm32f10x_rcc.o(.text)
    RCC_LSICmd                               0x08010a25   Thumb Code     6  stm32f10x_rcc.o(.text)
    RCC_RTCCLKConfig                         0x08010a2b   Thumb Code    12  stm32f10x_rcc.o(.text)
    RCC_RTCCLKCmd                            0x08010a37   Thumb Code     8  stm32f10x_rcc.o(.text)
    RCC_GetClocksFreq                        0x08010a3f   Thumb Code   192  stm32f10x_rcc.o(.text)
    RCC_AHBPeriphClockCmd                    0x08010aff   Thumb Code    26  stm32f10x_rcc.o(.text)
    RCC_APB2PeriphClockCmd                   0x08010b19   Thumb Code    26  stm32f10x_rcc.o(.text)
    RCC_APB1PeriphClockCmd                   0x08010b33   Thumb Code    26  stm32f10x_rcc.o(.text)
    RCC_APB2PeriphResetCmd                   0x08010b4d   Thumb Code    26  stm32f10x_rcc.o(.text)
    RCC_APB1PeriphResetCmd                   0x08010b67   Thumb Code    26  stm32f10x_rcc.o(.text)
    RCC_BackupResetCmd                       0x08010b81   Thumb Code     8  stm32f10x_rcc.o(.text)
    RCC_ClockSecuritySystemCmd               0x08010b89   Thumb Code     6  stm32f10x_rcc.o(.text)
    RCC_MCOConfig                            0x08010b8f   Thumb Code     6  stm32f10x_rcc.o(.text)
    RCC_ClearFlag                            0x08010b95   Thumb Code    14  stm32f10x_rcc.o(.text)
    RCC_GetITStatus                          0x08010ba3   Thumb Code    20  stm32f10x_rcc.o(.text)
    RCC_ClearITPendingBit                    0x08010bb7   Thumb Code     6  stm32f10x_rcc.o(.text)
    TIM_DeInit                               0x08010be1   Thumb Code   424  stm32f10x_tim.o(.text)
    TIM_TimeBaseInit                         0x08010d89   Thumb Code   122  stm32f10x_tim.o(.text)
    TIM_OC1Init                              0x08010e03   Thumb Code   132  stm32f10x_tim.o(.text)
    TIM_OC2Init                              0x08010e87   Thumb Code   154  stm32f10x_tim.o(.text)
    TIM_OC3Init                              0x08010f21   Thumb Code   150  stm32f10x_tim.o(.text)
    TIM_OC4Init                              0x08010fb7   Thumb Code   182  stm32f10x_tim.o(.text)
    TIM_SetIC4Prescaler                      0x0801106d   Thumb Code    26  stm32f10x_tim.o(.text)
    TIM_SetIC3Prescaler                      0x08011109   Thumb Code    18  stm32f10x_tim.o(.text)
    TIM_SetIC2Prescaler                      0x08011195   Thumb Code    26  stm32f10x_tim.o(.text)
    TIM_SetIC1Prescaler                      0x08011231   Thumb Code    18  stm32f10x_tim.o(.text)
    TIM_ICInit                               0x080112af   Thumb Code   150  stm32f10x_tim.o(.text)
    TIM_PWMIConfig                           0x08011345   Thumb Code   124  stm32f10x_tim.o(.text)
    TIM_BDTRConfig                           0x080113c1   Thumb Code    32  stm32f10x_tim.o(.text)
    TIM_TimeBaseStructInit                   0x080113e1   Thumb Code    18  stm32f10x_tim.o(.text)
    TIM_OCStructInit                         0x080113f3   Thumb Code    20  stm32f10x_tim.o(.text)
    TIM_ICStructInit                         0x08011407   Thumb Code    18  stm32f10x_tim.o(.text)
    TIM_BDTRStructInit                       0x08011419   Thumb Code    40  stm32f10x_tim.o(.text)
    TIM_Cmd                                  0x08011441   Thumb Code    24  stm32f10x_tim.o(.text)
    TIM_CtrlPWMOutputs                       0x08011459   Thumb Code    30  stm32f10x_tim.o(.text)
    TIM_ITConfig                             0x08011477   Thumb Code    18  stm32f10x_tim.o(.text)
    TIM_GenerateEvent                        0x08011489   Thumb Code     4  stm32f10x_tim.o(.text)
    TIM_DMAConfig                            0x0801148d   Thumb Code    10  stm32f10x_tim.o(.text)
    TIM_DMACmd                               0x08011497   Thumb Code    18  stm32f10x_tim.o(.text)
    TIM_InternalClockConfig                  0x080114a9   Thumb Code    12  stm32f10x_tim.o(.text)
    TIM_SelectInputTrigger                   0x080114b5   Thumb Code    18  stm32f10x_tim.o(.text)
    TIM_ITRxExternalClockConfig              0x080114c7   Thumb Code    24  stm32f10x_tim.o(.text)
    TIM_TIxExternalClockConfig               0x080114df   Thumb Code    62  stm32f10x_tim.o(.text)
    TIM_ETRConfig                            0x0801151d   Thumb Code    28  stm32f10x_tim.o(.text)
    TIM_ETRClockMode1Config                  0x08011539   Thumb Code    54  stm32f10x_tim.o(.text)
    TIM_ETRClockMode2Config                  0x0801156f   Thumb Code    32  stm32f10x_tim.o(.text)
    TIM_PrescalerConfig                      0x0801158f   Thumb Code     6  stm32f10x_tim.o(.text)
    TIM_CounterModeConfig                    0x08011595   Thumb Code    18  stm32f10x_tim.o(.text)
    TIM_EncoderInterfaceConfig               0x080115a7   Thumb Code    66  stm32f10x_tim.o(.text)
    TIM_ForcedOC1Config                      0x080115e9   Thumb Code    18  stm32f10x_tim.o(.text)
    TIM_ForcedOC2Config                      0x080115fb   Thumb Code    26  stm32f10x_tim.o(.text)
    TIM_ForcedOC3Config                      0x08011615   Thumb Code    18  stm32f10x_tim.o(.text)
    TIM_ForcedOC4Config                      0x08011627   Thumb Code    26  stm32f10x_tim.o(.text)
    TIM_ARRPreloadConfig                     0x08011641   Thumb Code    24  stm32f10x_tim.o(.text)
    TIM_SelectCOM                            0x08011659   Thumb Code    24  stm32f10x_tim.o(.text)
    TIM_SelectCCDMA                          0x08011671   Thumb Code    24  stm32f10x_tim.o(.text)
    TIM_CCPreloadControl                     0x08011689   Thumb Code    24  stm32f10x_tim.o(.text)
    TIM_OC1PreloadConfig                     0x080116a1   Thumb Code    18  stm32f10x_tim.o(.text)
    TIM_OC2PreloadConfig                     0x080116b3   Thumb Code    26  stm32f10x_tim.o(.text)
    TIM_OC3PreloadConfig                     0x080116cd   Thumb Code    18  stm32f10x_tim.o(.text)
    TIM_OC4PreloadConfig                     0x080116df   Thumb Code    26  stm32f10x_tim.o(.text)
    TIM_OC1FastConfig                        0x080116f9   Thumb Code    18  stm32f10x_tim.o(.text)
    TIM_OC2FastConfig                        0x0801170b   Thumb Code    26  stm32f10x_tim.o(.text)
    TIM_OC3FastConfig                        0x08011725   Thumb Code    18  stm32f10x_tim.o(.text)
    TIM_OC4FastConfig                        0x08011737   Thumb Code    26  stm32f10x_tim.o(.text)
    TIM_ClearOC1Ref                          0x08011751   Thumb Code    18  stm32f10x_tim.o(.text)
    TIM_ClearOC2Ref                          0x08011763   Thumb Code    24  stm32f10x_tim.o(.text)
    TIM_ClearOC3Ref                          0x0801177b   Thumb Code    18  stm32f10x_tim.o(.text)
    TIM_ClearOC4Ref                          0x0801178d   Thumb Code    24  stm32f10x_tim.o(.text)
    TIM_OC1PolarityConfig                    0x080117a5   Thumb Code    18  stm32f10x_tim.o(.text)
    TIM_OC1NPolarityConfig                   0x080117b7   Thumb Code    18  stm32f10x_tim.o(.text)
    TIM_OC2PolarityConfig                    0x080117c9   Thumb Code    26  stm32f10x_tim.o(.text)
    TIM_OC2NPolarityConfig                   0x080117e3   Thumb Code    26  stm32f10x_tim.o(.text)
    TIM_OC3PolarityConfig                    0x080117fd   Thumb Code    26  stm32f10x_tim.o(.text)
    TIM_OC3NPolarityConfig                   0x08011817   Thumb Code    26  stm32f10x_tim.o(.text)
    TIM_OC4PolarityConfig                    0x08011831   Thumb Code    26  stm32f10x_tim.o(.text)
    TIM_CCxCmd                               0x0801184b   Thumb Code    30  stm32f10x_tim.o(.text)
    TIM_CCxNCmd                              0x08011869   Thumb Code    30  stm32f10x_tim.o(.text)
    TIM_SelectOCxM                           0x08011887   Thumb Code    82  stm32f10x_tim.o(.text)
    TIM_UpdateDisableConfig                  0x080118d9   Thumb Code    24  stm32f10x_tim.o(.text)
    TIM_UpdateRequestConfig                  0x080118f1   Thumb Code    24  stm32f10x_tim.o(.text)
    TIM_SelectHallSensor                     0x08011909   Thumb Code    24  stm32f10x_tim.o(.text)
    TIM_SelectOnePulseMode                   0x08011921   Thumb Code    18  stm32f10x_tim.o(.text)
    TIM_SelectOutputTrigger                  0x08011933   Thumb Code    18  stm32f10x_tim.o(.text)
    TIM_SelectSlaveMode                      0x08011945   Thumb Code    18  stm32f10x_tim.o(.text)
    TIM_SelectMasterSlaveMode                0x08011957   Thumb Code    18  stm32f10x_tim.o(.text)
    TIM_SetCounter                           0x08011969   Thumb Code     4  stm32f10x_tim.o(.text)
    TIM_SetAutoreload                        0x0801196d   Thumb Code     4  stm32f10x_tim.o(.text)
    TIM_SetCompare1                          0x08011971   Thumb Code     4  stm32f10x_tim.o(.text)
    TIM_SetCompare2                          0x08011975   Thumb Code     4  stm32f10x_tim.o(.text)
    TIM_SetCompare3                          0x08011979   Thumb Code     4  stm32f10x_tim.o(.text)
    TIM_SetCompare4                          0x0801197d   Thumb Code     6  stm32f10x_tim.o(.text)
    TIM_SetClockDivision                     0x08011983   Thumb Code    18  stm32f10x_tim.o(.text)
    TIM_GetCapture1                          0x08011995   Thumb Code     6  stm32f10x_tim.o(.text)
    TIM_GetCapture2                          0x0801199b   Thumb Code     6  stm32f10x_tim.o(.text)
    TIM_GetCapture3                          0x080119a1   Thumb Code     6  stm32f10x_tim.o(.text)
    TIM_GetCapture4                          0x080119a7   Thumb Code     8  stm32f10x_tim.o(.text)
    TIM_GetCounter                           0x080119af   Thumb Code     6  stm32f10x_tim.o(.text)
    TIM_GetPrescaler                         0x080119b5   Thumb Code     6  stm32f10x_tim.o(.text)
    TIM_GetFlagStatus                        0x080119bb   Thumb Code    18  stm32f10x_tim.o(.text)
    TIM_ClearFlag                            0x080119cd   Thumb Code     6  stm32f10x_tim.o(.text)
    TIM_GetITStatus                          0x080119d3   Thumb Code    34  stm32f10x_tim.o(.text)
    TIM_ClearITPendingBit                    0x080119f5   Thumb Code     6  stm32f10x_tim.o(.text)
    NVIC_PriorityGroupConfig                 0x080119fd   Thumb Code    10  misc.o(.text)
    NVIC_Init                                0x08011a07   Thumb Code   100  misc.o(.text)
    NVIC_SetVectorTable                      0x08011a6b   Thumb Code    14  misc.o(.text)
    NVIC_SystemLPConfig                      0x08011a79   Thumb Code    34  misc.o(.text)
    SysTick_CLKSourceConfig                  0x08011a9b   Thumb Code    40  misc.o(.text)
    USART_DeInit                             0x08011ad9   Thumb Code   134  stm32f10x_usart.o(.text)
    USART_Init                               0x08011b5f   Thumb Code   210  stm32f10x_usart.o(.text)
    USART_StructInit                         0x08011c31   Thumb Code    24  stm32f10x_usart.o(.text)
    USART_ClockInit                          0x08011c49   Thumb Code    34  stm32f10x_usart.o(.text)
    USART_ClockStructInit                    0x08011c6b   Thumb Code    12  stm32f10x_usart.o(.text)
    USART_Cmd                                0x08011c77   Thumb Code    24  stm32f10x_usart.o(.text)
    USART_ITConfig                           0x08011c8f   Thumb Code    74  stm32f10x_usart.o(.text)
    USART_DMACmd                             0x08011cd9   Thumb Code    18  stm32f10x_usart.o(.text)
    USART_SetAddress                         0x08011ceb   Thumb Code    18  stm32f10x_usart.o(.text)
    USART_WakeUpConfig                       0x08011cfd   Thumb Code    18  stm32f10x_usart.o(.text)
    USART_ReceiverWakeUpCmd                  0x08011d0f   Thumb Code    24  stm32f10x_usart.o(.text)
    USART_LINBreakDetectLengthConfig         0x08011d27   Thumb Code    18  stm32f10x_usart.o(.text)
    USART_LINCmd                             0x08011d39   Thumb Code    24  stm32f10x_usart.o(.text)
    USART_SendData                           0x08011d51   Thumb Code     8  stm32f10x_usart.o(.text)
    USART_ReceiveData                        0x08011d59   Thumb Code    10  stm32f10x_usart.o(.text)
    USART_SendBreak                          0x08011d63   Thumb Code    10  stm32f10x_usart.o(.text)
    USART_SetGuardTime                       0x08011d6d   Thumb Code    16  stm32f10x_usart.o(.text)
    USART_SetPrescaler                       0x08011d7d   Thumb Code    16  stm32f10x_usart.o(.text)
    USART_SmartCardCmd                       0x08011d8d   Thumb Code    24  stm32f10x_usart.o(.text)
    USART_SmartCardNACKCmd                   0x08011da5   Thumb Code    24  stm32f10x_usart.o(.text)
    USART_HalfDuplexCmd                      0x08011dbd   Thumb Code    24  stm32f10x_usart.o(.text)
    USART_OverSampling8Cmd                   0x08011dd5   Thumb Code    22  stm32f10x_usart.o(.text)
    USART_OneBitMethodCmd                    0x08011deb   Thumb Code    24  stm32f10x_usart.o(.text)
    USART_IrDAConfig                         0x08011e03   Thumb Code    18  stm32f10x_usart.o(.text)
    USART_IrDACmd                            0x08011e15   Thumb Code    24  stm32f10x_usart.o(.text)
    USART_GetFlagStatus                      0x08011e2d   Thumb Code    26  stm32f10x_usart.o(.text)
    USART_ClearFlag                          0x08011e47   Thumb Code    18  stm32f10x_usart.o(.text)
    USART_GetITStatus                        0x08011e59   Thumb Code    84  stm32f10x_usart.o(.text)
    USART_ClearITPendingBit                  0x08011ead   Thumb Code    52  stm32f10x_usart.o(.text)
    EXTI_DeInit                              0x08011ee1   Thumb Code    28  stm32f10x_exti.o(.text)
    EXTI_Init                                0x08011efd   Thumb Code   142  stm32f10x_exti.o(.text)
    EXTI_StructInit                          0x08011f8b   Thumb Code    16  stm32f10x_exti.o(.text)
    EXTI_GenerateSWInterrupt                 0x08011f9b   Thumb Code    16  stm32f10x_exti.o(.text)
    EXTI_GetFlagStatus                       0x08011fab   Thumb Code    22  stm32f10x_exti.o(.text)
    EXTI_ClearFlag                           0x08011fc1   Thumb Code     8  stm32f10x_exti.o(.text)
    EXTI_GetITStatus                         0x08011fc9   Thumb Code    34  stm32f10x_exti.o(.text)
    EXTI_ClearITPendingBit                   0x08011feb   Thumb Code     8  stm32f10x_exti.o(.text)
    FLASH_SetLatency                         0x08011ffd   Thumb Code    18  stm32f10x_flash.o(.text)
    FLASH_HalfCycleAccessCmd                 0x0801200f   Thumb Code    22  stm32f10x_flash.o(.text)
    FLASH_PrefetchBufferCmd                  0x08012025   Thumb Code    22  stm32f10x_flash.o(.text)
    FLASH_Unlock                             0x0801203b   Thumb Code    12  stm32f10x_flash.o(.text)
    FLASH_UnlockBank1                        0x08012047   Thumb Code    12  stm32f10x_flash.o(.text)
    FLASH_Lock                               0x08012053   Thumb Code    14  stm32f10x_flash.o(.text)
    FLASH_LockBank1                          0x08012061   Thumb Code    14  stm32f10x_flash.o(.text)
    FLASH_GetBank1Status                     0x0801206f   Thumb Code    48  stm32f10x_flash.o(.text)
    FLASH_WaitForLastOperation               0x0801209f   Thumb Code    38  stm32f10x_flash.o(.text)
    FLASH_ErasePage                          0x080120c5   Thumb Code    72  stm32f10x_flash.o(.text)
    FLASH_EraseAllPages                      0x0801210d   Thumb Code    68  stm32f10x_flash.o(.text)
    FLASH_WaitForLastBank1Operation          0x08012151   Thumb Code    38  stm32f10x_flash.o(.text)
    FLASH_EraseAllBank1Pages                 0x08012177   Thumb Code    68  stm32f10x_flash.o(.text)
    FLASH_GetReadOutProtectionStatus         0x080121bb   Thumb Code    20  stm32f10x_flash.o(.text)
    FLASH_EraseOptionBytes                   0x080121cf   Thumb Code   150  stm32f10x_flash.o(.text)
    FLASH_ProgramWord                        0x08012265   Thumb Code   102  stm32f10x_flash.o(.text)
    FLASH_ProgramHalfWord                    0x080122cb   Thumb Code    60  stm32f10x_flash.o(.text)
    FLASH_ProgramOptionByteData              0x08012307   Thumb Code    72  stm32f10x_flash.o(.text)
    FLASH_EnableWriteProtection              0x0801234f   Thumb Code   200  stm32f10x_flash.o(.text)
    FLASH_ReadOutProtection                  0x08012417   Thumb Code   156  stm32f10x_flash.o(.text)
    FLASH_UserOptionByteConfig               0x080124b3   Thumb Code    88  stm32f10x_flash.o(.text)
    FLASH_GetUserOptionByte                  0x0801250b   Thumb Code     8  stm32f10x_flash.o(.text)
    FLASH_GetWriteProtectionOptionByte       0x08012513   Thumb Code     6  stm32f10x_flash.o(.text)
    FLASH_GetPrefetchBufferStatus            0x08012519   Thumb Code    20  stm32f10x_flash.o(.text)
    FLASH_ITConfig                           0x0801252d   Thumb Code    26  stm32f10x_flash.o(.text)
    FLASH_GetFlagStatus                      0x08012547   Thumb Code    42  stm32f10x_flash.o(.text)
    FLASH_ClearFlag                          0x08012571   Thumb Code     6  stm32f10x_flash.o(.text)
    FLASH_GetStatus                          0x08012577   Thumb Code    48  stm32f10x_flash.o(.text)
    SPI_I2S_DeInit                           0x080125b9   Thumb Code    76  stm32f10x_spi.o(.text)
    SPI_Init                                 0x08012605   Thumb Code    60  stm32f10x_spi.o(.text)
    I2S_Init                                 0x08012641   Thumb Code   226  stm32f10x_spi.o(.text)
    SPI_StructInit                           0x08012723   Thumb Code    24  stm32f10x_spi.o(.text)
    I2S_StructInit                           0x0801273b   Thumb Code    20  stm32f10x_spi.o(.text)
    SPI_Cmd                                  0x0801274f   Thumb Code    24  stm32f10x_spi.o(.text)
    I2S_Cmd                                  0x08012767   Thumb Code    24  stm32f10x_spi.o(.text)
    SPI_I2S_ITConfig                         0x0801277f   Thumb Code    32  stm32f10x_spi.o(.text)
    SPI_I2S_DMACmd                           0x0801279f   Thumb Code    18  stm32f10x_spi.o(.text)
    SPI_I2S_SendData                         0x080127b1   Thumb Code     4  stm32f10x_spi.o(.text)
    SPI_I2S_ReceiveData                      0x080127b5   Thumb Code     6  stm32f10x_spi.o(.text)
    SPI_NSSInternalSoftwareConfig            0x080127bb   Thumb Code    30  stm32f10x_spi.o(.text)
    SPI_SSOutputCmd                          0x080127d9   Thumb Code    24  stm32f10x_spi.o(.text)
    SPI_DataSizeConfig                       0x080127f1   Thumb Code    18  stm32f10x_spi.o(.text)
    SPI_TransmitCRC                          0x08012803   Thumb Code    10  stm32f10x_spi.o(.text)
    SPI_CalculateCRC                         0x0801280d   Thumb Code    24  stm32f10x_spi.o(.text)
    SPI_GetCRC                               0x08012825   Thumb Code    16  stm32f10x_spi.o(.text)
    SPI_GetCRCPolynomial                     0x08012835   Thumb Code     6  stm32f10x_spi.o(.text)
    SPI_BiDirectionalLineConfig              0x0801283b   Thumb Code    28  stm32f10x_spi.o(.text)
    SPI_I2S_GetFlagStatus                    0x08012857   Thumb Code    18  stm32f10x_spi.o(.text)
    SPI_I2S_ClearFlag                        0x08012869   Thumb Code     6  stm32f10x_spi.o(.text)
    SPI_I2S_GetITStatus                      0x0801286f   Thumb Code    52  stm32f10x_spi.o(.text)
    SPI_I2S_ClearITPendingBit                0x080128a3   Thumb Code    20  stm32f10x_spi.o(.text)
    SystemInit                               0x080129a3   Thumb Code    76  system_stm32f10x.o(.text)
    SystemCoreClockUpdate                    0x080129ef   Thumb Code   142  system_stm32f10x.o(.text)
    OS_CPU_SR_Save                           0x08012aa5   Thumb Code     0  os_cpu_a.o(.text)
    OS_CPU_SR_Restore                        0x08012aad   Thumb Code     0  os_cpu_a.o(.text)
    OSStartHighRdy                           0x08012ab3   Thumb Code     0  os_cpu_a.o(.text)
    OSCtxSw                                  0x08012ad3   Thumb Code     0  os_cpu_a.o(.text)
    OSIntCtxSw                               0x08012add   Thumb Code     0  os_cpu_a.o(.text)
    OSPendSV                                 0x08012ae7   Thumb Code     0  os_cpu_a.o(.text)
    OSInitHookBegin                          0x08012b4d   Thumb Code     2  os_cpu_c.o(.text)
    OSInitHookEnd                            0x08012b4f   Thumb Code     2  os_cpu_c.o(.text)
    OSTaskCreateHook                         0x08012b51   Thumb Code    12  os_cpu_c.o(.text)
    OSTaskDelHook                            0x08012b5d   Thumb Code    12  os_cpu_c.o(.text)
    OSTaskIdleHook                           0x08012b69   Thumb Code     8  os_cpu_c.o(.text)
    OSTaskStatHook                           0x08012b71   Thumb Code     8  os_cpu_c.o(.text)
    OSTaskStkInit                            0x08012b79   Thumb Code   154  os_cpu_c.o(.text)
    OSTaskSwHook                             0x08012c13   Thumb Code     8  os_cpu_c.o(.text)
    OSTCBInitHook                            0x08012c1b   Thumb Code    12  os_cpu_c.o(.text)
    OSTimeTickHook                           0x08012c27   Thumb Code     2  os_cpu_c.o(.text)
    CPU_IntDis                               0x08012c29   Thumb Code     0  cpu_a.o(.text)
    CPU_IntEn                                0x08012c2d   Thumb Code     0  cpu_a.o(.text)
    CPU_SR_Save                              0x08012c31   Thumb Code     0  cpu_a.o(.text)
    CPU_SR_Restore                           0x08012c39   Thumb Code     0  cpu_a.o(.text)
    OS_StrCopy                               0x08012c41   Thumb Code    28  os_core.o(.text)
    OSEventNameGet                           0x08012c5d   Thumb Code   100  os_core.o(.text)
    OS_StrLen                                0x08012cc1   Thumb Code    20  os_core.o(.text)
    OSEventNameSet                           0x08012cd5   Thumb Code   120  os_core.o(.text)
    OS_TaskStatStkChk                        0x08012d4d   Thumb Code    54  os_core.o(.text)
    OS_TaskStat                              0x08012d83   Thumb Code   124  os_core.o(.text)
    OS_TaskIdle                              0x08012e33   Thumb Code    32  os_core.o(.text)
    OS_MemClr                                0x08012e87   Thumb Code    18  os_core.o(.text)
    OSInit                                   0x08012f8f   Thumb Code    40  os_core.o(.text)
    OSIntEnter                               0x08012fb7   Thumb Code    28  os_core.o(.text)
    OSIntExit                                0x08012fed   Thumb Code   256  os_core.o(.text)
    OSSchedLock                              0x080130ed   Thumb Code    50  os_core.o(.text)
    OS_Sched                                 0x0801311f   Thumb Code    86  os_core.o(.text)
    OSSchedUnlock                            0x08013175   Thumb Code    84  os_core.o(.text)
    OSStart                                  0x080131c9   Thumb Code    48  os_core.o(.text)
    OSStatInit                               0x080131f9   Thumb Code    62  os_core.o(.text)
    OSTimeTick                               0x08013237   Thumb Code   210  os_core.o(.text)
    OSVersion                                0x08013309   Thumb Code     6  os_core.o(.text)
    OS_Dummy                                 0x0801330f   Thumb Code     2  os_core.o(.text)
    OS_EventTaskRdy                          0x08013311   Thumb Code   202  os_core.o(.text)
    OS_EventTaskWait                         0x080133db   Thumb Code   112  os_core.o(.text)
    OS_EventTOAbort                          0x0801344b   Thumb Code    76  os_core.o(.text)
    OS_EventWaitListInit                     0x08013497   Thumb Code    28  os_core.o(.text)
    OS_MemCopy                               0x080134b3   Thumb Code    20  os_core.o(.text)
    OS_TCBInit                               0x080134c7   Thumb Code   338  os_core.o(.text)
    OSFlagAccept                             0x08013631   Thumb Code   252  os_flag.o(.text)
    OSFlagCreate                             0x0801372d   Thumb Code    92  os_flag.o(.text)
    OS_FlagUnlink                            0x08013789   Thumb Code    36  os_flag.o(.text)
    OSFlagDel                                0x080137ff   Thumb Code   224  os_flag.o(.text)
    OSFlagNameGet                            0x080138df   Thumb Code    82  os_flag.o(.text)
    OSFlagNameSet                            0x08013931   Thumb Code   102  os_flag.o(.text)
    OSFlagPend                               0x08013a2f   Thumb Code   616  os_flag.o(.text)
    OSFlagPendGetFlagsRdy                    0x08013c97   Thumb Code    26  os_flag.o(.text)
    OSFlagPost                               0x08013cb1   Thumb Code   312  os_flag.o(.text)
    OSFlagQuery                              0x08013de9   Thumb Code    48  os_flag.o(.text)
    OS_FlagInit                              0x08013e19   Thumb Code    68  os_flag.o(.text)
    OSMutexAccept                            0x08013e69   Thumb Code   138  os_mutex.o(.text)
    OSMutexCreate                            0x08013ef3   Thumb Code   144  os_mutex.o(.text)
    OSMutexDel                               0x08013ff1   Thumb Code   284  os_mutex.o(.text)
    OSMutexPend                              0x0801410d   Thumb Code   566  os_mutex.o(.text)
    OSMutexPost                              0x08014343   Thumb Code   188  os_mutex.o(.text)
    OSMutexQuery                             0x080143ff   Thumb Code   108  os_mutex.o(.text)
    OSSemAccept                              0x08014479   Thumb Code    44  os_sem.o(.text)
    OSSemCreate                              0x080144a5   Thumb Code    78  os_sem.o(.text)
    OSSemDel                                 0x080144f3   Thumb Code   220  os_sem.o(.text)
    OSSemPend                                0x080145cf   Thumb Code   222  os_sem.o(.text)
    OSSemPendAbort                           0x080146ad   Thumb Code   128  os_sem.o(.text)
    OSSemPost                                0x0801472d   Thumb Code    88  os_sem.o(.text)
    OSSemQuery                               0x08014785   Thumb Code    82  os_sem.o(.text)
    OSSemSet                                 0x080147d7   Thumb Code    68  os_sem.o(.text)
    OSTaskChangePrio                         0x0801482d   Thumb Code   306  os_task.o(.text)
    OSTaskCreate                             0x0801495f   Thumb Code   150  os_task.o(.text)
    OS_TaskStkClr                            0x080149f5   Thumb Code    26  os_task.o(.text)
    OSTaskCreateExt                          0x08014a0f   Thumb Code   172  os_task.o(.text)
    OSTaskDel                                0x08014abb   Thumb Code   336  os_task.o(.text)
    OSTaskDelReq                             0x08014c0b   Thumb Code   140  os_task.o(.text)
    OSTaskNameGet                            0x08014c97   Thumb Code   116  os_task.o(.text)
    OSTaskNameSet                            0x08014d0b   Thumb Code   132  os_task.o(.text)
    OSTaskResume                             0x08014d8f   Thumb Code   154  os_task.o(.text)
    OSTaskStkChk                             0x08014e29   Thumb Code   132  os_task.o(.text)
    OSTaskSuspend                            0x08014ead   Thumb Code   152  os_task.o(.text)
    OSTaskQuery                              0x08014f45   Thumb Code    82  os_task.o(.text)
    OSTimeDly                                0x08014fb1   Thumb Code    96  os_time.o(.text)
    OSTimeDlyHMSM                            0x08015011   Thumb Code   108  os_time.o(.text)
    OSTimeDlyResume                          0x0801507d   Thumb Code   168  os_time.o(.text)
    OSTimeGet                                0x08015125   Thumb Code    24  os_time.o(.text)
    OSTimeSet                                0x0801513d   Thumb Code    24  os_time.o(.text)
    BSP_Init                                 0x0801516d   Thumb Code   224  bsp.o(.text)
    OS_CPU_SysTickInit                       0x0801524d   Thumb Code    94  bsp.o(.text)
    AT24C64_WriteOneByte                     0x08015359   Thumb Code    76  at24c64.o(.text)
    RdBytesFromAT24C64                       0x080153a5   Thumb Code    60  at24c64.o(.text)
    WrBytesToAT24C64                         0x080153e1   Thumb Code    60  at24c64.o(.text)
    Check_24C64                              0x0801541d   Thumb Code    68  at24c64.o(.text)
    Delay                                    0x08015461   Thumb Code    16  delay.o(.text)
    delay_ms                                 0x08015471   Thumb Code    22  delay.o(.text)
    NOP_nus                                  0x08015489   Thumb Code    32  disp_1629dfile.o(.text)
    Disp_Gpio                                0x080154a9   Thumb Code   124  disp_1629dfile.o(.text)
    LED_Indata                               0x08015525   Thumb Code    98  disp_1629dfile.o(.text)
    LED_DispDatas_1629                       0x08015587   Thumb Code   114  disp_1629dfile.o(.text)
    LED_DispDatas                            0x080155f9   Thumb Code   144  disp_1629dfile.o(.text)
    LED_DispDatas_all                        0x08015689   Thumb Code    44  disp_1629dfile.o(.text)
    Disp_Hello                               0x080156b5   Thumb Code    58  disp_1629dfile.o(.text)
    DispOver                                 0x080156ef   Thumb Code    36  disp_1629dfile.o(.text)
    Disp_AllOn                               0x08015713   Thumb Code    20  disp_1629dfile.o(.text)
    FindMonth                                0x08015727   Thumb Code    58  disp_1629dfile.o(.text)
    Disp_AllOff                              0x08015761   Thumb Code    20  disp_1629dfile.o(.text)
    DISP_ErrorSub                            0x08015775   Thumb Code    32  disp_1629dfile.o(.text)
    Disp_Ver                                 0x08015795   Thumb Code   244  disp_1629dfile.o(.text)
    ChgIntToDispBuffer                       0x08015889   Thumb Code    52  disp_1629dfile.o(.text)
    DispMainCode                             0x080158bd   Thumb Code   122  disp_1629dfile.o(.text)
    DispConsumModeEnable                     0x08015937   Thumb Code   136  disp_1629dfile.o(.text)
    DispDate                                 0x080159bf   Thumb Code    82  disp_1629dfile.o(.text)
    DispTime                                 0x08015a11   Thumb Code    82  disp_1629dfile.o(.text)
    Disp_Aation_consume                      0x08015a63   Thumb Code    16  disp_1629dfile.o(.text)
    ChgUlongToDispBuffer                     0x08015a73   Thumb Code   120  disp_1629dfile.o(.text)
    DispSumConsumMoney                       0x08015aeb   Thumb Code   234  disp_1629dfile.o(.text)
    Disp_Balance                             0x08015bd5   Thumb Code    80  disp_1629dfile.o(.text)
    Disp_Clr_Ram                             0x08015c25   Thumb Code    50  disp_1629dfile.o(.text)
    Disp_No_Consume                          0x08015c57   Thumb Code    48  disp_1629dfile.o(.text)
    Disp_No_Money                            0x08015c87   Thumb Code    50  disp_1629dfile.o(.text)
    DispNetDatas                             0x08015cb9   Thumb Code   358  disp_1629dfile.o(.text)
    LED_OneByte_Disp                         0x08015e1f   Thumb Code   142  disp_1629dfile.o(.text)
    LED_NumFalsh_Disp                        0x08015ead   Thumb Code   128  disp_1629dfile.o(.text)
    SetNetDatas                              0x08015f2d   Thumb Code   904  disp_1629dfile.o(.text)
    ReadByteFrom1629                         0x080162b5   Thumb Code   104  disp_1629dfile.o(.text)
    ChangeLedBright                          0x0801631d   Thumb Code    50  disp_1629dfile.o(.text)
    ReakKeySub                               0x0801634f   Thumb Code   120  disp_1629dfile.o(.text)
    Led_Wait_Disp                            0x080163c7   Thumb Code   116  disp_1629dfile.o(.text)
    DispSumConsumMoney_Add                   0x0801643b   Thumb Code    82  disp_1629dfile.o(.text)
    Disp_Clr_WhilteNum                       0x0801648d   Thumb Code    50  disp_1629dfile.o(.text)
    ScanKeySub                               0x080164f5   Thumb Code   262  scankeyfiles.o(.text)
    ScanKeySub3                              0x080165fb   Thumb Code    34  scankeyfiles.o(.text)
    ChgKeyValueToChar                        0x0801661d   Thumb Code   106  scankeyfiles.o(.text)
    W5500_GPIO_Configuration                 0x08016695   Thumb Code    98  w5500.o(.text)
    W5500_NVIC_Configuration                 0x080166f7   Thumb Code    32  w5500.o(.text)
    EXTI1_IRQHandler                         0x08016717   Thumb Code    40  w5500.o(.text)
    SPI_Configuration                        0x0801673f   Thumb Code   154  w5500.o(.text)
    SPI1_Send_Byte                           0x080167d9   Thumb Code    28  w5500.o(.text)
    SPI1_Send_Short                          0x080167f5   Thumb Code    28  w5500.o(.text)
    Write_W5500_1Byte                        0x08016811   Thumb Code    42  w5500.o(.text)
    Write_W5500_2Byte                        0x0801683b   Thumb Code    42  w5500.o(.text)
    Write_W5500_nByte                        0x08016865   Thumb Code    62  w5500.o(.text)
    Write_W5500_SOCK_1Byte                   0x080168a3   Thumb Code    54  w5500.o(.text)
    Write_W5500_SOCK_2Byte                   0x080168d9   Thumb Code    54  w5500.o(.text)
    Write_W5500_SOCK_4Byte                   0x0801690f   Thumb Code    80  w5500.o(.text)
    Read_W5500_1Byte                         0x0801695f   Thumb Code    58  w5500.o(.text)
    Read_W5500_SOCK_1Byte                    0x08016999   Thumb Code    70  w5500.o(.text)
    Read_W5500_SOCK_2Byte                    0x080169df   Thumb Code    94  w5500.o(.text)
    Read_SOCK_Data_Buffer                    0x08016a3d   Thumb Code   308  w5500.o(.text)
    Write_SOCK_Data_Buffer                   0x08016b71   Thumb Code   256  w5500.o(.text)
    W5500_Hardware_Reset                     0x08016c71   Thumb Code   102  w5500.o(.text)
    W5500_Init                               0x08016cd7   Thumb Code   168  w5500.o(.text)
    Detect_Gateway                           0x08016d7f   Thumb Code   200  w5500.o(.text)
    Socket_Init                              0x08016e47   Thumb Code   214  w5500.o(.text)
    Socket_Connect                           0x08016f1d   Thumb Code    70  w5500.o(.text)
    Socket_Listen                            0x08016f63   Thumb Code   102  w5500.o(.text)
    Socket_UDP                               0x08016fc9   Thumb Code    60  w5500.o(.text)
    W5500_Interrupt_Process                  0x08017005   Thumb Code   444  w5500.o(.text)
    WatchDog_Gpio_init                       0x080171e5   Thumb Code    14  watchdog.o(.text)
    Clr_WatchDog                             0x080171f3   Thumb Code    16  watchdog.o(.text)
    BeepOn                                   0x08017203   Thumb Code    12  watchdog.o(.text)
    TCP_ReceiveSub                           0x08017221   Thumb Code    94  uart_data_analyse.o(.text)
    QueryConsumeResult                       0x0801727f   Thumb Code    58  uart_data_analyse.o(.text)
    HeartBeat                                0x080172b9   Thumb Code    58  uart_data_analyse.o(.text)
    QueryDayConsume                          0x080172f3   Thumb Code    52  uart_data_analyse.o(.text)
    QueryConsumeRecord                       0x08017327   Thumb Code    44  uart_data_analyse.o(.text)
    RequestConsume                           0x08017353   Thumb Code   152  uart_data_analyse.o(.text)
    TCP_SendSub                              0x080173eb   Thumb Code    52  uart_data_analyse.o(.text)
    IIC_WriteBuf                             0x080174ab   Thumb Code    36  pcf8563.o(.text)
    PCF8563_ClearINT                         0x08017501   Thumb Code    26  pcf8563.o(.text)
    Set_Sysdate                              0x0801751b   Thumb Code    60  pcf8563.o(.text)
    IIC_ReadBuf                              0x080175a1   Thumb Code    36  pcf8563.o(.text)
    Read_Sysdate                             0x080175c5   Thumb Code   104  pcf8563.o(.text)
    DiagTimeString                           0x0801762d   Thumb Code   172  pcf8563.o(.text)
    CheckPF8563                              0x080176d9   Thumb Code    82  pcf8563.o(.text)
    Delay1_us                                0x08017749   Thumb Code    30  mfrc522.o(.text)
    SPI1_Send                                0x08017767   Thumb Code    12  mfrc522.o(.text)
    SPI1_Receive                             0x08017773   Thumb Code    12  mfrc522.o(.text)
    Write_MFRC522                            0x0801777f   Thumb Code    38  mfrc522.o(.text)
    Read_MFRC522                             0x080177a5   Thumb Code    42  mfrc522.o(.text)
    SetBitMask                               0x080177cf   Thumb Code    28  mfrc522.o(.text)
    ClearBitMask                             0x080177eb   Thumb Code    28  mfrc522.o(.text)
    AntennaOn                                0x08017807   Thumb Code    26  mfrc522.o(.text)
    AntennaOff                               0x08017821   Thumb Code    12  mfrc522.o(.text)
    MFRC522_Reset                            0x0801782d   Thumb Code    82  mfrc522.o(.text)
    MFRC522_Initializtion                    0x0801787f   Thumb Code    68  mfrc522.o(.text)
    MFRC522_ToCard                           0x080178c3   Thumb Code   316  mfrc522.o(.text)
    Mf500PiccRequest                         0x080179ff   Thumb Code    50  mfrc522.o(.text)
    MFRC522_Anticoll                         0x08017a31   Thumb Code   108  mfrc522.o(.text)
    CalulateCRC                              0x08017a9d   Thumb Code   118  mfrc522.o(.text)
    MFRC522_SelectTag                        0x08017b13   Thumb Code   132  mfrc522.o(.text)
    MFRC522_Auth                             0x08017b97   Thumb Code   110  mfrc522.o(.text)
    MFRC522_Read                             0x08017c05   Thumb Code    56  mfrc522.o(.text)
    MFRC522_Write                            0x08017c3d   Thumb Code   150  mfrc522.o(.text)
    MFRC522_Halt                             0x08017cd3   Thumb Code    44  mfrc522.o(.text)
    Mf500HostCodeKey                         0x08017cff   Thumb Code    62  mfrc522.o(.text)
    check_RFCPU_ResetInfo                    0x08017d3d   Thumb Code   150  mfrc522.o(.text)
    RequestCard                              0x08017dd3   Thumb Code    14  mfrc522.o(.text)
    CardAuthKeySub                           0x08017de1   Thumb Code    60  mfrc522.o(.text)
    MFRC522Test                              0x08017e1d   Thumb Code    32  mfrc522.o(.text)
    CV522Pcd_ResetState                      0x08017e3d   Thumb Code    34  mfrc522.o(.text)
    RC522_GPIO_INIT                          0x08017eb9   Thumb Code   106  monispi.o(.text)
    RC522_WriteByte                          0x08017f23   Thumb Code    60  monispi.o(.text)
    RC522_ReadByte                           0x08017f5f   Thumb Code    50  monispi.o(.text)
    DK_GPIO_Init                             0x08017fa5   Thumb Code   256  gpio.o(.text)
    DK_GPIO_Write_H                          0x080180a5   Thumb Code    36  gpio.o(.text)
    DK_GPIO_Write_L                          0x080180c9   Thumb Code    30  gpio.o(.text)
    DK_GPIO_AINConfig                        0x080180e7   Thumb Code    74  gpio.o(.text)
    DK_NVIC_Init                             0x0801814d   Thumb Code    72  nvic.o(.text)
    DK_NVIC_IRQ_Set                          0x08018195   Thumb Code    34  nvic.o(.text)
    DK_TIMER_Init                            0x080181b9   Thumb Code   384  time.o(.text)
    DK_TIM4_PWM_Init                         0x08018339   Thumb Code    72  time.o(.text)
    DK_TIM_OPen_INT                          0x08018381   Thumb Code    88  time.o(.text)
    TIM3_OPen_INT                            0x080183d9   Thumb Code    22  time.o(.text)
    TIM3_Close_INT                           0x080183ef   Thumb Code    22  time.o(.text)
    DK_TIM3_INT_SER                          0x08018405   Thumb Code     2  time.o(.text)
    DK_TIM4_INT_SER                          0x08018407   Thumb Code    48  time.o(.text)
    TIME4_RELOAD                             0x08018437   Thumb Code    38  time.o(.text)
    TIM3_IRQHandler                          0x0801845d   Thumb Code   260  time.o(.text)
    DK_USART_Init                            0x080185b1   Thumb Code   204  usart.o(.text)
    DK_USART_OPen_INT                        0x0801867d   Thumb Code    94  usart.o(.text)
    DK_USART_Close_INT                       0x080186db   Thumb Code    64  usart.o(.text)
    DK_USART_Send_Char                       0x0801871b   Thumb Code    96  usart.o(.text)
    DK_USART_WAIT_RXBYTE                     0x0801877b   Thumb Code    96  usart.o(.text)
    DK_USART_PUTS                            0x080187db   Thumb Code    26  usart.o(.text)
    DK_USART_PUTS_Const                      0x080187f5   Thumb Code    26  usart.o(.text)
    DK_USART_PUTS_Arry                       0x0801880f   Thumb Code    30  usart.o(.text)
    DK_USART1_Printf                         0x0801882d   Thumb Code   320  usart.o(.text)
    SerAPDU_Analyse                          0x0801896d   Thumb Code   186  usart.o(.text)
    USART1_IRQHandler                        0x08018a27   Thumb Code    48  usart.o(.text)
    SerialSendChar                           0x08018a57   Thumb Code    14  usart.o(.text)
    SerialSendArray                          0x08018a65   Thumb Code    30  usart.o(.text)
    Init_Serial                              0x08018a83   Thumb Code    12  usart.o(.text)
    Delay_Count                              0x08018aa5   Thumb Code    18  hw_config.o(.text)
    NVIC_Configuration                       0x08018ab7   Thumb Code    40  hw_config.o(.text)
    GPIO_Configuration                       0x08018adf   Thumb Code    48  hw_config.o(.text)
    System_Setup                             0x08018b0f   Thumb Code    44  hw_config.o(.text)
    WakeUpGpioSet                            0x08018b3b   Thumb Code    72  hw_config.o(.text)
    Beep_On                                  0x08018b83   Thumb Code     6  hw_config.o(.text)
    EXTI0_IRQHandler                         0x08018b89   Thumb Code    24  hw_config.o(.text)
    SW_EEPROM_Delay_nus                      0x08018bad   Thumb Code    32  iic.o(.text)
    SW_EEPROM_Delay_nms                      0x08018bcd   Thumb Code    24  iic.o(.text)
    Init_IIC                                 0x08018be5   Thumb Code    24  iic.o(.text)
    IIC_Start                                0x08018bfd   Thumb Code    52  iic.o(.text)
    IIC_Stop                                 0x08018c31   Thumb Code    54  iic.o(.text)
    IIC_Wait_Ack                             0x08018c67   Thumb Code    64  iic.o(.text)
    IIC_Ack                                  0x08018ca7   Thumb Code    58  iic.o(.text)
    IIC_NAck                                 0x08018ce1   Thumb Code    58  iic.o(.text)
    IIC_Send_Byte                            0x08018d1b   Thumb Code    80  iic.o(.text)
    IIC_Read_Byte                            0x08018d6b   Thumb Code    88  iic.o(.text)
    ChgKeyStringToUlong                      0x08018dcd   Thumb Code    34  calucationfile.o(.text)
    ChgStringsToInt                          0x08018def   Thumb Code    44  calucationfile.o(.text)
    BytesComp                                0x08018e1b   Thumb Code    34  calucationfile.o(.text)
    BytesCheckSum                            0x08018e3d   Thumb Code    46  calucationfile.o(.text)
    CalCheckSum                              0x08018e6b   Thumb Code    30  calucationfile.o(.text)
    BCD_String_Diag                          0x08018e89   Thumb Code    50  calucationfile.o(.text)
    BCDToHex                                 0x08018ebb   Thumb Code    40  calucationfile.o(.text)
    ChgBCDStringToUlong                      0x08018ee3   Thumb Code    52  calucationfile.o(.text)
    HexToBCD                                 0x08018f17   Thumb Code    24  calucationfile.o(.text)
    ChgUlongToBCDString                      0x08018f2f   Thumb Code    78  calucationfile.o(.text)
    ChgIntToStrings                          0x08018f7d   Thumb Code    48  calucationfile.o(.text)
    ChgInputToUlong                          0x08018fad   Thumb Code   170  calucationfile.o(.text)
    FormatBuffer                             0x08019057   Thumb Code    82  calucationfile.o(.text)
    GetU32_HiLo                              0x080190a9   Thumb Code    28  calucationfile.o(.text)
    GetU16_HiLo                              0x080190c5   Thumb Code    18  calucationfile.o(.text)
    PutU32_HiLo                              0x080190d7   Thumb Code    16  calucationfile.o(.text)
    PutU16_HiLo                              0x080190e7   Thumb Code     8  calucationfile.o(.text)
    DoubleBigToSmall                         0x080190ef   Thumb Code    32  calucationfile.o(.text)
    FourBigToSmall                           0x0801910f   Thumb Code    58  calucationfile.o(.text)
    HexGroupToHexString                      0x08019149   Thumb Code    74  calucationfile.o(.text)
    HexStringToHexGroup                      0x08019193   Thumb Code    66  calucationfile.o(.text)
    ReadSysParameter                         0x080191dd   Thumb Code   112  initsetparameterfile.o(.text)
    SetMainCodeSub                           0x0801924d   Thumb Code   572  initsetparameterfile.o(.text)
    ChgInputToLedBuffer                      0x08019489   Thumb Code   120  initsetparameterfile.o(.text)
    ChgUlongToLongDispBuffer                 0x08019501   Thumb Code   110  initsetparameterfile.o(.text)
    DispConsumStatus                         0x0801956f   Thumb Code    48  initsetparameterfile.o(.text)
    SetConsumModeEnableSub                   0x0801959f   Thumb Code   312  initsetparameterfile.o(.text)
    W5500_Initialization                     0x080196e1   Thumb Code    20  setw5500net.o(.text)
    InitW5500Net                             0x080196f5   Thumb Code    24  setw5500net.o(.text)
    Load_Net_Parameters                      0x0801970d   Thumb Code   360  setw5500net.o(.text)
    W5500_Socket_Set                         0x08019875   Thumb Code   106  setw5500net.o(.text)
    TCP_Analyse                              0x080198df   Thumb Code    30  setw5500net.o(.text)
    Process_Socket_Data                      0x080198fd   Thumb Code   116  setw5500net.o(.text)
    PrintConsumDatas                         0x080199d1   Thumb Code     2  consumsubfile.o(.text)
    InputSumConsumMoney                      0x080199d3   Thumb Code  2434  consumsubfile.o(.text)
    LookRecordDatas                          0x0801a355   Thumb Code    12  consumsubfile.o(.text)
    LookSysPatameter                         0x0801a361   Thumb Code   214  consumsubfile.o(.text)
    SetConsumMode                            0x0801a437   Thumb Code    62  consumsubfile.o(.text)
    KeyBoardSetSysParamenter                 0x0801a475   Thumb Code   732  consumsubfile.o(.text)
    ConsumSub                                0x0801a751   Thumb Code   606  consumsubfile.o(.text)
    LookConsumMoney                          0x0801a9af   Thumb Code     2  consumsubfile.o(.text)
    Init_Printer                             0x0801a9b1   Thumb Code     2  consumsubfile.o(.text)
    ChgMoneyToPrintBuffer                    0x0801a9b3   Thumb Code    88  consumsubfile.o(.text)
    __2sprintf                               0x0801aa7d   Thumb Code    34  noretval__2sprintf.o(.text)
    __printf                                 0x0801aaa5   Thumb Code   104  __printf.o(.text)
    _printf_int_hex                          0x0801ab0d   Thumb Code    84  _printf_hex_int.o(.text)
    _printf_longlong_hex                     0x0801ab0d   Thumb Code     0  _printf_hex_int.o(.text)
    strtol                                   0x0801ab65   Thumb Code   112  strtol.o(.text)
    strncat                                  0x0801abd5   Thumb Code    36  strncat.o(.text)
    strstr                                   0x0801abf9   Thumb Code    36  strstr.o(.text)
    memcmp                                   0x0801ac1d   Thumb Code    88  memcmp.o(.text)
    strcpy                                   0x0801ac75   Thumb Code    72  strcpy.o(.text)
    __aeabi_memcpy                           0x0801acbd   Thumb Code     0  rt_memcpy_v6.o(.text)
    __rt_memcpy                              0x0801acbd   Thumb Code   138  rt_memcpy_v6.o(.text)
    _memcpy_lastbytes                        0x0801ad23   Thumb Code     0  rt_memcpy_v6.o(.text)
    __aeabi_memcpy4                          0x0801ad47   Thumb Code     0  rt_memcpy_w.o(.text)
    __aeabi_memcpy8                          0x0801ad47   Thumb Code     0  rt_memcpy_w.o(.text)
    __rt_memcpy_w                            0x0801ad47   Thumb Code   100  rt_memcpy_w.o(.text)
    _memcpy_lastbytes_aligned                0x0801ad8f   Thumb Code     0  rt_memcpy_w.o(.text)
    __aeabi_memset                           0x0801adab   Thumb Code    16  aeabi_memset.o(.text)
    __aeabi_memclr                           0x0801adbb   Thumb Code     0  rt_memclr.o(.text)
    __rt_memclr                              0x0801adbb   Thumb Code    68  rt_memclr.o(.text)
    _memset                                  0x0801adbf   Thumb Code     0  rt_memclr.o(.text)
    __use_two_region_memory                  0x0801adff   Thumb Code     2  heapauxi.o(.text)
    __rt_heap_escrow$2region                 0x0801ae01   Thumb Code     2  heapauxi.o(.text)
    __rt_heap_expand$2region                 0x0801ae03   Thumb Code     2  heapauxi.o(.text)
    __rt_ctype_table                         0x0801ae05   Thumb Code    16  rt_ctype_table.o(.text)
    __aeabi_errno_addr                       0x0801ae15   Thumb Code     8  rt_errno_addr_intlibspace.o(.text)
    __errno$intlibspace                      0x0801ae15   Thumb Code     0  rt_errno_addr_intlibspace.o(.text)
    __rt_errno_addr$intlibspace              0x0801ae15   Thumb Code     0  rt_errno_addr_intlibspace.o(.text)
    _printf_int_common                       0x0801ae1d   Thumb Code   178  _printf_intcommon.o(.text)
    _printf_char_common                      0x0801aedb   Thumb Code    32  _printf_char_common.o(.text)
    _sputc                                   0x0801af01   Thumb Code    10  _sputc.o(.text)
    _strtoul                                 0x0801af0b   Thumb Code   158  _strtoul.o(.text)
    __aeabi_memclr4                          0x0801afa9   Thumb Code     0  rt_memclr_w.o(.text)
    __aeabi_memclr8                          0x0801afa9   Thumb Code     0  rt_memclr_w.o(.text)
    __rt_memclr_w                            0x0801afa9   Thumb Code    78  rt_memclr_w.o(.text)
    _memset_w                                0x0801afad   Thumb Code     0  rt_memclr_w.o(.text)
    __user_libspace                          0x0801aff9   Thumb Code     8  libspace.o(.text)
    __user_perproc_libspace                  0x0801aff9   Thumb Code     0  libspace.o(.text)
    __user_perthread_libspace                0x0801aff9   Thumb Code     0  libspace.o(.text)
    __rt_locale                              0x0801b001   Thumb Code     8  rt_locale_intlibspace.o(.text)
    _chval                                   0x0801b009   Thumb Code    28  _chval.o(.text)
    __user_setup_stackheap                   0x0801b025   Thumb Code    74  sys_stackheap_outer.o(.text)
    exit                                     0x0801b06f   Thumb Code    18  exit.o(.text)
    strcmp                                   0x0801b081   Thumb Code   128  strcmpv7m.o(.text)
    _sys_exit                                0x0801b101   Thumb Code     8  sys_exit.o(.text)
    __I$use$semihosting                      0x0801b10d   Thumb Code     0  use_no_semi.o(.text)
    __use_no_semihosting_swi                 0x0801b10d   Thumb Code     2  use_no_semi.o(.text)
    __semihosting_library_function           0x0801b10f   Thumb Code     0  indicate_semi.o(.text)
    _get_lc_ctype                            0x0801b111   Thumb Code    44  lc_ctype_c.o(locale$$code)
    DefaultNetDatas                          0x0801b13c   Data          22  main.o(.constdata)
    OSUnMapTbl                               0x0801b152   Data         256  os_core.o(.constdata)
    Region$$Table$$Base                      0x0801b364   Number         0  anon$$obj.o(Region$$Table)
    Region$$Table$$Limit                     0x0801b384   Number         0  anon$$obj.o(Region$$Table)
    __ctype                                  0x0801b391   Data           0  lc_ctype_c.o(locale$$data)
    bitSerial_ReceiveEnd                     0x20000000   Data           1  main.o(.data)
    SerialReceiveLen                         0x20000001   Data           1  main.o(.data)
    bitSerial_SendRequest                    0x20000002   Data           1  main.o(.data)
    SerialReCase                             0x20000003   Data           1  main.o(.data)
    bitEven                                  0x20000004   Data           1  main.o(.data)
    SerialReceiveTimeCount                   0x20000005   Data           1  main.o(.data)
    SerialReCheckSum                         0x20000006   Data           2  main.o(.data)
    SerialReCheckSumCount                    0x20000008   Data           1  main.o(.data)
    rChar                                    0x20000009   Data           1  main.o(.data)
    BeepDelayTimeCount                       0x2000000c   Data           4  main.o(.data)
    MainCode                                 0x20000010   Data           2  main.o(.data)
    ResetW5500Num                            0x20000014   Data           4  main.o(.data)
    keybuff                                  0x20000018   Data           4  main.o(.data)
    bitUpdateParameter                       0x2000001c   Data           1  main.o(.data)
    Disp0_9String                            0x2000001d   Data          10  main.o(.data)
    KeyValue                                 0x20000028   Data           4  main.o(.data)
    InputBuffer                              0x2000002c   Data           8  main.o(.data)
    Forbidden                                0x20000034   Data           1  main.o(.data)
    ReSerialComd                             0x20000035   Data           1  main.o(.data)
    ReMainCode                               0x20000036   Data           2  main.o(.data)
    CardPID                                  0x20000038   Data           4  main.o(.data)
    CardPrintNum                             0x2000003c   Data           4  main.o(.data)
    ConsumeMode                              0x20000040   Data           1  main.o(.data)
    CurrentConsumeMoney                      0x20000041   Data           4  main.o(.data)
    CurrentConsumMoney                       0x20000048   Data           4  main.o(.data)
    ConsumMode                               0x2000004c   Data           1  main.o(.data)
    Purse_num                                0x2000004d   Data           1  main.o(.data)
    Consum_Status                            0x2000004e   Data           1  main.o(.data)
    bitAddStatus                             0x2000004f   Data           1  main.o(.data)
    BeepTimes                                0x20000050   Data           4  main.o(.data)
    Num_MulValue                             0x20000054   Data           1  main.o(.data)
    MoneyMulValue                            0x20000055   Data           1  main.o(.data)
    InputCount                               0x20000056   Data           1  main.o(.data)
    Falsh_TimeCount                          0x20000058   Data           4  main.o(.data)
    SysTimeDatas                             0x2000005c   Data           6  main.o(.data)
    SysTimeDatasBak                          0x20000062   Data           6  main.o(.data)
    Pos_SysDate                              0x20000068   Data           6  main.o(.data)
    DispModeChar                             0x2000006e   Data           5  main.o(.data)
    PosVerString                             0x20000073   Data           9  main.o(.data)
    LedWattingChar                           0x2000007c   Data           1  main.o(.data)
    TypeA_Sort                               0x2000007d   Data           1  main.o(.data)
    CardType                                 0x2000007e   Data           2  main.o(.data)
    CardSerialNum                            0x20000080   Data           4  main.o(.data)
    CardSerialNumBak                         0x20000084   Data           4  main.o(.data)
    CPU_RcLen                                0x20000088   Data           4  main.o(.data)
    CardIdentity                             0x2000008c   Data           1  main.o(.data)
    Card_Rebate                              0x2000008d   Data           1  main.o(.data)
    InputCase                                0x2000008e   Data           1  main.o(.data)
    InputNum                                 0x2000008f   Data           1  main.o(.data)
    SingleMoney                              0x20000090   Data           4  main.o(.data)
    bitInPutPoint                            0x20000094   Data           1  main.o(.data)
    InputMaxNum                              0x20000095   Data           1  main.o(.data)
    MulData                                  0x20000096   Data           2  main.o(.data)
    BatModeFlag                              0x20000098   Data           1  main.o(.data)
    bitHaveReadBalance                       0x20000099   Data           1  main.o(.data)
    Resend_Num                               0x2000009a   Data           1  main.o(.data)
    ConsumModeEnable                         0x2000009b   Data           1  main.o(.data)
    SumConsumMoney                           0x2000009c   Data           4  main.o(.data)
    SumPrintMoney                            0x200000a0   Data           4  main.o(.data)
    fristLook                                0x200000a4   Data           1  main.o(.data)
    LookOk                                   0x200000a5   Data           1  main.o(.data)
    LookMony                                 0x200000a6   Data           8  main.o(.data)
    bitLookSysDatas                          0x200000ae   Data           1  main.o(.data)
    bitDispFlash                             0x200000af   Data           1  main.o(.data)
    OutTimeFlag                              0x200000b0   Data           1  main.o(.data)
    Consum_Datas                             0x200000b1   Data           8  main.o(.data)
    HaveQueryConDat                          0x200000b9   Data           1  main.o(.data)
    HeartBeatNum                             0x200000ba   Data           1  main.o(.data)
    NeedDispFlag                             0x200000bb   Data           1  main.o(.data)
    DispHardeErrorString                     0x200000bc   Data          96  main.o(.data)
    DispErrorString                          0x2000011c   Data         432  main.o(.data)
    SemEthMac                                0x200002cc   Data           4  main.o(.data)
    HaveReceiveData_Semp                     0x200002d0   Data           4  main.o(.data)
    NeedSendData_Semp                        0x200002d4   Data           4  main.o(.data)
    SystemCoreClock                          0x200002ec   Data           4  system_stm32f10x.o(.data)
    AHBPrescTable                            0x200002f0   Data          16  system_stm32f10x.o(.data)
    OSCtxSwCtr                               0x20000300   Data           4  os_core.o(.data)
    OSEventFreeList                          0x20000304   Data           4  os_core.o(.data)
    OSFlagFreeList                           0x20000308   Data           4  os_core.o(.data)
    OSCPUUsage                               0x2000030c   Data           1  os_core.o(.data)
    OSIdleCtrMax                             0x20000310   Data           4  os_core.o(.data)
    OSIdleCtrRun                             0x20000314   Data           4  os_core.o(.data)
    OSStatRdy                                0x20000318   Data           1  os_core.o(.data)
    OSIntNesting                             0x20000319   Data           1  os_core.o(.data)
    OSLockNesting                            0x2000031a   Data           1  os_core.o(.data)
    OSPrioCur                                0x2000031b   Data           1  os_core.o(.data)
    OSPrioHighRdy                            0x2000031c   Data           1  os_core.o(.data)
    OSRdyGrp                                 0x2000031d   Data           1  os_core.o(.data)
    OSRdyTbl                                 0x2000031e   Data           4  os_core.o(.data)
    OSRunning                                0x20000322   Data           1  os_core.o(.data)
    OSTaskCtr                                0x20000323   Data           1  os_core.o(.data)
    OSIdleCtr                                0x20000324   Data           4  os_core.o(.data)
    OSTCBCur                                 0x20000328   Data           4  os_core.o(.data)
    OSTCBFreeList                            0x2000032c   Data           4  os_core.o(.data)
    OSTCBHighRdy                             0x20000330   Data           4  os_core.o(.data)
    OSTCBList                                0x20000334   Data           4  os_core.o(.data)
    OSTickStepState                          0x20000338   Data           1  os_core.o(.data)
    OSTime                                   0x2000033c   Data           4  os_core.o(.data)
    LoadProgamReDatas                        0x20000340   Data           6  bsp.o(.data)
    DownLoadPragamSymbl                      0x20000346   Data           6  bsp.o(.data)
    Gateway_IP                               0x2000034c   Data           4  w5500.o(.data)
    Sub_Mask                                 0x20000350   Data           4  w5500.o(.data)
    Phy_Addr                                 0x20000354   Data           6  w5500.o(.data)
    IP_Addr                                  0x2000035a   Data           4  w5500.o(.data)
    S0_Port                                  0x2000035e   Data           2  w5500.o(.data)
    S0_DIP                                   0x20000360   Data           4  w5500.o(.data)
    S0_DPort                                 0x20000364   Data           2  w5500.o(.data)
    S1_Port                                  0x20000366   Data           2  w5500.o(.data)
    S1_DIP                                   0x20000368   Data           4  w5500.o(.data)
    S1_DPort                                 0x2000036c   Data           2  w5500.o(.data)
    S2_Port                                  0x2000036e   Data           2  w5500.o(.data)
    S2_DIP                                   0x20000370   Data           4  w5500.o(.data)
    S2_DPort                                 0x20000374   Data           2  w5500.o(.data)
    UDP_DIPR                                 0x20000376   Data           4  w5500.o(.data)
    UDP_DPORT                                0x2000037a   Data           2  w5500.o(.data)
    S0_Mode                                  0x2000037c   Data           1  w5500.o(.data)
    S1_Mode                                  0x2000037d   Data           1  w5500.o(.data)
    S2_Mode                                  0x2000037e   Data           1  w5500.o(.data)
    S0_State                                 0x2000037f   Data           1  w5500.o(.data)
    S1_State                                 0x20000380   Data           1  w5500.o(.data)
    S2_State                                 0x20000381   Data           1  w5500.o(.data)
    S0_Data                                  0x20000382   Data           1  w5500.o(.data)
    S1_Data                                  0x20000383   Data           1  w5500.o(.data)
    S2_Data                                  0x20000384   Data           1  w5500.o(.data)
    W5500_Interrupt                          0x20000385   Data           1  w5500.o(.data)
    POSVersion                               0x20000386   Data           1  uart_data_analyse.o(.data)
    bitSysTimeDisable                        0x20000387   Data           1  pcf8563.o(.data)
    irq_regdata                              0x20000388   Data           1  mfrc522.o(.data)
    wait_count                               0x2000038a   Data           2  mfrc522.o(.data)
    error_regdata                            0x2000038c   Data           1  mfrc522.o(.data)
    last_bitsdata                            0x2000038d   Data           1  mfrc522.o(.data)
    card_pydebuf                             0x2000038e   Data           2  mfrc522.o(.data)
    card_key0Abuf                            0x20000390   Data           6  mfrc522.o(.data)
    card_writebuf                            0x20000396   Data          16  mfrc522.o(.data)
    T3_TimeCount                             0x200003a8   Data           1  time.o(.data)
    Led_Open_time                            0x200003ac   Data           4  time.o(.data)
    DelayReadCardTimeCount                   0x200003b0   Data           1  time.o(.data)
    ReadKey_Pause                            0x200003b1   Data           1  time.o(.data)
    bitHaveKey                               0x200003b2   Data           1  time.o(.data)
    bitHaveReleaseKey                        0x200003b3   Data           1  time.o(.data)
    temp                                     0x200003b4   Data           4  time.o(.data)
    TIME4_Taketime                           0x200003b8   Data           1  time.o(.data)
    TIME4_Retry                              0x200003b9   Data           1  time.o(.data)
    Time4_countnum                           0x200003ba   Data           1  time.o(.data)
    Uart_Rec_Len                             0x200003bb   Data           1  usart.o(.data)
    Uart_Snd_Len                             0x200003bc   Data           1  usart.o(.data)
    bitSetDateEnable                         0x200003bd   Data           1  initsetparameterfile.o(.data)
    bitPinEnable                             0x200003be   Data           1  initsetparameterfile.o(.data)
    UdpDatasCount                            0x200003c0   Data           2  setw5500net.o(.data)
    ReAddrCount                              0x200003c2   Data           1  setw5500net.o(.data)
    bitHaveReComd                            0x200003c3   Data           1  setw5500net.o(.data)
    ReComputerAddr                           0x200003c4   Data           2  setw5500net.o(.data)
    TCPPacketNum                             0x200003c6   Data           1  setw5500net.o(.data)
    ReceivedataLen                           0x200003c8   Data           2  setw5500net.o(.data)
    InputMenuSort                            0x200003ca   Data           1  consumsubfile.o(.data)
    ShuRuMoney_Err                           0x200003cb   Data           1  consumsubfile.o(.data)
    bitHaveLedError                          0x200003cc   Data           1  consumsubfile.o(.data)
    ConsumCase                               0x200003cd   Data           1  consumsubfile.o(.data)
    MenuSort                                 0x200003ce   Data           2  consumsubfile.o(.data)
    DispBuffer                               0x200003d0   Data          11  main.o(.bss)
    SerialUnion                              0x200003dc   Data         150  main.o(.bss)
    CPU_CommBuf                              0x20000472   Data          50  main.o(.bss)
    OSEventTbl                               0x200036a4   Data         320  os_core.o(.bss)
    OSFlagTbl                                0x200037e4   Data         140  os_core.o(.bss)
    OSTaskStatStk                            0x20003870   Data         512  os_core.o(.bss)
    OSTaskIdleStk                            0x20003a70   Data         512  os_core.o(.bss)
    OSTCBPrioTbl                             0x20003c70   Data         128  os_core.o(.bss)
    OSTCBTbl                                 0x20003cf0   Data        1056  os_core.o(.bss)
    Rx_Buffer                                0x20004110   Data        1024  w5500.o(.bss)
    Tx_Buffer                                0x20004510   Data        1024  w5500.o(.bss)
    Uart_Rec_Data                            0x20004910   Data          25  usart.o(.bss)
    Uart_Snd_Data                            0x20004929   Data          25  usart.o(.bss)
    __libspace_start                         0x20004944   Data          96  libspace.o(.bss)
    __temporary_stack_top$libspace           0x200049a4   Data           0  libspace.o(.bss)



==============================================================================

Memory Map of the image

  Image Entry point : 0x08010119

  Load Region LR_IROM1 (Base: 0x08010000, Size: 0x0000b864, Max: 0x00040000, ABSOLUTE, COMPRESSED[0x0000b56c])

    Execution Region ER_IROM1 (Base: 0x08010000, Size: 0x0000b494, Max: 0x00040000, ABSOLUTE)

    Base Addr    Size         Type   Attr      Idx    E Section Name        Object

    0x08010000   0x00000118   Code   RO            3    RESET               stm32f10x_startup.o
    0x08010118   0x00000008   Code   RO          998  * !!!main             c_w.l(__main.o)
    0x08010120   0x00000034   Code   RO         1189    !!!scatter          c_w.l(__scatter.o)
    0x08010154   0x0000005a   Code   RO         1187    !!dczerorl2         c_w.l(__dczerorl2.o)
    0x080101ae   0x00000002   PAD
    0x080101b0   0x0000001c   Code   RO         1191    !!handler_zi        c_w.l(__scatter_zi.o)
    0x080101cc   0x00000000   Code   RO          977    .ARM.Collect$$_printf_percent$$00000000  c_w.l(_printf_percent.o)
    0x080101cc   0x00000006   Code   RO          976    .ARM.Collect$$_printf_percent$$0000000C  c_w.l(_printf_x.o)
    0x080101d2   0x00000004   Code   RO         1014    .ARM.Collect$$_printf_percent$$00000017  c_w.l(_printf_percent_end.o)
    0x080101d6   0x00000002   Code   RO         1060    .ARM.Collect$$libinit$$00000000  c_w.l(libinit.o)
    0x080101d8   0x00000000   Code   RO         1062    .ARM.Collect$$libinit$$00000002  c_w.l(libinit2.o)
    0x080101d8   0x00000000   Code   RO         1064    .ARM.Collect$$libinit$$00000004  c_w.l(libinit2.o)
    0x080101d8   0x00000000   Code   RO         1067    .ARM.Collect$$libinit$$0000000A  c_w.l(libinit2.o)
    0x080101d8   0x00000000   Code   RO         1069    .ARM.Collect$$libinit$$0000000C  c_w.l(libinit2.o)
    0x080101d8   0x00000000   Code   RO         1071    .ARM.Collect$$libinit$$0000000E  c_w.l(libinit2.o)
    0x080101d8   0x00000006   Code   RO         1072    .ARM.Collect$$libinit$$0000000F  c_w.l(libinit2.o)
    0x080101de   0x00000000   Code   RO         1074    .ARM.Collect$$libinit$$00000011  c_w.l(libinit2.o)
    0x080101de   0x0000000c   Code   RO         1075    .ARM.Collect$$libinit$$00000012  c_w.l(libinit2.o)
    0x080101ea   0x00000000   Code   RO         1076    .ARM.Collect$$libinit$$00000013  c_w.l(libinit2.o)
    0x080101ea   0x00000000   Code   RO         1078    .ARM.Collect$$libinit$$00000015  c_w.l(libinit2.o)
    0x080101ea   0x00000000   Code   RO         1080    .ARM.Collect$$libinit$$00000017  c_w.l(libinit2.o)
    0x080101ea   0x00000000   Code   RO         1082    .ARM.Collect$$libinit$$00000019  c_w.l(libinit2.o)
    0x080101ea   0x00000000   Code   RO         1084    .ARM.Collect$$libinit$$0000001B  c_w.l(libinit2.o)
    0x080101ea   0x00000000   Code   RO         1086    .ARM.Collect$$libinit$$0000001D  c_w.l(libinit2.o)
    0x080101ea   0x00000000   Code   RO         1088    .ARM.Collect$$libinit$$0000001F  c_w.l(libinit2.o)
    0x080101ea   0x00000000   Code   RO         1090    .ARM.Collect$$libinit$$00000021  c_w.l(libinit2.o)
    0x080101ea   0x00000000   Code   RO         1092    .ARM.Collect$$libinit$$00000023  c_w.l(libinit2.o)
    0x080101ea   0x00000000   Code   RO         1094    .ARM.Collect$$libinit$$00000025  c_w.l(libinit2.o)
    0x080101ea   0x00000000   Code   RO         1098    .ARM.Collect$$libinit$$0000002C  c_w.l(libinit2.o)
    0x080101ea   0x00000000   Code   RO         1100    .ARM.Collect$$libinit$$0000002E  c_w.l(libinit2.o)
    0x080101ea   0x00000000   Code   RO         1102    .ARM.Collect$$libinit$$00000030  c_w.l(libinit2.o)
    0x080101ea   0x00000000   Code   RO         1104    .ARM.Collect$$libinit$$00000032  c_w.l(libinit2.o)
    0x080101ea   0x00000002   Code   RO         1105    .ARM.Collect$$libinit$$00000033  c_w.l(libinit2.o)
    0x080101ec   0x00000002   Code   RO         1135    .ARM.Collect$$libshutdown$$00000000  c_w.l(libshutdown.o)
    0x080101ee   0x00000000   Code   RO         1146    .ARM.Collect$$libshutdown$$00000002  c_w.l(libshutdown2.o)
    0x080101ee   0x00000000   Code   RO         1148    .ARM.Collect$$libshutdown$$00000004  c_w.l(libshutdown2.o)
    0x080101ee   0x00000000   Code   RO         1151    .ARM.Collect$$libshutdown$$00000007  c_w.l(libshutdown2.o)
    0x080101ee   0x00000000   Code   RO         1154    .ARM.Collect$$libshutdown$$0000000A  c_w.l(libshutdown2.o)
    0x080101ee   0x00000000   Code   RO         1156    .ARM.Collect$$libshutdown$$0000000C  c_w.l(libshutdown2.o)
    0x080101ee   0x00000000   Code   RO         1159    .ARM.Collect$$libshutdown$$0000000F  c_w.l(libshutdown2.o)
    0x080101ee   0x00000002   Code   RO         1160    .ARM.Collect$$libshutdown$$00000010  c_w.l(libshutdown2.o)
    0x080101f0   0x00000000   Code   RO         1000    .ARM.Collect$$rtentry$$00000000  c_w.l(__rtentry.o)
    0x080101f0   0x00000000   Code   RO         1023    .ARM.Collect$$rtentry$$00000002  c_w.l(__rtentry2.o)
    0x080101f0   0x00000006   Code   RO         1035    .ARM.Collect$$rtentry$$00000004  c_w.l(__rtentry4.o)
    0x080101f6   0x00000000   Code   RO         1025    .ARM.Collect$$rtentry$$00000009  c_w.l(__rtentry2.o)
    0x080101f6   0x00000004   Code   RO         1026    .ARM.Collect$$rtentry$$0000000A  c_w.l(__rtentry2.o)
    0x080101fa   0x00000000   Code   RO         1028    .ARM.Collect$$rtentry$$0000000C  c_w.l(__rtentry2.o)
    0x080101fa   0x00000008   Code   RO         1029    .ARM.Collect$$rtentry$$0000000D  c_w.l(__rtentry2.o)
    0x08010202   0x00000002   Code   RO         1106    .ARM.Collect$$rtexit$$00000000  c_w.l(rtexit.o)
    0x08010204   0x00000000   Code   RO         1113    .ARM.Collect$$rtexit$$00000002  c_w.l(rtexit2.o)
    0x08010204   0x00000004   Code   RO         1114    .ARM.Collect$$rtexit$$00000003  c_w.l(rtexit2.o)
    0x08010208   0x00000006   Code   RO         1115    .ARM.Collect$$rtexit$$00000004  c_w.l(rtexit2.o)
    0x0801020e   0x00000002   PAD
    0x08010210   0x0000001c   Code   RO            4    .text               stm32f10x_startup.o
    0x0801022c   0x00000204   Code   RO           11    .text               main.o
    0x08010430   0x000000b0   Code   RO          142    .text               stm32f10x_it.o
    0x080104e0   0x0000035c   Code   RO          160    .text               stm32f10x_gpio.o
    0x0801083c   0x000003a4   Code   RO          172    .text               stm32f10x_rcc.o
    0x08010be0   0x00000e1a   Code   RO          201    .text               stm32f10x_tim.o
    0x080119fa   0x00000002   PAD
    0x080119fc   0x000000dc   Code   RO          216    .text               misc.o
    0x08011ad8   0x00000408   Code   RO          231    .text               stm32f10x_usart.o
    0x08011ee0   0x0000011c   Code   RO          246    .text               stm32f10x_exti.o
    0x08011ffc   0x000005bc   Code   RO          261    .text               stm32f10x_flash.o
    0x080125b8   0x0000030c   Code   RO          291    .text               stm32f10x_spi.o
    0x080128c4   0x000001e0   Code   RO          316    .text               system_stm32f10x.o
    0x08012aa4   0x000000a8   Code   RO          341    .text               os_cpu_a.o
    0x08012b4c   0x000000dc   Code   RO          344    .text               os_cpu_c.o
    0x08012c28   0x00000016   Code   RO          376    .text               cpu_a.o
    0x08012c3e   0x00000002   PAD
    0x08012c40   0x000009f0   Code   RO          389    .text               os_core.o
    0x08013630   0x00000838   Code   RO          409    .text               os_flag.o
    0x08013e68   0x00000610   Code   RO          439    .text               os_mutex.o
    0x08014478   0x000003b4   Code   RO          457    .text               os_sem.o
    0x0801482c   0x00000784   Code   RO          469    .text               os_task.o
    0x08014fb0   0x000001bc   Code   RO          481    .text               os_time.o
    0x0801516c   0x00000160   Code   RO          493    .text               bsp.o
    0x080152cc   0x00000194   Code   RO          544    .text               at24c64.o
    0x08015460   0x00000026   Code   RO          559    .text               delay.o
    0x08015486   0x00000002   PAD
    0x08015488   0x0000106c   Code   RO          574    .text               disp_1629dfile.o
    0x080164f4   0x000001a0   Code   RO          597    .text               scankeyfiles.o
    0x08016694   0x00000b50   Code   RO          620    .text               w5500.o
    0x080171e4   0x0000003c   Code   RO          639    .text               watchdog.o
    0x08017220   0x00000248   Code   RO          654    .text               uart_data_analyse.o
    0x08017468   0x000002e0   Code   RO          680    .text               pcf8563.o
    0x08017748   0x00000738   Code   RO          698    .text               mfrc522.o
    0x08017e80   0x00000124   Code   RO          723    .text               monispi.o
    0x08017fa4   0x000001a8   Code   RO          756    .text               gpio.o
    0x0801814c   0x0000006a   Code   RO          768    .text               nvic.o
    0x080181b6   0x00000002   PAD
    0x080181b8   0x000003f8   Code   RO          780    .text               time.o
    0x080185b0   0x000004f4   Code   RO          805    .text               usart.o
    0x08018aa4   0x00000108   Code   RO          824    .text               hw_config.o
    0x08018bac   0x00000220   Code   RO          839    .text               iic.o
    0x08018dcc   0x00000410   Code   RO          854    .text               calucationfile.o
    0x080191dc   0x00000504   Code   RO          872    .text               initsetparameterfile.o
    0x080196e0   0x000002f0   Code   RO          891    .text               setw5500net.o
    0x080199d0   0x000010ac   Code   RO          912    .text               consumsubfile.o
    0x0801aa7c   0x00000028   Code   RO          931    .text               c_w.l(noretval__2sprintf.o)
    0x0801aaa4   0x00000068   Code   RO          933    .text               c_w.l(__printf.o)
    0x0801ab0c   0x00000058   Code   RO          938    .text               c_w.l(_printf_hex_int.o)
    0x0801ab64   0x00000070   Code   RO          978    .text               c_w.l(strtol.o)
    0x0801abd4   0x00000024   Code   RO          980    .text               c_w.l(strncat.o)
    0x0801abf8   0x00000024   Code   RO          982    .text               c_w.l(strstr.o)
    0x0801ac1c   0x00000058   Code   RO          984    .text               c_w.l(memcmp.o)
    0x0801ac74   0x00000048   Code   RO          986    .text               c_w.l(strcpy.o)
    0x0801acbc   0x0000008a   Code   RO          988    .text               c_w.l(rt_memcpy_v6.o)
    0x0801ad46   0x00000064   Code   RO          990    .text               c_w.l(rt_memcpy_w.o)
    0x0801adaa   0x00000010   Code   RO          992    .text               c_w.l(aeabi_memset.o)
    0x0801adba   0x00000044   Code   RO          994    .text               c_w.l(rt_memclr.o)
    0x0801adfe   0x00000006   Code   RO          996    .text               c_w.l(heapauxi.o)
    0x0801ae04   0x00000010   Code   RO         1001    .text               c_w.l(rt_ctype_table.o)
    0x0801ae14   0x00000008   Code   RO         1006    .text               c_w.l(rt_errno_addr_intlibspace.o)
    0x0801ae1c   0x000000b2   Code   RO         1008    .text               c_w.l(_printf_intcommon.o)
    0x0801aece   0x00000002   PAD
    0x0801aed0   0x00000030   Code   RO         1010    .text               c_w.l(_printf_char_common.o)
    0x0801af00   0x0000000a   Code   RO         1012    .text               c_w.l(_sputc.o)
    0x0801af0a   0x0000009e   Code   RO         1015    .text               c_w.l(_strtoul.o)
    0x0801afa8   0x0000004e   Code   RO         1017    .text               c_w.l(rt_memclr_w.o)
    0x0801aff6   0x00000002   PAD
    0x0801aff8   0x00000008   Code   RO         1019    .text               c_w.l(libspace.o)
    0x0801b000   0x00000008   Code   RO         1040    .text               c_w.l(rt_locale_intlibspace.o)
    0x0801b008   0x0000001c   Code   RO         1044    .text               c_w.l(_chval.o)
    0x0801b024   0x0000004a   Code   RO         1049    .text               c_w.l(sys_stackheap_outer.o)
    0x0801b06e   0x00000012   Code   RO         1051    .text               c_w.l(exit.o)
    0x0801b080   0x00000080   Code   RO         1053    .text               c_w.l(strcmpv7m.o)
    0x0801b100   0x0000000c   Code   RO         1125    .text               c_w.l(sys_exit.o)
    0x0801b10c   0x00000002   Code   RO         1136    .text               c_w.l(use_no_semi.o)
    0x0801b10e   0x00000000   Code   RO         1138    .text               c_w.l(indicate_semi.o)
    0x0801b10e   0x00000002   PAD
    0x0801b110   0x0000002c   Code   RO         1047    locale$$code        c_w.l(lc_ctype_c.o)
    0x0801b13c   0x00000016   Data   RO           13    .constdata          main.o
    0x0801b152   0x00000100   Data   RO          391    .constdata          os_core.o
    0x0801b252   0x00000002   PAD
    0x0801b254   0x000000e7   Data   RO          575    .constdata          disp_1629dfile.o
    0x0801b33b   0x00000028   Data   RO          939    .constdata          c_w.l(_printf_hex_int.o)
    0x0801b363   0x00000001   PAD
    0x0801b364   0x00000020   Data   RO         1185    Region$$Table       anon$$obj.o
    0x0801b384   0x00000110   Data   RO         1046    locale$$data        c_w.l(lc_ctype_c.o)


    Execution Region RW_IRAM1 (Base: 0x20000000, Size: 0x000051a8, Max: 0x0000c000, ABSOLUTE, COMPRESSED[0x000000d8])

    Base Addr    Size         Type   Attr      Idx    E Section Name        Object

    0x20000000   0x000002d8   Data   RW           14    .data               main.o
    0x200002d8   0x00000014   Data   RW          173    .data               stm32f10x_rcc.o
    0x200002ec   0x00000014   Data   RW          317    .data               system_stm32f10x.o
    0x20000300   0x00000040   Data   RW          392    .data               os_core.o
    0x20000340   0x0000000c   Data   RW          494    .data               bsp.o
    0x2000034c   0x0000003a   Data   RW          622    .data               w5500.o
    0x20000386   0x00000001   Data   RW          655    .data               uart_data_analyse.o
    0x20000387   0x00000001   Data   RW          681    .data               pcf8563.o
    0x20000388   0x0000001e   Data   RW          700    .data               mfrc522.o
    0x200003a6   0x00000002   PAD
    0x200003a8   0x00000013   Data   RW          781    .data               time.o
    0x200003bb   0x00000002   Data   RW          807    .data               usart.o
    0x200003bd   0x00000002   Data   RW          873    .data               initsetparameterfile.o
    0x200003bf   0x00000001   PAD
    0x200003c0   0x0000000a   Data   RW          892    .data               setw5500net.o
    0x200003ca   0x00000006   Data   RW          913    .data               consumsubfile.o
    0x200003d0   0x000032d4   Zero   RW           12    .bss                main.o
    0x200036a4   0x00000a6c   Zero   RW          390    .bss                os_core.o
    0x20004110   0x00000800   Zero   RW          621    .bss                w5500.o
    0x20004910   0x00000032   Zero   RW          806    .bss                usart.o
    0x20004942   0x00000002   PAD
    0x20004944   0x00000060   Zero   RW         1020    .bss                c_w.l(libspace.o)
    0x200049a4   0x00000004   PAD
    0x200049a8   0x00000400   Zero   RW            2    HEAP                stm32f10x_startup.o
    0x20004da8   0x00000400   Zero   RW            1    STACK               stm32f10x_startup.o


==============================================================================

Image component sizes


      Code (inc. data)   RO Data    RW Data    ZI Data      Debug   Object Name

       404          0          0          0          0       2339   at24c64.o
       352         34          0         12          0      17049   bsp.o
      1040          8          0          0          0       6341   calucationfile.o
      4268        368          0          6          0       5703   consumsubfile.o
        22          0          0          0          0        236   cpu_a.o
        38          0          0          0          0        629   delay.o
      4204        278        231          0          0       9833   disp_1629dfile.o
       424         46          0          0          0       2005   gpio.o
       264         12          0          0          0       2116   hw_config.o
       544         10          0          0          0       2236   iic.o
      1284         98          0          2          0       3451   initsetparameterfile.o
       516         94         22        728      13012     245371   main.o
      1848         42          0         30          0       8882   mfrc522.o
       220         22          0          0          0       3321   misc.o
       292         20          0          0          0       1249   monispi.o
       106          6          0          0          0        895   nvic.o
      2544        244        256         64       2668      17158   os_core.o
       168         40          0          0          0        292   os_cpu_a.o
       220          0          0          0          0      11634   os_cpu_c.o
      2104         38          0          0          0       7108   os_flag.o
      1552         42          0          0          0       4598   os_mutex.o
       948         18          0          0          0       4082   os_sem.o
      1924         66          0          0          0       6917   os_task.o
       444         24          0          0          0       1870   os_time.o
         0          0          0          0          0       8717   os_tmr.o
       736         30          0          1          0       3536   pcf8563.o
       416         14          0          0          0       1151   scankeyfiles.o
       752         96          0         10          0       2270   setw5500net.o
       284         10          0          0          0       4271   stm32f10x_exti.o
      1468         34          0          0          0      14390   stm32f10x_flash.o
       860         38          0          0          0       5621   stm32f10x_gpio.o
       176          6          0          0          0       7015   stm32f10x_it.o
       932         36          0         20          0       8764   stm32f10x_rcc.o
       780         14          0          0          0      13370   stm32f10x_spi.o
       308        280          0          0       2048        492   stm32f10x_startup.o
      3610         88          0          0          0      43032   stm32f10x_tim.o
      1032         22          0          0          0      14340   stm32f10x_usart.o
       480         40          0         20          0       1683   system_stm32f10x.o
      1016         80          0         19          0       2997   time.o
       584         74          0          1          0       1841   uart_data_analyse.o
      1268         58          0          2         50       4888   usart.o
      2896        108          0         58       2048      12371   w5500.o
        60         18          0          0          0        781   watchdog.o

    ----------------------------------------------------------------------
     43396       2556        543        976      19828     516845   Object Totals
         0          0         32          0          0          0   (incl. Generated)
         8          0          2          3          2          0   (incl. Padding)

    ----------------------------------------------------------------------

      Code (inc. data)   RO Data    RW Data    ZI Data      Debug   Library Member Name

        90          0          0          0          0          0   __dczerorl2.o
         8          0          0          0          0         68   __main.o
       104          0          0          0          0         84   __printf.o
         0          0          0          0          0          0   __rtentry.o
        12          0          0          0          0          0   __rtentry2.o
         6          0          0          0          0          0   __rtentry4.o
        52          8          0          0          0          0   __scatter.o
        28          0          0          0          0          0   __scatter_zi.o
        28          0          0          0          0         68   _chval.o
        48          6          0          0          0         96   _printf_char_common.o
        88          4         40          0          0         88   _printf_hex_int.o
       178          0          0          0          0         88   _printf_intcommon.o
         0          0          0          0          0          0   _printf_percent.o
         4          0          0          0          0          0   _printf_percent_end.o
         6          0          0          0          0          0   _printf_x.o
        10          0          0          0          0         68   _sputc.o
       158          0          0          0          0         92   _strtoul.o
        16          0          0          0          0         68   aeabi_memset.o
        18          0          0          0          0         80   exit.o
         6          0          0          0          0        152   heapauxi.o
         0          0          0          0          0          0   indicate_semi.o
        44         10        272          0          0         76   lc_ctype_c.o
         2          0          0          0          0          0   libinit.o
        20          0          0          0          0          0   libinit2.o
         2          0          0          0          0          0   libshutdown.o
         2          0          0          0          0          0   libshutdown2.o
         8          4          0          0         96         68   libspace.o
        88          0          0          0          0         76   memcmp.o
        40          6          0          0          0         84   noretval__2sprintf.o
        16          4          0          0          0         76   rt_ctype_table.o
         8          4          0          0          0         68   rt_errno_addr_intlibspace.o
         8          4          0          0          0         68   rt_locale_intlibspace.o
        68          0          0          0          0         68   rt_memclr.o
        78          0          0          0          0         80   rt_memclr_w.o
       138          0          0          0          0         68   rt_memcpy_v6.o
       100          0          0          0          0         80   rt_memcpy_w.o
         2          0          0          0          0          0   rtexit.o
        10          0          0          0          0          0   rtexit2.o
       128          0          0          0          0         68   strcmpv7m.o
        72          0          0          0          0         80   strcpy.o
        36          0          0          0          0         76   strncat.o
        36          0          0          0          0         80   strstr.o
       112          0          0          0          0         88   strtol.o
        12          4          0          0          0         68   sys_exit.o
        74          0          0          0          0         80   sys_stackheap_outer.o
         2          0          0          0          0         68   use_no_semi.o

    ----------------------------------------------------------------------
      1976         54        313          0        100       2372   Library Totals
        10          0          1          0          4          0   (incl. Padding)

    ----------------------------------------------------------------------

      Code (inc. data)   RO Data    RW Data    ZI Data      Debug   Library Name

      1966         54        312          0         96       2372   c_w.l

    ----------------------------------------------------------------------
      1976         54        313          0        100       2372   Library Totals

    ----------------------------------------------------------------------

==============================================================================


      Code (inc. data)   RO Data    RW Data    ZI Data      Debug   

     45372       2610        856        976      19928     514221   Grand Totals
     45372       2610        856        216      19928     514221   ELF Image Totals (compressed)
     45372       2610        856        216          0          0   ROM Totals

==============================================================================

    Total RO  Size (Code + RO Data)                46228 (  45.14kB)
    Total RW  Size (RW Data + ZI Data)             20904 (  20.41kB)
    Total ROM Size (Code + RO Data + RW Data)      46444 (  45.36kB)

==============================================================================

