Component: ARM Compiler 5.06 update 4 (build 422) Tool: armlink [4d35d2]

==============================================================================

Section Cross References

    stm32f10x_startup.o(STACK) refers (Special) to heapauxi.o(.text) for __use_two_region_memory
    stm32f10x_startup.o(HEAP) refers (Special) to heapauxi.o(.text) for __use_two_region_memory
    stm32f10x_startup.o(RESET) refers (Special) to heapauxi.o(.text) for __use_two_region_memory
    stm32f10x_startup.o(RESET) refers to stm32f10x_startup.o(STACK) for Stack
    stm32f10x_startup.o(RESET) refers to os_cpu_a.o(.text) for OSPendSV
    stm32f10x_startup.o(RESET) refers to stm32f10x_it.o(.text) for SysTickHandler
    stm32f10x_startup.o(RESET) refers to hw_config.o(.text) for EXTI0_IRQHandler
    stm32f10x_startup.o(RESET) refers to w5500.o(.text) for EXTI1_IRQHandler
    stm32f10x_startup.o(RESET) refers to time.o(.text) for TIM3_IRQHandler
    stm32f10x_startup.o(RESET) refers to usart.o(.text) for USART1_IRQHandler
    stm32f10x_startup.o(RESET) refers to __main.o(!!!main) for __main
    stm32f10x_startup.o(.text) refers (Special) to heapauxi.o(.text) for __use_two_region_memory
    stm32f10x_startup.o(.text) refers to stm32f10x_startup.o(HEAP) for Heap
    stm32f10x_startup.o(.text) refers to stm32f10x_startup.o(STACK) for Stack
    main.o(.text) refers to os_task.o(.text) for OSTaskCreateExt
    main.o(.text) refers to bsp.o(.text) for OS_CPU_SysTickInit
    main.o(.text) refers to os_core.o(.text) for OSStatInit
    main.o(.text) refers to os_mutex.o(.text) for OSMutexCreate
    main.o(.text) refers to os_sem.o(.text) for OSSemCreate
    main.o(.text) refers to setw5500net.o(.text) for InitW5500Net
    main.o(.text) refers to w5500.o(.text) for Socket_Init
    main.o(.text) refers to task_eth_rec_data.o(.text) for tcp_send_and_rec_packet
    main.o(.text) refers to cjson.o(.text) for cJSON_Parse
    main.o(.text) refers to strcmpv7m.o(.text) for strcmp
    main.o(.text) refers to rt_memclr.o(.text) for __aeabi_memclr
    main.o(.text) refers to strlen.o(.text) for strlen
    main.o(.text) refers to rt_memcpy_v6.o(.text) for __aeabi_memcpy
    main.o(.text) refers to calucationfile.o(.text) for HexStringToHexGroup
    main.o(.text) refers to pcf8563.o(.text) for Set_Sysdate
    main.o(.text) refers to atoi.o(.text) for atoi
    main.o(.text) refers to at24c64.o(.text) for WrBytesToAT24C64
    main.o(.text) refers to main.o(.bss) for AppTaskDOWNStk
    main.o(.text) refers to downfile.o(.text) for App_TaskDownLoadFile
    main.o(.text) refers to main.o(.data) for SemEthMac
    main.o(.text) refers to readwritecardtask.o(.text) for Handle_Card
    main.o(.text) refers to uploadrecord.o(.text) for App_TaskUploadRecord
    main.o(.text) refers to bsp.o(.data) for isneedupdate
    main.o(.text) refers to task_eth_rec_data.o(.bss) for tokenBuf
    main.o(.text) refers to task_eth_rec_data.o(.data) for scidcode
    main.o(.text) refers to os_time.o(.text) for OSTimeDlyHMSM
    main.o(.text) refers to cpu_a.o(.text) for CPU_IntDis
    stm32f10x_it.o(.text) refers to os_cpu_a.o(.text) for OS_CPU_SR_Save
    stm32f10x_it.o(.text) refers to os_core.o(.text) for OSTimeTick
    stm32f10x_it.o(.text) refers to watchdog.o(.text) for Clr_WatchDog
    stm32f10x_it.o(.text) refers to stm32f10x_it.o(.data) for mstime
    stm32f10x_it.o(.text) refers to dhcp.o(.data) for dhcp_time
    stm32f10x_it.o(.text) refers to os_core.o(.data) for OSIntNesting
    stm32f10x_gpio.o(.text) refers to stm32f10x_rcc.o(.text) for RCC_APB2PeriphResetCmd
    stm32f10x_rcc.o(.text) refers to stm32f10x_rcc.o(.data) for APBAHBPrescTable
    stm32f10x_tim.o(.text) refers to stm32f10x_rcc.o(.text) for RCC_APB2PeriphResetCmd
    stm32f10x_usart.o(.text) refers to stm32f10x_rcc.o(.text) for RCC_APB2PeriphResetCmd
    stm32f10x_spi.o(.text) refers to stm32f10x_rcc.o(.text) for RCC_APB2PeriphResetCmd
    system_stm32f10x.o(.text) refers to system_stm32f10x.o(.data) for SystemCoreClock
    os_cpu_a.o(.text) refers to os_cpu_c.o(.text) for OSTaskSwHook
    os_cpu_a.o(.text) refers to os_core.o(.text) for OSIntExit
    os_cpu_a.o(.text) refers to os_core.o(.data) for OSIntNesting
    os_cpu_c.o(.text) refers to main.o(.text) for App_TaskCreateHook
    os_core.o(.text) refers to os_cpu_a.o(.text) for OS_CPU_SR_Save
    os_core.o(.text) refers to os_task.o(.text) for OSTaskStkChk
    os_core.o(.text) refers to os_time.o(.text) for OSTimeDly
    os_core.o(.text) refers to os_cpu_c.o(.text) for OSTaskStatHook
    os_core.o(.text) refers to os_flag.o(.text) for OS_FlagInit
    os_core.o(.text) refers to os_core.o(.data) for OSIntNesting
    os_core.o(.text) refers to os_core.o(.bss) for OSTCBPrioTbl
    os_core.o(.text) refers to os_core.o(.constdata) for OSUnMapTbl
    os_flag.o(.text) refers to os_cpu_a.o(.text) for OS_CPU_SR_Save
    os_flag.o(.text) refers to os_core.o(.text) for OS_Sched
    os_flag.o(.text) refers to os_core.o(.data) for OSIntNesting
[...]
    sendto                                   0x08021115   Thumb Code    76  dns.o(.text)
    parse_name                               0x08021161   Thumb Code   150  dns.o(.text)
    dns_question                             0x080211f7   Thumb Code    42  dns.o(.text)
    dns_answer                               0x08021221   Thumb Code   256  dns.o(.text)
    parseDNSMSG                              0x08021321   Thumb Code   250  dns.o(.text)
    malloc                                   0x08021421   Thumb Code    94  h1_alloc.o(.text)
    free                                     0x0802147f   Thumb Code    78  h1_free.o(.text)
    tolower                                  0x080214cd   Thumb Code    26  tolower.o(.text)
    __2sprintf                               0x080214e9   Thumb Code    34  noretval__2sprintf.o(.text)
    _printf_pre_padding                      0x08021511   Thumb Code    44  _printf_pad.o(.text)
    _printf_post_padding                     0x0802153d   Thumb Code    34  _printf_pad.o(.text)
    _printf_str                              0x0802155f   Thumb Code    82  _printf_str.o(.text)
    _printf_int_dec                          0x080215b1   Thumb Code   104  _printf_dec.o(.text)
    _printf_int_hex                          0x08021629   Thumb Code    84  _printf_hex_int.o(.text)
    _printf_longlong_hex                     0x08021629   Thumb Code     0  _printf_hex_int.o(.text)
    __printf                                 0x08021681   Thumb Code   388  __printf_flags_ss_wp.o(.text)
    __0sscanf                                0x08021809   Thumb Code    52  __0sscanf.o(.text)
    _scanf_int                               0x08021845   Thumb Code   332  _scanf_int.o(.text)
    _scanf_string                            0x08021991   Thumb Code   224  _scanf_str.o(.text)
    atoi                                     0x08021a71   Thumb Code    26  atoi.o(.text)
    strtol                                   0x08021a8b   Thumb Code   112  strtol.o(.text)
    strtok                                   0x08021afd   Thumb Code     6  strtok.o(.text)
    strchr                                   0x08021b09   Thumb Code    20  strchr.o(.text)
    strncat                                  0x08021b1d   Thumb Code    36  strncat.o(.text)
    strstr                                   0x08021b41   Thumb Code    36  strstr.o(.text)
    memcmp                                   0x08021b65   Thumb Code    88  memcmp.o(.text)
    strcpy                                   0x08021bbd   Thumb Code    72  strcpy.o(.text)
    strlen                                   0x08021c05   Thumb Code    62  strlen.o(.text)
    strncmp                                  0x08021c43   Thumb Code   150  strncmp.o(.text)
    strcat                                   0x08021cd9   Thumb Code    24  strcat.o(.text)
    __aeabi_memcpy                           0x08021cf1   Thumb Code     0  rt_memcpy_v6.o(.text)
    __rt_memcpy                              0x08021cf1   Thumb Code   138  rt_memcpy_v6.o(.text)
    _memcpy_lastbytes                        0x08021d57   Thumb Code     0  rt_memcpy_v6.o(.text)
    __aeabi_memcpy4                          0x08021d7b   Thumb Code     0  rt_memcpy_w.o(.text)
    __aeabi_memcpy8                          0x08021d7b   Thumb Code     0  rt_memcpy_w.o(.text)
    __rt_memcpy_w                            0x08021d7b   Thumb Code   100  rt_memcpy_w.o(.text)
    _memcpy_lastbytes_aligned                0x08021dc3   Thumb Code     0  rt_memcpy_w.o(.text)
    __aeabi_memset                           0x08021ddf   Thumb Code    16  aeabi_memset.o(.text)
    __aeabi_memclr                           0x08021def   Thumb Code     0  rt_memclr.o(.text)
    __rt_memclr                              0x08021def   Thumb Code    68  rt_memclr.o(.text)
    _memset                                  0x08021df3   Thumb Code     0  rt_memclr.o(.text)
    __aeabi_memclr4                          0x08021e33   Thumb Code     0  rt_memclr_w.o(.text)
    __aeabi_memclr8                          0x08021e33   Thumb Code     0  rt_memclr_w.o(.text)
    __rt_memclr_w                            0x08021e33   Thumb Code    78  rt_memclr_w.o(.text)
    _memset_w                                0x08021e37   Thumb Code     0  rt_memclr_w.o(.text)
    strncpy                                  0x08021e81   Thumb Code    86  strncpy.o(.text)
    strcmp                                   0x08021ed9   Thumb Code   128  strcmpv7m.o(.text)
    __use_two_region_memory                  0x08021f59   Thumb Code     2  heapauxi.o(.text)
    __rt_heap_escrow                         0x08021f5b   Thumb Code     2  heapauxi.o(.text)
    __rt_heap_expand                         0x08021f5d   Thumb Code     2  heapauxi.o(.text)
    __rt_ctype_table                         0x08021f61   Thumb Code    16  rt_ctype_table.o(.text)
    __rt_heap_descriptor                     0x08021f71   Thumb Code     8  rt_heap_descriptor_intlibspace.o(.text)
    __aeabi_errno_addr                       0x08021f79   Thumb Code     8  rt_errno_addr_intlibspace.o(.text)
    __errno$intlibspace                      0x08021f79   Thumb Code     0  rt_errno_addr_intlibspace.o(.text)
    __rt_errno_addr$intlibspace              0x08021f79   Thumb Code     0  rt_errno_addr_intlibspace.o(.text)
    __use_no_heap                            0x08021f81   Thumb Code     2  hguard.o(.text)
    __heap$guard                             0x08021f83   Thumb Code     2  hguard.o(.text)
    _terminate_user_alloc                    0x08021f85   Thumb Code     2  init_alloc.o(.text)
    _init_user_alloc                         0x08021f87   Thumb Code     2  init_alloc.o(.text)
    __Heap_Full                              0x08021f89   Thumb Code    34  init_alloc.o(.text)
    __Heap_Broken                            0x08021fab   Thumb Code     6  init_alloc.o(.text)
    _init_alloc                              0x08021fb1   Thumb Code    94  init_alloc.o(.text)
    __Heap_Initialize                        0x0802200f   Thumb Code    10  h1_init.o(.text)
    __Heap_DescSize                          0x08022019   Thumb Code     4  h1_init.o(.text)
    __read_errno                             0x0802201d   Thumb Code    10  _rserrno.o(.text)
    __set_errno                              0x08022027   Thumb Code    12  _rserrno.o(.text)
    _printf_int_common                       0x08022033   Thumb Code   178  _printf_intcommon.o(.text)
    __lib_sel_fp_printf                      0x080220e5   Thumb Code     2  _printf_fp_dec.o(.text)
    _printf_fp_dec_real                      0x08022293   Thumb Code   620  _printf_fp_dec.o(.text)
    _printf_char_common                      0x0802250b   Thumb Code    32  _printf_char_common.o(.text)
    _sputc                                   0x08022531   Thumb Code    10  _sputc.o(.text)
    _printf_cs_common                        0x0802253b   Thumb Code    20  _printf_char.o(.text)
    _printf_char                             0x0802254f   Thumb Code    16  _printf_char.o(.text)
    _printf_string                           0x0802255f   Thumb Code     8  _printf_char.o(.text)
    _chval                                   0x08022567   Thumb Code    28  _chval.o(.text)
    _scanf_really_real                       0x08022781   Thumb Code   668  scanf_fp.o(.text)
    __vfscanf_char                           0x08022a35   Thumb Code    24  scanf_char.o(.text)
    _sgetc                                   0x08022a55   Thumb Code    30  _sgetc.o(.text)
    _sbackspace                              0x08022a73   Thumb Code    34  _sgetc.o(.text)
    _strtoul                                 0x08022a95   Thumb Code   158  _strtoul.o(.text)
    __strtok_internal                        0x08022b35   Thumb Code    64  strtok_int.o(.text)
    __user_libspace                          0x08022b79   Thumb Code     8  libspace.o(.text)
    __user_perproc_libspace                  0x08022b79   Thumb Code     0  libspace.o(.text)
    __user_perthread_libspace                0x08022b79   Thumb Code     0  libspace.o(.text)
    __rt_locale                              0x08022b81   Thumb Code     8  rt_locale_intlibspace.o(.text)
    __Heap_ProvideMemory                     0x08022b89   Thumb Code    52  h1_extend.o(.text)
    _ll_udiv10                               0x08022bbd   Thumb Code   138  lludiv10.o(.text)
    isspace                                  0x08022c47   Thumb Code    18  isspace.o(.text)
    _printf_fp_infnan                        0x08022c59   Thumb Code   112  _printf_fp_infnan.o(.text)
    __vfscanf                                0x08022cd9   Thumb Code   878  _scanf.o(.text)
    _btod_etento                             0x0802304d   Thumb Code   216  bigflt0.o(.text)
    __rt_SIGRTMEM                            0x08023129   Thumb Code    14  defsig_rtmem_outer.o(.text)
    strcspn                                  0x08023137   Thumb Code    32  strcspn.o(.text)
    strspn                                   0x08023157   Thumb Code    28  strspn.o(.text)
    __I$use$semihosting                      0x08023173   Thumb Code     0  use_no_semi.o(.text)
    __use_no_semihosting_swi                 0x08023173   Thumb Code     2  use_no_semi.o(.text)
    __semihosting_library_function           0x08023175   Thumb Code     0  indicate_semi.o(.text)
    __user_setup_stackheap                   0x08023175   Thumb Code    74  sys_stackheap_outer.o(.text)
    _scanf_really_hex_real                   0x080231c1   Thumb Code   786  scanf_hexfp.o(.text)
    _scanf_really_infnan                     0x080234e1   Thumb Code   292  scanf_infnan.o(.text)
    exit                                     0x08023615   Thumb Code    18  exit.o(.text)
    __sig_exit                               0x08023627   Thumb Code    10  defsig_exit.o(.text)
    __rt_SIGRTMEM_inner                      0x08023631   Thumb Code    22  defsig_rtmem_inner.o(.text)
    _sys_exit                                0x08023681   Thumb Code     8  sys_exit.o(.text)
    __aeabi_llsl                             0x0802368d   Thumb Code     0  llshl.o(.text)
    _ll_shift_l                              0x0802368d   Thumb Code    38  llshl.o(.text)
    __default_signal_display                 0x080236b3   Thumb Code    50  defsig_general.o(.text)
    _ttywrch                                 0x080236e5   Thumb Code    14  sys_wrch.o(.text)
    _btod_d2e                                0x080236f3   Thumb Code    62  btod.o(CL$$btod_d2e)
    _d2e_denorm_low                          0x08023731   Thumb Code    70  btod.o(CL$$btod_d2e_denorm_low)
    _d2e_norm_op1                            0x08023777   Thumb Code    96  btod.o(CL$$btod_d2e_norm_op1)
    __btod_div_common                        0x080237d7   Thumb Code   696  btod.o(CL$$btod_div_common)
    _e2d                                     0x08023b11   Thumb Code    80  btod.o(CL$$btod_e2d)
    _e2e                                     0x08023b65   Thumb Code   198  btod.o(CL$$btod_e2e)
    _btod_ediv                               0x08023c2b   Thumb Code    40  btod.o(CL$$btod_ediv)
    _btod_edivd                              0x08023c53   Thumb Code    40  btod.o(CL$$btod_edivd)
    _btod_emul                               0x08023c7b   Thumb Code    40  btod.o(CL$$btod_emul)
    _btod_emuld                              0x08023ca3   Thumb Code    40  btod.o(CL$$btod_emuld)
    __btod_mult_common                       0x08023ccb   Thumb Code   580  btod.o(CL$$btod_mult_common)
    __ARM_fpclassify                         0x08023f0f   Thumb Code    40  fpclassify.o(i.__ARM_fpclassify)
    __kernel_poly                            0x08023f37   Thumb Code   170  poly.o(i.__kernel_poly)
    __mathlib_dbl_divzero                    0x08023fe1   Thumb Code    12  dunder.o(i.__mathlib_dbl_divzero)
    __mathlib_dbl_infnan2                    0x08023ff1   Thumb Code     4  dunder.o(i.__mathlib_dbl_infnan2)
    __mathlib_dbl_invalid                    0x08023ff5   Thumb Code    12  dunder.o(i.__mathlib_dbl_invalid)
    __mathlib_dbl_overflow                   0x08024001   Thumb Code    14  dunder.o(i.__mathlib_dbl_overflow)
    __mathlib_dbl_underflow                  0x08024011   Thumb Code    10  dunder.o(i.__mathlib_dbl_underflow)
    __mathlib_narrow                         0x08024021   Thumb Code    16  narrow.o(i.__mathlib_narrow)
    __mathlib_tofloat                        0x08024031   Thumb Code   132  narrow.o(i.__mathlib_tofloat)
    __support_ldexp                          0x080240b9   Thumb Code    22  ldexp.o(i.__support_ldexp)
    _is_digit                                0x080240cf   Thumb Code    14  __printf_wp.o(i._is_digit)
    floor                                    0x080240dd   Thumb Code   204  floor.o(i.floor)
    frexp                                    0x080241b9   Thumb Code    80  frexp.o(i.frexp)
    ldexp                                    0x08024211   Thumb Code   116  ldexp.o(i.ldexp)
    pow                                      0x08024285   Thumb Code  2512  pow.o(i.pow)
    sqrt                                     0x08024c5d   Thumb Code    76  sqrt.o(i.sqrt)
    _get_lc_ctype                            0x08024ca9   Thumb Code    44  lc_ctype_c.o(locale$$code)
    _get_lc_numeric                          0x08024cd5   Thumb Code    44  lc_numeric_c.o(locale$$code)
    __aeabi_d2f                              0x08024d01   Thumb Code     0  d2f.o(x$fpl$d2f)
    _d2f                                     0x08024d01   Thumb Code    98  d2f.o(x$fpl$d2f)
    __aeabi_dadd                             0x08024d65   Thumb Code     0  daddsub_clz.o(x$fpl$dadd)
    _dadd                                    0x08024d65   Thumb Code   332  daddsub_clz.o(x$fpl$dadd)
    __fpl_dcheck_NaN1                        0x08024eb5   Thumb Code    10  dcheck1.o(x$fpl$dcheck1)
    __fpl_dcmp_Inf                           0x08024ec5   Thumb Code    24  dcmpi.o(x$fpl$dcmpinf)
    __aeabi_ddiv                             0x08024edd   Thumb Code     0  ddiv.o(x$fpl$ddiv)
    _ddiv                                    0x08024edd   Thumb Code   552  ddiv.o(x$fpl$ddiv)
    __aeabi_cdcmpeq                          0x0802518d   Thumb Code     0  deqf.o(x$fpl$deqf)
    _dcmpeq                                  0x0802518d   Thumb Code   120  deqf.o(x$fpl$deqf)
    __aeabi_d2iz                             0x08025205   Thumb Code     0  dfix.o(x$fpl$dfix)
    _dfix                                    0x08025205   Thumb Code    94  dfix.o(x$fpl$dfix)
    __aeabi_i2d                              0x08025263   Thumb Code     0  dflt_clz.o(x$fpl$dflt)
    _dflt                                    0x08025263   Thumb Code    46  dflt_clz.o(x$fpl$dflt)
    __aeabi_cdcmple                          0x08025291   Thumb Code     0  dleqf.o(x$fpl$dleqf)
    _dcmple                                  0x08025291   Thumb Code   120  dleqf.o(x$fpl$dleqf)
    __fpl_dcmple_InfNaN                      0x080252f3   Thumb Code     0  dleqf.o(x$fpl$dleqf)
    __aeabi_dmul                             0x08025309   Thumb Code     0  dmul.o(x$fpl$dmul)
    _dmul                                    0x08025309   Thumb Code   332  dmul.o(x$fpl$dmul)
    __fpl_dnaninf                            0x0802545d   Thumb Code   156  dnaninf.o(x$fpl$dnaninf)
    __fpl_dretinf                            0x080254f9   Thumb Code    12  dretinf.o(x$fpl$dretinf)
    __aeabi_cdrcmple                         0x08025505   Thumb Code     0  drleqf.o(x$fpl$drleqf)
    _drcmple                                 0x08025505   Thumb Code   108  drleqf.o(x$fpl$drleqf)
    __aeabi_drsub                            0x08025571   Thumb Code     0  daddsub_clz.o(x$fpl$drsb)
    _drsb                                    0x08025571   Thumb Code    22  daddsub_clz.o(x$fpl$drsb)
    _dsqrt                                   0x08025589   Thumb Code   456  dsqrt_noumaal.o(x$fpl$dsqrt)
    __aeabi_dsub                             0x08025755   Thumb Code     0  daddsub_clz.o(x$fpl$dsub)
    _dsub                                    0x08025755   Thumb Code   464  daddsub_clz.o(x$fpl$dsub)
    __aeabi_f2d                              0x08025929   Thumb Code     0  f2d.o(x$fpl$f2d)
    _f2d                                     0x08025929   Thumb Code    86  f2d.o(x$fpl$f2d)
    __aeabi_f2uiz                            0x08025981   Thumb Code     0  ffixu.o(x$fpl$ffixu)
    _ffixu                                   0x08025981   Thumb Code    62  ffixu.o(x$fpl$ffixu)
    __aeabi_fmul                             0x080259c1   Thumb Code     0  fmul.o(x$fpl$fmul)
    _fmul                                    0x080259c1   Thumb Code   258  fmul.o(x$fpl$fmul)
    __fpl_fnaninf                            0x08025ac3   Thumb Code   140  fnaninf.o(x$fpl$fnaninf)
    __fpl_fretinf                            0x08025b4f   Thumb Code    10  fretinf.o(x$fpl$fretinf)
    _printf_fp_dec                           0x08025b59   Thumb Code     4  printf1.o(x$fpl$printf1)
    __fpl_return_NaN                         0x08025b5d   Thumb Code   100  retnan.o(x$fpl$retnan)
    __ARM_scalbn                             0x08025bc1   Thumb Code    92  scalbn.o(x$fpl$scalbn)
    _scanf_real                              0x08025c1d   Thumb Code     4  scanf1.o(x$fpl$scanf1)
    _scanf_hex_real                          0x08025c21   Thumb Code     4  scanf2.o(x$fpl$scanf2)
    _scanf_infnan                            0x08025c25   Thumb Code     4  scanf2.o(x$fpl$scanf2)
    __fpl_cmpreturn                          0x08025c29   Thumb Code    48  trapv.o(x$fpl$trapveneer)
    DefaultNetDatas                          0x08025c58   Data          22  main.o(.constdata)
    __I$use$fp                               0x08025c58   Number         0  usenofp.o(x$fpl$usenofp)
    datatempKey                              0x08025c6e   Data           8  main.o(.constdata)
    OSUnMapTbl                               0x08025c76   Data         256  os_core.o(.constdata)
    FSCI_Code_Tab                            0x08025e5f   Data          16  mfrc522.o(.constdata)
    __mathlib_zero                           0x08026010   Data           8  qnan.o(.constdata)
    Region$$Table$$Base                      0x080262d4   Number         0  anon$$obj.o(Region$$Table)
    Region$$Table$$Limit                     0x080262f4   Number         0  anon$$obj.o(Region$$Table)
    __aeabi_HUGE_VAL                         0x080262f4   Data           0  fpconst.o(c$$dinf)
    __aeabi_HUGE_VALL                        0x080262f4   Data           0  fpconst.o(c$$dinf)
    __aeabi_INFINITY                         0x080262f4   Data           0  fpconst.o(c$$dinf)
    __dInf                                   0x080262f4   Data           0  fpconst.o(c$$dinf)
    __huge_val                               0x080262f4   Data           0  fpconst.o(c$$dinf)
    __ctype                                  0x08026309   Data           0  lc_ctype_c.o(locale$$data)
    bitSerial_ReceiveEnd                     0x20000000   Data           1  main.o(.data)
    SerialReceiveLen                         0x20000001   Data           1  main.o(.data)
    bitSerial_SendRequest                    0x20000002   Data           1  main.o(.data)
    SerialReCase                             0x20000003   Data           1  main.o(.data)
    bitEven                                  0x20000004   Data           1  main.o(.data)
    SerialReceiveTimeCount                   0x20000005   Data           1  main.o(.data)
    SerialReCheckSum                         0x20000006   Data           2  main.o(.data)
    SerialReCheckSumCount                    0x20000008   Data           1  main.o(.data)
    rChar                                    0x20000009   Data           1  main.o(.data)
    BeepDelayTimeCount                       0x2000000c   Data           4  main.o(.data)
    MainCode                                 0x20000010   Data           2  main.o(.data)
    posStyle                                 0x20000012   Data           1  main.o(.data)
    ResetW5500Num                            0x20000014   Data           4  main.o(.data)
    keybuff                                  0x20000018   Data           4  main.o(.data)
    bitUpdateParameter                       0x2000001c   Data           1  main.o(.data)
    flag_off_full                            0x2000001d   Data           1  main.o(.data)
    offline_ReIndex                          0x2000001e   Data           2  main.o(.data)
    offline_UpIndex                          0x20000020   Data           2  main.o(.data)
    flag_first_over                          0x20000022   Data           1  main.o(.data)
    Off_TimeCount                            0x20000024   Data           2  main.o(.data)
    flag_reupcode                            0x20000026   Data           1  main.o(.data)
    UPD_TimeCount                            0x20000028   Data           2  main.o(.data)
    NeedSendRecordFlag                       0x2000002a   Data           1  main.o(.data)
    ReCardDatas                              0x2000002b   Data           6  main.o(.data)
    recode_rdnum                             0x20000032   Data           2  main.o(.data)
    Udp_SerialNum                            0x20000034   Data           1  main.o(.data)
    NoNetLimetMoney                          0x20000038   Data           4  main.o(.data)
    Disp0_9String                            0x2000003c   Data          10  main.o(.data)
    KeyValue                                 0x20000048   Data           4  main.o(.data)
    InputBuffer                              0x2000004c   Data           8  main.o(.data)
    Forbidden                                0x20000054   Data           1  main.o(.data)
    ReSerialComd                             0x20000055   Data           1  main.o(.data)
    ReMainCode                               0x20000056   Data           2  main.o(.data)
    usesectornum                             0x20000058   Data           1  main.o(.data)
    CardPID                                  0x20000059   Data           4  main.o(.data)
    CardPrintNum                             0x2000005d   Data           4  main.o(.data)
    ConsumeMode                              0x20000061   Data           1  main.o(.data)
    CurrentConsumeMoney                      0x20000062   Data           4  main.o(.data)
    CurrentConsumMoney                       0x20000068   Data           4  main.o(.data)
    ConsumMode                               0x2000006c   Data           1  main.o(.data)
    Purse_num                                0x2000006d   Data           1  main.o(.data)
    Consum_Status                            0x2000006e   Data           1  main.o(.data)
    bitAddStatus                             0x2000006f   Data           1  main.o(.data)
    BeepTimes                                0x20000070   Data           4  main.o(.data)
    Num_MulValue                             0x20000074   Data           1  main.o(.data)
    MoneyMulValue                            0x20000075   Data           1  main.o(.data)
    InputCount                               0x20000076   Data           1  main.o(.data)
    Falsh_TimeCount                          0x20000078   Data           4  main.o(.data)
    SysTimeDatas                             0x2000007c   Data           6  main.o(.data)
    SysTimeDatasBak                          0x20000082   Data           6  main.o(.data)
    Pos_SysDate                              0x20000088   Data           6  main.o(.data)
    DispModeChar                             0x2000008e   Data           5  main.o(.data)
    PosVerString                             0x20000093   Data           9  main.o(.data)
    LedWattingChar                           0x2000009c   Data           1  main.o(.data)
    TypeA_Sort                               0x2000009d   Data           1  main.o(.data)
    CardType                                 0x2000009e   Data           2  main.o(.data)
    CardSerialNum                            0x200000a0   Data           4  main.o(.data)
    CardSerialNumBak                         0x200000a4   Data           4  main.o(.data)
    CPU_RcLen_Data                           0x200000a8   Data           1  main.o(.data)
    CPU_RcLen                                0x200000ac   Data           4  main.o(.data)
    CardIdentity                             0x200000b0   Data           1  main.o(.data)
    Card_Rebate                              0x200000b1   Data           1  main.o(.data)
    InputCase                                0x200000b2   Data           1  main.o(.data)
    InputNum                                 0x200000b3   Data           1  main.o(.data)
    SingleMoney                              0x200000b4   Data           4  main.o(.data)
    bitInPutPoint                            0x200000b8   Data           1  main.o(.data)
    InputMaxNum                              0x200000b9   Data           1  main.o(.data)
    MulData                                  0x200000ba   Data           2  main.o(.data)
    BatModeFlag                              0x200000bc   Data           1  main.o(.data)
    bitHaveReadBalance                       0x200000bd   Data           1  main.o(.data)
    bitHaveDispBalance                       0x200000be   Data           1  main.o(.data)
    Resend_Num                               0x200000bf   Data           1  main.o(.data)
    ConsumModeEnable                         0x200000c0   Data           1  main.o(.data)
    SumConsumMoney                           0x200000c4   Data           4  main.o(.data)
    SumPrintMoney                            0x200000c8   Data           4  main.o(.data)
    fristLook                                0x200000cc   Data           1  main.o(.data)
    LookOk                                   0x200000cd   Data           1  main.o(.data)
    LookMony                                 0x200000ce   Data           8  main.o(.data)
    bitLookSysDatas                          0x200000d6   Data           1  main.o(.data)
    bitDispFlash                             0x200000d7   Data           1  main.o(.data)
    OutTimeFlag                              0x200000d8   Data           1  main.o(.data)
    Consum_Datas                             0x200000d9   Data           8  main.o(.data)
    HaveQueryConDat                          0x200000e1   Data           1  main.o(.data)
    HeartBeatNum                             0x200000e2   Data           1  main.o(.data)
    NeedDispFlag                             0x200000e3   Data           1  main.o(.data)
    CardPrinterNum                           0x200000e4   Data           6  main.o(.data)
    LimtConsumeData_CPU                      0x200000ea   Data           4  main.o(.data)
    TimerCount                               0x200000ee   Data           2  main.o(.data)
    PsamRcvBufCount                          0x200000f0   Data           1  main.o(.data)
    LimtConsumeBuf                           0x200000f1   Data           4  main.o(.data)
    LimtConsumeMoney                         0x200000f8   Data           4  main.o(.data)
    bitHaveInputDatas                        0x200000fc   Data           1  main.o(.data)
    LimtMoney                                0x20000100   Data           4  main.o(.data)
    HaveOffRecord                            0x20000104   Data           1  main.o(.data)
    CanNoNetConsume                          0x20000105   Data           1  main.o(.data)
    ComsumeDate                              0x20000106   Data           3  main.o(.data)
    HaveSendDataFlag                         0x20000109   Data           1  main.o(.data)
    CardKeyCode                              0x2000010a   Data           6  main.o(.data)
    CalCardKey                               0x20000110   Data           8  main.o(.data)
    CardSector                               0x20000118   Data           1  main.o(.data)
    stationcode                              0x2000011c   Data           4  main.o(.data)
    DispHardeErrorString                     0x20000120   Data         112  main.o(.data)
    DispErrorString                          0x20000190   Data         432  main.o(.data)
    SemEthMac                                0x20000340   Data           4  main.o(.data)
    SemEthMacSENDREC                         0x20000344   Data           4  main.o(.data)
    SemFlashSpi                              0x20000348   Data           4  main.o(.data)
    mutDESCODE                               0x2000034c   Data           4  main.o(.data)
    SemHandleETH                             0x20000350   Data           4  main.o(.data)
    startFlag                                0x20000354   Data           1  main.o(.data)
    isReg                                    0x20000355   Data           1  main.o(.data)
    snedData                                 0x20000356   Data          33  main.o(.data)
    isgetdns                                 0x20000377   Data           1  main.o(.data)
    svraddrip                                0x20000378   Data           4  main.o(.data)
    svraddrport                              0x2000037c   Data           4  main.o(.data)
    isneeddhcp                               0x20000380   Data           1  main.o(.data)
    mstime                                   0x20000382   Data           2  stm32f10x_it.o(.data)
    SystemCoreClock                          0x20000398   Data           4  system_stm32f10x.o(.data)
    AHBPrescTable                            0x2000039c   Data          16  system_stm32f10x.o(.data)
    OSCtxSwCtr                               0x200003ac   Data           4  os_core.o(.data)
    OSEventFreeList                          0x200003b0   Data           4  os_core.o(.data)
    OSFlagFreeList                           0x200003b4   Data           4  os_core.o(.data)
    OSCPUUsage                               0x200003b8   Data           1  os_core.o(.data)
    OSIdleCtrMax                             0x200003bc   Data           4  os_core.o(.data)
    OSIdleCtrRun                             0x200003c0   Data           4  os_core.o(.data)
    OSStatRdy                                0x200003c4   Data           1  os_core.o(.data)
    OSIntNesting                             0x200003c5   Data           1  os_core.o(.data)
    OSLockNesting                            0x200003c6   Data           1  os_core.o(.data)
    OSPrioCur                                0x200003c7   Data           1  os_core.o(.data)
    OSPrioHighRdy                            0x200003c8   Data           1  os_core.o(.data)
    OSRdyGrp                                 0x200003c9   Data           1  os_core.o(.data)
    OSRdyTbl                                 0x200003ca   Data           4  os_core.o(.data)
    OSRunning                                0x200003ce   Data           1  os_core.o(.data)
    OSTaskCtr                                0x200003cf   Data           1  os_core.o(.data)
    OSIdleCtr                                0x200003d0   Data           4  os_core.o(.data)
    OSTCBCur                                 0x200003d4   Data           4  os_core.o(.data)
    OSTCBFreeList                            0x200003d8   Data           4  os_core.o(.data)
    OSTCBHighRdy                             0x200003dc   Data           4  os_core.o(.data)
    OSTCBList                                0x200003e0   Data           4  os_core.o(.data)
    OSTickStepState                          0x200003e4   Data           1  os_core.o(.data)
    OSTime                                   0x200003e8   Data           4  os_core.o(.data)
    LoadProgamReDatas                        0x200003ec   Data           6  bsp.o(.data)
    DownLoadPragamSymbl                      0x200003f2   Data           6  bsp.o(.data)
    isneedupdate                             0x200003f8   Data           1  bsp.o(.data)
    Gateway_IP                               0x200003fc   Data           4  w5500.o(.data)
    Sub_Mask                                 0x20000400   Data           4  w5500.o(.data)
    Phy_Addr                                 0x20000404   Data           6  w5500.o(.data)
    IP_Addr                                  0x2000040a   Data           4  w5500.o(.data)
    S0_Port                                  0x2000040e   Data           2  w5500.o(.data)
    S0_DIP                                   0x20000410   Data           4  w5500.o(.data)
    S0_DPort                                 0x20000414   Data           2  w5500.o(.data)
    S1_Port                                  0x20000416   Data           2  w5500.o(.data)
    S1_DIP                                   0x20000418   Data           4  w5500.o(.data)
    S1_DPort                                 0x2000041c   Data           2  w5500.o(.data)
    S2_Port                                  0x2000041e   Data           2  w5500.o(.data)
    S2_DIP                                   0x20000420   Data           4  w5500.o(.data)
    S2_DPort                                 0x20000424   Data           2  w5500.o(.data)
    UDP_DIPR                                 0x20000426   Data           4  w5500.o(.data)
    UDP_DPORT                                0x2000042a   Data           2  w5500.o(.data)
    UDP1_DPORT                               0x2000042c   Data           2  w5500.o(.data)
    S0_Mode                                  0x2000042e   Data           1  w5500.o(.data)
    S1_Mode                                  0x2000042f   Data           1  w5500.o(.data)
    S2_Mode                                  0x20000430   Data           1  w5500.o(.data)
    S0_State                                 0x20000431   Data           1  w5500.o(.data)
    S1_State                                 0x20000432   Data           1  w5500.o(.data)
    S2_State                                 0x20000433   Data           1  w5500.o(.data)
    S0_Data                                  0x20000434   Data           1  w5500.o(.data)
    S1_Data                                  0x20000435   Data           1  w5500.o(.data)
    S2_Data                                  0x20000436   Data           1  w5500.o(.data)
    W5500_Interrupt                          0x20000437   Data           1  w5500.o(.data)
    S5_DIP                                   0x20000438   Data           4  w5500.o(.data)
    filesvrport                              0x2000043c   Data           4  w5500.o(.data)
    isOnKMD                                  0x20000440   Data           1  watchdog.o(.data)
    bitSysTimeDisable                        0x20000441   Data           1  pcf8563.o(.data)
    MInfo_collPos                            0x20000442   Data           1  mfrc522.o(.data)
    irq_regdata                              0x20000443   Data           1  mfrc522.o(.data)
    wait_count                               0x20000444   Data           2  mfrc522.o(.data)
    error_regdata                            0x20000446   Data           1  mfrc522.o(.data)
    last_bitsdata                            0x20000447   Data           1  mfrc522.o(.data)
    T_CL_Block_number                        0x20000448   Data           1  mfrc522.o(.data)
    Maximum_Frame_Size                       0x20000449   Data           1  mfrc522.o(.data)
    global_key                               0x2000044c   Data           4  time.o(.data)
    T3_TimeCount                             0x20000450   Data           1  time.o(.data)
    Led_Open_time                            0x20000454   Data           4  time.o(.data)
    DelayReadCardTimeCount                   0x20000458   Data           1  time.o(.data)
    ReadKey_Pause                            0x20000459   Data           1  time.o(.data)
    bitHaveKey                               0x2000045a   Data           1  time.o(.data)
    bitHaveReleaseKey                        0x2000045b   Data           1  time.o(.data)
    temp                                     0x2000045c   Data           4  time.o(.data)
    TIME4_Taketime                           0x20000460   Data           1  time.o(.data)
    TIME4_Retry                              0x20000461   Data           1  time.o(.data)
    Time4_countnum                           0x20000462   Data           1  time.o(.data)
    Uart_Rec_Len                             0x20000463   Data           1  usart.o(.data)
    Uart_Snd_Len                             0x20000464   Data           1  usart.o(.data)
    LenOfEWM                                 0x20000465   Data           1  usart.o(.data)
    isHaveEWM                                0x20000466   Data           1  usart.o(.data)
    bitSetDateEnable                         0x20000467   Data           1  initsetparameterfile.o(.data)
    bitPinEnable                             0x20000468   Data           1  initsetparameterfile.o(.data)
    ConsumStaCodeSymbl                       0x20000469   Data           4  initsetparameterfile.o(.data)
    InputMenuSort                            0x2000046e   Data           1  consumsubfile.o(.data)
    ShuRuMoney_Err                           0x2000046f   Data           1  consumsubfile.o(.data)
    bitHaveLedError                          0x20000470   Data           1  consumsubfile.o(.data)
    PinCount                                 0x20000471   Data           1  consumsubfile.o(.data)
    InPutPinCode                             0x20000472   Data           3  consumsubfile.o(.data)
    ConsumCase                               0x20000475   Data           1  consumsubfile.o(.data)
    MenuSort                                 0x20000476   Data           2  consumsubfile.o(.data)
    printconsumeMoney                        0x20000478   Data           4  consumsubfile.o(.data)
    disp_delaycnt                            0x2000047c   Data           2  consumsubfile.o(.data)
    disp_delaycntflag                        0x2000047e   Data           1  consumsubfile.o(.data)
    refushstatusnetcnt                       0x2000047f   Data           1  consumsubfile.o(.data)
    istuoji                                  0x20000480   Data           1  consumsubfile.o(.data)
    Sys_SumConsumMoney                       0x20000484   Data           4  recordfiles.o(.data)
    RecordSum                                0x20000488   Data           2  recordfiles.o(.data)
    NoCollectRecordSum                       0x2000048a   Data           2  recordfiles.o(.data)
    NoCollectRecordIndex                     0x2000048c   Data           2  recordfiles.o(.data)
    ReCollectRecordIndex                     0x2000048e   Data           2  recordfiles.o(.data)
    SaveRecordIndex                          0x20000490   Data           2  recordfiles.o(.data)
    ReCollectAddrBak                         0x20000492   Data           2  recordfiles.o(.data)
    ConsumCount                              0x20000494   Data           2  recordfiles.o(.data)
    SerialSendNoCollectNum                   0x20000496   Data           1  recordfiles.o(.data)
    SerialSendReCollectNum                   0x20000497   Data           1  recordfiles.o(.data)
    ReCollectCount                           0x20000498   Data           2  recordfiles.o(.data)
    bitReCollect                             0x2000049a   Data           1  recordfiles.o(.data)
    PosConsumCount                           0x2000049c   Data           2  recordfiles.o(.data)
    S5_DPort                                 0x200004a0   Data           4  task_eth_rec_data.o(.data)
    Domain_IP                                0x200004a4   Data           4  task_eth_rec_data.o(.data)
    dtatlen                                  0x200004a8   Data           4  task_eth_rec_data.o(.data)
    BatchNum                                 0x200004ac   Data           4  task_eth_rec_data.o(.data)
    RecCase                                  0x200004b0   Data           4  task_eth_rec_data.o(.data)
    getDataLength                            0x200004b4   Data           4  task_eth_rec_data.o(.data)
    sendTempcnt                              0x200004b8   Data           1  task_eth_rec_data.o(.data)
    wantRecDataCmd                           0x200004bc   Data           4  task_eth_rec_data.o(.data)
    wantRecDataLenght                        0x200004c0   Data           4  task_eth_rec_data.o(.data)
    keyDes                                   0x200004c4   Data           8  task_eth_rec_data.o(.data)
    sendOpenCom                              0x200004cc   Data         102  task_eth_rec_data.o(.data)
    scidcode                                 0x20000532   Data           6  task_eth_rec_data.o(.data)
    isstartupdate                            0x20000538   Data           1  task_eth_rec_data.o(.data)
    filesvrIP                                0x20000548   Data           4  downfile.o(.data)
    filesvrPOTY                              0x2000054c   Data           4  downfile.o(.data)
    fileindex                                0x20000550   Data           4  downfile.o(.data)
    isRecOK                                  0x20000554   Data           4  downfile.o(.data)
    indexnum                                 0x20000558   Data           4  downfile.o(.data)
    baoindex                                 0x2000055c   Data           4  downfile.o(.data)
    tmpfilelen                               0x20000560   Data           4  downfile.o(.data)
    allfilelen                               0x20000564   Data           4  downfile.o(.data)
    isGetFileLen                             0x20000568   Data           1  downfile.o(.data)
    allFileWantLen                           0x2000056c   Data           4  downfile.o(.data)
    headerbaklen                             0x20000570   Data           4  downfile.o(.data)
    isgetheardok                             0x20000574   Data           4  downfile.o(.data)
    DNS_SOCKET                               0x20000578   Data           1  dns.o(.data)
    DNS_MSGID                                0x2000057a   Data           2  dns.o(.data)
    DNS_IP                                   0x2000057c   Data           4  dhcp.o(.data)
    SRC_MAC_ADDR                             0x20000580   Data           4  dhcp.o(.data)
    GET_SN_MASK                              0x20000584   Data           4  dhcp.o(.data)
    GET_GW_IP                                0x20000588   Data           4  dhcp.o(.data)
    GET_DNS_IP                               0x2000058c   Data           4  dhcp.o(.data)
    GET_SIP                                  0x20000590   Data           4  dhcp.o(.data)
    DHCP_SIP                                 0x20000594   Data           4  dhcp.o(.data)
    DHCP_REAL_SIP                            0x20000598   Data           4  dhcp.o(.data)
    OLD_SIP                                  0x2000059c   Data           4  dhcp.o(.data)
    dhcp_state                               0x200005a0   Data           1  dhcp.o(.data)
    dhcp_retry_count                         0x200005a1   Data           1  dhcp.o(.data)
    DHCP_timeout                             0x200005a2   Data           1  dhcp.o(.data)
    dhcp_lease_time                          0x200005a4   Data           4  dhcp.o(.data)
    dhcp_time                                0x200005a8   Data           4  dhcp.o(.data)
    next_dhcp_time                           0x200005ac   Data           4  dhcp.o(.data)
    dhcp_tick_cnt                            0x200005b0   Data           4  dhcp.o(.data)
    DHCP_timer                               0x200005b4   Data           1  dhcp.o(.data)
    DHCP_XID                                 0x200005b8   Data           4  dhcp.o(.data)
    pRIPMSG                                  0x200005bc   Data           4  dhcp.o(.data)
    DispBuffer                               0x200005c4   Data          11  main.o(.bss)
    customerId                               0x200005cf   Data          20  main.o(.bss)
    customerkey                              0x200005e3   Data          50  main.o(.bss)
    posVersion                               0x20000615   Data          50  main.o(.bss)
    SerialUnion                              0x20000647   Data         150  main.o(.bss)
    NoNetRecord                              0x200006dd   Data          32  main.o(.bss)
    NetCardDatas                             0x200006fd   Data          22  main.o(.bss)
    CPU_CommBuf                              0x20000713   Data          50  main.o(.bss)
    ConsumSndInfo                            0x20000745   Data          60  main.o(.bss)
    PsamRcvBuf                               0x20000781   Data          50  main.o(.bss)
    ThreeRecord                              0x200007b3   Data          24  main.o(.bss)
    svraddrsdfsf                             0x200072ec   Data         100  main.o(.bss)
    OSEventTbl                               0x20007350   Data         320  os_core.o(.bss)
    OSFlagTbl                                0x20007490   Data         140  os_core.o(.bss)
    OSTaskStatStk                            0x2000751c   Data         512  os_core.o(.bss)
    OSTaskIdleStk                            0x2000771c   Data         512  os_core.o(.bss)
    OSTCBPrioTbl                             0x2000791c   Data         128  os_core.o(.bss)
    OSTCBTbl                                 0x2000799c   Data        1056  os_core.o(.bss)
    sendver                                  0x20007dbc   Data          10  disp_1629dfile.o(.bss)
    Rx_Buffer                                0x20007dc6   Data        1024  w5500.o(.bss)
    Tx_Buffer                                0x200081c6   Data        1024  w5500.o(.bss)
    MRcvBuffer                               0x200085d0   Data          80  mfrc522.o(.bss)
    MSndBuffer                               0x20008620   Data          80  mfrc522.o(.bss)
    Uart_Rec_Data                            0x20008670   Data          25  usart.o(.bss)
    Uart_Snd_Data                            0x20008689   Data          25  usart.o(.bss)
    dataRecFromEWM                           0x200086a2   Data         100  usart.o(.bss)
    dataOfRecEWMSJ                           0x20008706   Data          20  usart.o(.bss)
    filebufferdata                           0x2000891a   Data          50  task_eth_rec_data.o(.bss)
    filebufferdata2                          0x2000894c   Data          50  task_eth_rec_data.o(.bss)
    dataupdafdf                              0x2000897e   Data         512  task_eth_rec_data.o(.bss)
    tokenBuf                                 0x20008b7e   Data          50  task_eth_rec_data.o(.bss)
    wantRecDataData                          0x20008bb0   Data        1000  task_eth_rec_data.o(.bss)
    datacmp                                  0x20008f98   Data          10  downfile.o(.bss)
    filedataread                             0x20008fa2   Data         512  downfile.o(.bss)
    filesendtemp                             0x200091a2   Data          20  downfile.o(.bss)
    recdatasvr                               0x200091b6   Data         100  downfile.o(.bss)
    tmpfiledata                              0x2000921a   Data         512  downfile.o(.bss)
    resp                                     0x2000941c   Data         392  downfile.o(.bss)
    header                                   0x200095a4   Data         512  downfile.o(.bss)
    domain                                   0x200097a4   Data          64  downfile.o(.bss)
    file_name                                0x200097e4   Data         100  downfile.o(.bss)
    headerbak                                0x20009848   Data         512  downfile.o(.bss)
    EXTERN_DHCPBUF                           0x20009a48   Data         548  dhcp.o(.bss)
    bufferreadfrom                           0x20009c6c   Data        1024  dhcp.o(.bss)
    __libspace_start                         0x2000a06c   Data          96  libspace.o(.bss)
    __temporary_stack_top$libspace           0x2000a0cc   Data           0  libspace.o(.bss)



==============================================================================

Memory Map of the image

  Image Entry point : 0x08010119

  Load Region LR_IROM1 (Base: 0x08010000, Size: 0x000169ec, Max: 0x00040000, ABSOLUTE, COMPRESSED[0x00016568])

    Execution Region ER_IROM1 (Base: 0x08010000, Size: 0x00016428, Max: 0x00040000, ABSOLUTE)

    Base Addr    Size         Type   Attr      Idx    E Section Name        Object

    0x08010000   0x00000118   Code   RO            3    RESET               stm32f10x_startup.o
    0x08010118   0x00000008   Code   RO         1387  * !!!main             c_w.l(__main.o)
    0x08010120   0x00000034   Code   RO         1815    !!!scatter          c_w.l(__scatter.o)
    0x08010154   0x0000005a   Code   RO         1813    !!dczerorl2         c_w.l(__dczerorl2.o)
    0x080101ae   0x00000002   PAD
    0x080101b0   0x0000001c   Code   RO         1817    !!handler_zi        c_w.l(__scatter_zi.o)
    0x080101cc   0x00000000   Code   RO         1341    .ARM.Collect$$_printf_percent$$00000000  c_w.l(_printf_percent.o)
    0x080101cc   0x00000006   Code   RO         1339    .ARM.Collect$$_printf_percent$$00000003  c_w.l(_printf_f.o)
    0x080101d2   0x00000006   Code   RO         1340    .ARM.Collect$$_printf_percent$$00000004  c_w.l(_printf_e.o)
    0x080101d8   0x00000006   Code   RO         1338    .ARM.Collect$$_printf_percent$$00000009  c_w.l(_printf_d.o)
    0x080101de   0x00000006   Code   RO         1337    .ARM.Collect$$_printf_percent$$0000000C  c_w.l(_printf_x.o)
    0x080101e4   0x00000006   Code   RO         1336    .ARM.Collect$$_printf_percent$$00000014  c_w.l(_printf_s.o)
    0x080101ea   0x00000004   Code   RO         1486    .ARM.Collect$$_printf_percent$$00000017  c_w.l(_printf_percent_end.o)
    0x080101ee   0x00000002   Code   RO         1728    .ARM.Collect$$libinit$$00000000  c_w.l(libinit.o)
    0x080101f0   0x00000000   Code   RO         1502    .ARM.Collect$$libinit$$00000002  c_w.l(libinit2.o)
    0x080101f0   0x00000000   Code   RO         1504    .ARM.Collect$$libinit$$00000004  c_w.l(libinit2.o)
    0x080101f0   0x00000008   Code   RO         1505    .ARM.Collect$$libinit$$00000005  c_w.l(libinit2.o)
    0x080101f8   0x00000000   Code   RO         1507    .ARM.Collect$$libinit$$0000000A  c_w.l(libinit2.o)
    0x080101f8   0x00000000   Code   RO         1509    .ARM.Collect$$libinit$$0000000C  c_w.l(libinit2.o)
    0x080101f8   0x00000000   Code   RO         1511    .ARM.Collect$$libinit$$0000000E  c_w.l(libinit2.o)
    0x080101f8   0x00000006   Code   RO         1512    .ARM.Collect$$libinit$$0000000F  c_w.l(libinit2.o)
    0x080101fe   0x00000000   Code   RO         1514    .ARM.Collect$$libinit$$00000011  c_w.l(libinit2.o)
    0x080101fe   0x0000000c   Code   RO         1515    .ARM.Collect$$libinit$$00000012  c_w.l(libinit2.o)
    0x0801020a   0x00000000   Code   RO         1516    .ARM.Collect$$libinit$$00000013  c_w.l(libinit2.o)
    0x0801020a   0x00000000   Code   RO         1518    .ARM.Collect$$libinit$$00000015  c_w.l(libinit2.o)
    0x0801020a   0x0000000a   Code   RO         1519    .ARM.Collect$$libinit$$00000016  c_w.l(libinit2.o)
    0x08010214   0x00000000   Code   RO         1520    .ARM.Collect$$libinit$$00000017  c_w.l(libinit2.o)
    0x08010214   0x00000000   Code   RO         1522    .ARM.Collect$$libinit$$00000019  c_w.l(libinit2.o)
    0x08010214   0x00000000   Code   RO         1524    .ARM.Collect$$libinit$$0000001B  c_w.l(libinit2.o)
    0x08010214   0x00000000   Code   RO         1526    .ARM.Collect$$libinit$$0000001D  c_w.l(libinit2.o)
    0x08010214   0x00000000   Code   RO         1528    .ARM.Collect$$libinit$$0000001F  c_w.l(libinit2.o)
    0x08010214   0x00000000   Code   RO         1530    .ARM.Collect$$libinit$$00000021  c_w.l(libinit2.o)
    0x08010214   0x00000000   Code   RO         1532    .ARM.Collect$$libinit$$00000023  c_w.l(libinit2.o)
    0x08010214   0x00000000   Code   RO         1534    .ARM.Collect$$libinit$$00000025  c_w.l(libinit2.o)
    0x08010214   0x00000000   Code   RO         1538    .ARM.Collect$$libinit$$0000002C  c_w.l(libinit2.o)
    0x08010214   0x00000000   Code   RO         1540    .ARM.Collect$$libinit$$0000002E  c_w.l(libinit2.o)
    0x08010214   0x00000000   Code   RO         1542    .ARM.Collect$$libinit$$00000030  c_w.l(libinit2.o)
    0x08010214   0x00000000   Code   RO         1544    .ARM.Collect$$libinit$$00000032  c_w.l(libinit2.o)
    0x08010214   0x00000002   Code   RO         1545    .ARM.Collect$$libinit$$00000033  c_w.l(libinit2.o)
    0x08010216   0x00000002   Code   RO         1810    .ARM.Collect$$libshutdown$$00000000  c_w.l(libshutdown.o)
    0x08010218   0x00000000   Code   RO         1752    .ARM.Collect$$libshutdown$$00000002  c_w.l(libshutdown2.o)
    0x08010218   0x00000000   Code   RO         1754    .ARM.Collect$$libshutdown$$00000004  c_w.l(libshutdown2.o)
    0x08010218   0x00000000   Code   RO         1757    .ARM.Collect$$libshutdown$$00000007  c_w.l(libshutdown2.o)
    0x08010218   0x00000000   Code   RO         1760    .ARM.Collect$$libshutdown$$0000000A  c_w.l(libshutdown2.o)
    0x08010218   0x00000000   Code   RO         1762    .ARM.Collect$$libshutdown$$0000000C  c_w.l(libshutdown2.o)
    0x08010218   0x00000000   Code   RO         1765    .ARM.Collect$$libshutdown$$0000000F  c_w.l(libshutdown2.o)
    0x08010218   0x00000002   Code   RO         1766    .ARM.Collect$$libshutdown$$00000010  c_w.l(libshutdown2.o)
    0x0801021a   0x00000000   Code   RO         1441    .ARM.Collect$$rtentry$$00000000  c_w.l(__rtentry.o)
    0x0801021a   0x00000000   Code   RO         1596    .ARM.Collect$$rtentry$$00000002  c_w.l(__rtentry2.o)
    0x0801021a   0x00000006   Code   RO         1608    .ARM.Collect$$rtentry$$00000004  c_w.l(__rtentry4.o)
    0x08010220   0x00000000   Code   RO         1598    .ARM.Collect$$rtentry$$00000009  c_w.l(__rtentry2.o)
    0x08010220   0x00000004   Code   RO         1599    .ARM.Collect$$rtentry$$0000000A  c_w.l(__rtentry2.o)
    0x08010224   0x00000000   Code   RO         1601    .ARM.Collect$$rtentry$$0000000C  c_w.l(__rtentry2.o)
    0x08010224   0x00000008   Code   RO         1602    .ARM.Collect$$rtentry$$0000000D  c_w.l(__rtentry2.o)
    0x0801022c   0x00000002   Code   RO         1739    .ARM.Collect$$rtexit$$00000000  c_w.l(rtexit.o)
    0x0801022e   0x00000000   Code   RO         1784    .ARM.Collect$$rtexit$$00000002  c_w.l(rtexit2.o)
    0x0801022e   0x00000004   Code   RO         1785    .ARM.Collect$$rtexit$$00000003  c_w.l(rtexit2.o)
    0x08010232   0x00000006   Code   RO         1786    .ARM.Collect$$rtexit$$00000004  c_w.l(rtexit2.o)
    0x08010238   0x00000000   Code   RO         1617    .emb_text           c_w.l(maybetermalloc1.o)
    0x08010238   0x0000001c   Code   RO            4    .text               stm32f10x_startup.o
    0x08010254   0x00000500   Code   RO           11    .text               main.o
    0x08010754   0x000000dc   Code   RO          172    .text               stm32f10x_it.o
    0x08010830   0x0000035c   Code   RO          194    .text               stm32f10x_gpio.o
    0x08010b8c   0x000003a4   Code   RO          206    .text               stm32f10x_rcc.o
    0x08010f30   0x00000e1a   Code   RO          235    .text               stm32f10x_tim.o
    0x08011d4a   0x00000002   PAD
    0x08011d4c   0x000000dc   Code   RO          250    .text               misc.o
    0x08011e28   0x00000408   Code   RO          265    .text               stm32f10x_usart.o
    0x08012230   0x0000011c   Code   RO          277    .text               stm32f10x_exti.o
    0x0801234c   0x000005bc   Code   RO          292    .text               stm32f10x_flash.o
    0x08012908   0x0000030c   Code   RO          322    .text               stm32f10x_spi.o
    0x08012c14   0x000001e0   Code   RO          347    .text               system_stm32f10x.o
    0x08012df4   0x000000a8   Code   RO          372    .text               os_cpu_a.o
    0x08012e9c   0x000000dc   Code   RO          375    .text               os_cpu_c.o
    0x08012f78   0x00000016   Code   RO          407    .text               cpu_a.o
    0x08012f8e   0x00000002   PAD
    0x08012f90   0x000009f0   Code   RO          420    .text               os_core.o
    0x08013980   0x00000838   Code   RO          440    .text               os_flag.o
    0x080141b8   0x00000610   Code   RO          470    .text               os_mutex.o
    0x080147c8   0x000003b4   Code   RO          488    .text               os_sem.o
    0x08014b7c   0x00000784   Code   RO          500    .text               os_task.o
    0x08015300   0x000001bc   Code   RO          512    .text               os_time.o
    0x080154bc   0x0000032c   Code   RO          524    .text               bsp.o
    0x080157e8   0x0000015c   Code   RO          576    .text               at24c64.o
    0x08015944   0x00000026   Code   RO          591    .text               delay.o
    0x0801596a   0x00000002   PAD
    0x0801596c   0x00001200   Code   RO          606    .text               disp_1629dfile.o
    0x08016b6c   0x000001c0   Code   RO          633    .text               scankeyfiles.o
    0x08016d2c   0x00000e24   Code   RO          656    .text               w5500.o
    0x08017b50   0x00000030   Code   RO          682    .text               watchdog.o
    0x08017b80   0x000002e0   Code   RO          704    .text               pcf8563.o
    0x08017e60   0x000009f0   Code   RO          722    .text               mfrc522.o
    0x08018850   0x00000124   Code   RO          743    .text               monispi.o
    0x08018974   0x00000236   Code   RO          758    .text               at24c256.o
    0x08018baa   0x00000002   PAD
    0x08018bac   0x0000026c   Code   RO          773    .text               spi_flash.o
    0x08018e18   0x000000cc   Code   RO          796    .text               485.o
    0x08018ee4   0x000001a8   Code   RO          832    .text               gpio.o
    0x0801908c   0x0000006a   Code   RO          844    .text               nvic.o
    0x080190f6   0x00000002   PAD
    0x080190f8   0x00000414   Code   RO          856    .text               time.o
    0x0801950c   0x00000700   Code   RO          884    .text               usart.o
    0x08019c0c   0x00000134   Code   RO          903    .text               hw_config.o
    0x08019d40   0x00000220   Code   RO          918    .text               iic.o
    0x08019f60   0x00000348   Code   RO          933    .text               dk_spi.o
    0x0801a2a8   0x00000430   Code   RO          948    .text               calucationfile.o
    0x0801a6d8   0x00000c8c   Code   RO          966    .text               initsetparameterfile.o
    0x0801b364   0x00000270   Code   RO          983    .text               setw5500net.o
    0x0801b5d4   0x000021cc   Code   RO         1005    .text               consumsubfile.o
    0x0801d7a0   0x000001c0   Code   RO         1025    .text               psam_files.o
    0x0801d960   0x00000e1c   Code   RO         1037    .text               recordfiles.o
    0x0801e77c   0x00000b98   Code   RO         1056    .text               task_eth_rec_data.o
    0x0801f314   0x0000007c   Code   RO         1083    .text               readwritecardtask.o
    0x0801f390   0x000014e0   Code   RO         1095    .text               cjson.o
    0x08020870   0x0000078c   Code   RO         1130    .text               downfile.o
    0x08020ffc   0x00000020   Code   RO         1156    .text               uploadrecord.o
    0x0802101c   0x00000404   Code   RO         1169    .text               dns.o
    0x08021420   0x0000005e   Code   RO         1223    .text               c_w.l(h1_alloc.o)
    0x0802147e   0x0000004e   Code   RO         1225    .text               c_w.l(h1_free.o)
    0x080214cc   0x0000001a   Code   RO         1281    .text               c_w.l(tolower.o)
    0x080214e6   0x00000002   PAD
    0x080214e8   0x00000028   Code   RO         1285    .text               c_w.l(noretval__2sprintf.o)
    0x08021510   0x0000004e   Code   RO         1289    .text               c_w.l(_printf_pad.o)
    0x0802155e   0x00000052   Code   RO         1291    .text               c_w.l(_printf_str.o)
    0x080215b0   0x00000078   Code   RO         1293    .text               c_w.l(_printf_dec.o)
    0x08021628   0x00000058   Code   RO         1298    .text               c_w.l(_printf_hex_int.o)
    0x08021680   0x00000188   Code   RO         1333    .text               c_w.l(__printf_flags_ss_wp.o)
    0x08021808   0x0000003c   Code   RO         1342    .text               c_w.l(__0sscanf.o)
    0x08021844   0x0000014c   Code   RO         1344    .text               c_w.l(_scanf_int.o)
    0x08021990   0x000000e0   Code   RO         1346    .text               c_w.l(_scanf_str.o)
    0x08021a70   0x0000001a   Code   RO         1348    .text               c_w.l(atoi.o)
    0x08021a8a   0x00000070   Code   RO         1350    .text               c_w.l(strtol.o)
    0x08021afa   0x00000002   PAD
    0x08021afc   0x0000000c   Code   RO         1352    .text               c_w.l(strtok.o)
    0x08021b08   0x00000014   Code   RO         1355    .text               c_w.l(strchr.o)
    0x08021b1c   0x00000024   Code   RO         1357    .text               c_w.l(strncat.o)
    0x08021b40   0x00000024   Code   RO         1359    .text               c_w.l(strstr.o)
    0x08021b64   0x00000058   Code   RO         1361    .text               c_w.l(memcmp.o)
    0x08021bbc   0x00000048   Code   RO         1363    .text               c_w.l(strcpy.o)
    0x08021c04   0x0000003e   Code   RO         1365    .text               c_w.l(strlen.o)
    0x08021c42   0x00000096   Code   RO         1367    .text               c_w.l(strncmp.o)
    0x08021cd8   0x00000018   Code   RO         1369    .text               c_w.l(strcat.o)
    0x08021cf0   0x0000008a   Code   RO         1371    .text               c_w.l(rt_memcpy_v6.o)
    0x08021d7a   0x00000064   Code   RO         1373    .text               c_w.l(rt_memcpy_w.o)
    0x08021dde   0x00000010   Code   RO         1375    .text               c_w.l(aeabi_memset.o)
    0x08021dee   0x00000044   Code   RO         1377    .text               c_w.l(rt_memclr.o)
    0x08021e32   0x0000004e   Code   RO         1379    .text               c_w.l(rt_memclr_w.o)
    0x08021e80   0x00000056   Code   RO         1381    .text               c_w.l(strncpy.o)
    0x08021ed6   0x00000002   PAD
    0x08021ed8   0x00000080   Code   RO         1383    .text               c_w.l(strcmpv7m.o)
    0x08021f58   0x00000006   Code   RO         1385    .text               c_w.l(heapauxi.o)
    0x08021f5e   0x00000002   PAD
    0x08021f60   0x00000010   Code   RO         1442    .text               c_w.l(rt_ctype_table.o)
    0x08021f70   0x00000008   Code   RO         1447    .text               c_w.l(rt_heap_descriptor_intlibspace.o)
    0x08021f78   0x00000008   Code   RO         1452    .text               c_w.l(rt_errno_addr_intlibspace.o)
    0x08021f80   0x00000004   Code   RO         1454    .text               c_w.l(hguard.o)
    0x08021f84   0x0000008a   Code   RO         1456    .text               c_w.l(init_alloc.o)
    0x0802200e   0x0000000e   Code   RO         1460    .text               c_w.l(h1_init.o)
    0x0802201c   0x00000016   Code   RO         1474    .text               c_w.l(_rserrno.o)
    0x08022032   0x000000b2   Code   RO         1476    .text               c_w.l(_printf_intcommon.o)
    0x080220e4   0x0000041a   Code   RO         1478    .text               c_w.l(_printf_fp_dec.o)
    0x080224fe   0x00000002   PAD
    0x08022500   0x00000030   Code   RO         1480    .text               c_w.l(_printf_char_common.o)
    0x08022530   0x0000000a   Code   RO         1482    .text               c_w.l(_sputc.o)
    0x0802253a   0x0000002c   Code   RO         1484    .text               c_w.l(_printf_char.o)
    0x08022566   0x0000001c   Code   RO         1487    .text               c_w.l(_chval.o)
    0x08022582   0x00000002   PAD
    0x08022584   0x000004a4   Code   RO         1489    .text               c_w.l(scanf_fp.o)
    0x08022a28   0x0000002c   Code   RO         1491    .text               c_w.l(scanf_char.o)
    0x08022a54   0x00000040   Code   RO         1493    .text               c_w.l(_sgetc.o)
    0x08022a94   0x0000009e   Code   RO         1495    .text               c_w.l(_strtoul.o)
    0x08022b32   0x00000002   PAD
    0x08022b34   0x00000044   Code   RO         1497    .text               c_w.l(strtok_int.o)
    0x08022b78   0x00000008   Code   RO         1592    .text               c_w.l(libspace.o)
    0x08022b80   0x00000008   Code   RO         1613    .text               c_w.l(rt_locale_intlibspace.o)
    0x08022b88   0x00000034   Code   RO         1619    .text               c_w.l(h1_extend.o)
    0x08022bbc   0x0000008a   Code   RO         1623    .text               c_w.l(lludiv10.o)
    0x08022c46   0x00000012   Code   RO         1625    .text               c_w.l(isspace.o)
    0x08022c58   0x00000080   Code   RO         1627    .text               c_w.l(_printf_fp_infnan.o)
    0x08022cd8   0x00000374   Code   RO         1631    .text               c_w.l(_scanf.o)
    0x0802304c   0x000000dc   Code   RO         1633    .text               c_w.l(bigflt0.o)
    0x08023128   0x0000000e   Code   RO         1664    .text               c_w.l(defsig_rtmem_outer.o)
    0x08023136   0x00000020   Code   RO         1668    .text               c_w.l(strcspn.o)
    0x08023156   0x0000001c   Code   RO         1670    .text               c_w.l(strspn.o)
    0x08023172   0x00000002   Code   RO         1700    .text               c_w.l(use_no_semi.o)
    0x08023174   0x00000000   Code   RO         1702    .text               c_w.l(indicate_semi.o)
    0x08023174   0x0000004a   Code   RO         1703    .text               c_w.l(sys_stackheap_outer.o)
    0x080231be   0x00000002   PAD
    0x080231c0   0x00000320   Code   RO         1709    .text               c_w.l(scanf_hexfp.o)
    0x080234e0   0x00000134   Code   RO         1711    .text               c_w.l(scanf_infnan.o)
    0x08023614   0x00000012   Code   RO         1713    .text               c_w.l(exit.o)
    0x08023626   0x0000000a   Code   RO         1715    .text               c_w.l(defsig_exit.o)
    0x08023630   0x00000050   Code   RO         1717    .text               c_w.l(defsig_rtmem_inner.o)
    0x08023680   0x0000000c   Code   RO         1737    .text               c_w.l(sys_exit.o)
    0x0802368c   0x00000026   Code   RO         1745    .text               c_w.l(llshl.o)
    0x080236b2   0x00000032   Code   RO         1749    .text               c_w.l(defsig_general.o)
    0x080236e4   0x0000000e   Code   RO         1781    .text               c_w.l(sys_wrch.o)
    0x080236f2   0x0000003e   Code   RO         1636    CL$$btod_d2e        c_w.l(btod.o)
    0x08023730   0x00000046   Code   RO         1638    CL$$btod_d2e_denorm_low  c_w.l(btod.o)
    0x08023776   0x00000060   Code   RO         1637    CL$$btod_d2e_norm_op1  c_w.l(btod.o)
    0x080237d6   0x00000338   Code   RO         1646    CL$$btod_div_common  c_w.l(btod.o)
    0x08023b0e   0x00000002   PAD
    0x08023b10   0x00000054   Code   RO         1644    CL$$btod_e2d        c_w.l(btod.o)
    0x08023b64   0x000000c6   Code   RO         1643    CL$$btod_e2e        c_w.l(btod.o)
    0x08023c2a   0x00000028   Code   RO         1640    CL$$btod_ediv       c_w.l(btod.o)
    0x08023c52   0x00000028   Code   RO         1642    CL$$btod_edivd      c_w.l(btod.o)
    0x08023c7a   0x00000028   Code   RO         1639    CL$$btod_emul       c_w.l(btod.o)
    0x08023ca2   0x00000028   Code   RO         1641    CL$$btod_emuld      c_w.l(btod.o)
    0x08023cca   0x00000244   Code   RO         1645    CL$$btod_mult_common  c_w.l(btod.o)
    0x08023f0e   0x00000028   Code   RO         1577    i.__ARM_fpclassify  m_ws.l(fpclassify.o)
    0x08023f36   0x000000aa   Code   RO         1579    i.__kernel_poly     m_ws.l(poly.o)
    0x08023fe0   0x00000010   Code   RO         1563    i.__mathlib_dbl_divzero  m_ws.l(dunder.o)
    0x08023ff0   0x00000004   Code   RO         1565    i.__mathlib_dbl_infnan2  m_ws.l(dunder.o)
    0x08023ff4   0x0000000c   Code   RO         1566    i.__mathlib_dbl_invalid  m_ws.l(dunder.o)
    0x08024000   0x0000000e   Code   RO         1567    i.__mathlib_dbl_overflow  m_ws.l(dunder.o)
    0x0802400e   0x00000002   PAD
    0x08024010   0x00000010   Code   RO         1569    i.__mathlib_dbl_underflow  m_ws.l(dunder.o)
    0x08024020   0x00000010   Code   RO         1694    i.__mathlib_narrow  m_ws.l(narrow.o)
    0x08024030   0x00000088   Code   RO         1695    i.__mathlib_tofloat  m_ws.l(narrow.o)
    0x080240b8   0x00000016   Code   RO         1770    i.__support_ldexp   m_ws.l(ldexp.o)
    0x080240ce   0x0000000e   Code   RO         1326    i._is_digit         c_w.l(__printf_wp.o)
    0x080240dc   0x000000dc   Code   RO         1426    i.floor             m_ws.l(floor.o)
    0x080241b8   0x00000058   Code   RO         1734    i.frexp             m_ws.l(frexp.o)
    0x08024210   0x00000074   Code   RO         1771    i.ldexp             m_ws.l(ldexp.o)
    0x08024284   0x000009d8   Code   RO         1430    i.pow               m_ws.l(pow.o)
    0x08024c5c   0x0000004c   Code   RO         1583    i.sqrt              m_ws.l(sqrt.o)
    0x08024ca8   0x0000002c   Code   RO         1659    locale$$code        c_w.l(lc_ctype_c.o)
    0x08024cd4   0x0000002c   Code   RO         1662    locale$$code        c_w.l(lc_numeric_c.o)
    0x08024d00   0x00000062   Code   RO         1389    x$fpl$d2f           fz_ws.l(d2f.o)
    0x08024d62   0x00000002   PAD
    0x08024d64   0x00000150   Code   RO         1391    x$fpl$dadd          fz_ws.l(daddsub_clz.o)
    0x08024eb4   0x00000010   Code   RO         1677    x$fpl$dcheck1       fz_ws.l(dcheck1.o)
    0x08024ec4   0x00000018   Code   RO         1546    x$fpl$dcmpinf       fz_ws.l(dcmpi.o)
    0x08024edc   0x000002b0   Code   RO         1549    x$fpl$ddiv          fz_ws.l(ddiv.o)
    0x0802518c   0x00000078   Code   RO         1729    x$fpl$deqf          fz_ws.l(deqf.o)
    0x08025204   0x0000005e   Code   RO         1397    x$fpl$dfix          fz_ws.l(dfix.o)
    0x08025262   0x0000002e   Code   RO         1402    x$fpl$dflt          fz_ws.l(dflt_clz.o)
    0x08025290   0x00000078   Code   RO         1407    x$fpl$dleqf         fz_ws.l(dleqf.o)
    0x08025308   0x00000154   Code   RO         1409    x$fpl$dmul          fz_ws.l(dmul.o)
    0x0802545c   0x0000009c   Code   RO         1552    x$fpl$dnaninf       fz_ws.l(dnaninf.o)
    0x080254f8   0x0000000c   Code   RO         1554    x$fpl$dretinf       fz_ws.l(dretinf.o)
    0x08025504   0x0000006c   Code   RO         1411    x$fpl$drleqf        fz_ws.l(drleqf.o)
    0x08025570   0x00000016   Code   RO         1392    x$fpl$drsb          fz_ws.l(daddsub_clz.o)
    0x08025586   0x00000002   PAD
    0x08025588   0x000001cc   Code   RO         1679    x$fpl$dsqrt         fz_ws.l(dsqrt_noumaal.o)
    0x08025754   0x000001d4   Code   RO         1393    x$fpl$dsub          fz_ws.l(daddsub_clz.o)
    0x08025928   0x00000056   Code   RO         1413    x$fpl$f2d           fz_ws.l(f2d.o)
    0x0802597e   0x00000002   PAD
    0x08025980   0x0000003e   Code   RO         1415    x$fpl$ffixu         fz_ws.l(ffixu.o)
    0x080259be   0x00000002   PAD
    0x080259c0   0x00000102   Code   RO         1419    x$fpl$fmul          fz_ws.l(fmul.o)
    0x08025ac2   0x0000008c   Code   RO         1556    x$fpl$fnaninf       fz_ws.l(fnaninf.o)
    0x08025b4e   0x0000000a   Code   RO         1558    x$fpl$fretinf       fz_ws.l(fretinf.o)
    0x08025b58   0x00000004   Code   RO         1421    x$fpl$printf1       fz_ws.l(printf1.o)
    0x08025b5c   0x00000064   Code   RO         1731    x$fpl$retnan        fz_ws.l(retnan.o)
    0x08025bc0   0x0000005c   Code   RO         1560    x$fpl$scalbn        fz_ws.l(scalbn.o)
    0x08025c1c   0x00000004   Code   RO         1423    x$fpl$scanf1        fz_ws.l(scanf1.o)
    0x08025c20   0x00000008   Code   RO         1688    x$fpl$scanf2        fz_ws.l(scanf2.o)
    0x08025c28   0x00000030   Code   RO         1767    x$fpl$trapveneer    fz_ws.l(trapv.o)
    0x08025c58   0x00000000   Code   RO         1562    x$fpl$usenofp       fz_ws.l(usenofp.o)
    0x08025c58   0x0000001e   Data   RO           13    .constdata          main.o
    0x08025c76   0x00000100   Data   RO          422    .constdata          os_core.o
    0x08025d76   0x00000002   PAD
    0x08025d78   0x000000e7   Data   RO          608    .constdata          disp_1629dfile.o
    0x08025e5f   0x00000010   Data   RO          724    .constdata          mfrc522.o
    0x08025e6f   0x00000001   PAD
    0x08025e70   0x000000c5   Data   RO         1006    .constdata          consumsubfile.o
    0x08025f35   0x00000007   Data   RO         1096    .constdata          cjson.o
    0x08025f3c   0x0000000c   Data   RO         1132    .constdata          downfile.o
    0x08025f48   0x00000028   Data   RO         1299    .constdata          c_w.l(_printf_hex_int.o)
    0x08025f70   0x00000011   Data   RO         1334    .constdata          c_w.l(__printf_flags_ss_wp.o)
    0x08025f81   0x00000007   PAD
    0x08025f88   0x00000088   Data   RO         1431    .constdata          m_ws.l(pow.o)
    0x08026010   0x00000008   Data   RO         1581    .constdata          m_ws.l(qnan.o)
    0x08026018   0x00000094   Data   RO         1634    .constdata          c_w.l(bigflt0.o)
    0x080260ac   0x00000225   Data   RO         1133    .conststring        downfile.o
    0x080262d1   0x00000003   PAD
    0x080262d4   0x00000020   Data   RO         1811    Region$$Table       anon$$obj.o
    0x080262f4   0x00000008   Data   RO         1681    c$$dinf             fz_ws.l(fpconst.o)
    0x080262fc   0x00000110   Data   RO         1658    locale$$data        c_w.l(lc_ctype_c.o)
    0x0802640c   0x0000001c   Data   RO         1661    locale$$data        c_w.l(lc_numeric_c.o)


    Execution Region RW_IRAM1 (Base: 0x20000000, Size: 0x0000b4d0, Max: 0x0000c000, ABSOLUTE, COMPRESSED[0x00000140])

    Base Addr    Size         Type   Attr      Idx    E Section Name        Object

    0x20000000   0x00000381   Data   RW           14    .data               main.o
    0x20000381   0x00000001   PAD
    0x20000382   0x00000002   Data   RW          173    .data               stm32f10x_it.o
    0x20000384   0x00000014   Data   RW          207    .data               stm32f10x_rcc.o
    0x20000398   0x00000014   Data   RW          348    .data               system_stm32f10x.o
    0x200003ac   0x00000040   Data   RW          423    .data               os_core.o
    0x200003ec   0x0000000d   Data   RW          525    .data               bsp.o
    0x200003f9   0x00000003   PAD
    0x200003fc   0x00000044   Data   RW          658    .data               w5500.o
    0x20000440   0x00000001   Data   RW          683    .data               watchdog.o
    0x20000441   0x00000001   Data   RW          705    .data               pcf8563.o
    0x20000442   0x00000008   Data   RW          725    .data               mfrc522.o
    0x2000044a   0x00000002   PAD
    0x2000044c   0x00000017   Data   RW          857    .data               time.o
    0x20000463   0x00000004   Data   RW          886    .data               usart.o
    0x20000467   0x00000006   Data   RW          968    .data               initsetparameterfile.o
    0x2000046d   0x00000001   PAD
    0x2000046e   0x00000014   Data   RW         1007    .data               consumsubfile.o
    0x20000482   0x00000002   PAD
    0x20000484   0x0000001a   Data   RW         1038    .data               recordfiles.o
    0x2000049e   0x00000002   PAD
    0x200004a0   0x00000099   Data   RW         1058    .data               task_eth_rec_data.o
    0x20000539   0x00000003   PAD
    0x2000053c   0x0000000c   Data   RW         1097    .data               cjson.o
    0x20000548   0x00000030   Data   RW         1134    .data               downfile.o
    0x20000578   0x00000004   Data   RW         1170    .data               dns.o
    0x2000057c   0x00000044   Data   RW         1186    .data               dhcp.o
    0x200005c0   0x00000004   Data   RW         1353    .data               c_w.l(strtok.o)
    0x200005c4   0x00006d8c   Zero   RW           12    .bss                main.o
    0x20007350   0x00000a6c   Zero   RW          421    .bss                os_core.o
    0x20007dbc   0x0000000a   Zero   RW          607    .bss                disp_1629dfile.o
    0x20007dc6   0x00000800   Zero   RW          657    .bss                w5500.o
    0x200085c6   0x000000aa   Zero   RW          723    .bss                mfrc522.o
    0x20008670   0x000000aa   Zero   RW          885    .bss                usart.o
    0x2000871a   0x00000200   Zero   RW          967    .bss                initsetparameterfile.o
    0x2000891a   0x0000067e   Zero   RW         1057    .bss                task_eth_rec_data.o
    0x20008f98   0x00000ab0   Zero   RW         1131    .bss                downfile.o
    0x20009a48   0x00000624   Zero   RW         1185    .bss                dhcp.o
    0x2000a06c   0x00000060   Zero   RW         1593    .bss                c_w.l(libspace.o)
    0x2000a0cc   0x00000004   PAD
    0x2000a0d0   0x00001000   Zero   RW            2    HEAP                stm32f10x_startup.o
    0x2000b0d0   0x00000400   Zero   RW            1    STACK               stm32f10x_startup.o


==============================================================================

Image component sizes


      Code (inc. data)   RO Data    RW Data    ZI Data      Debug   Object Name

       204         10          0          0          0       1330   485.o
       566          0          0          0          0       3352   at24c256.o
       348          0          0          0          0       2019   at24c64.o
       812         42          0         13          0      18117   bsp.o
      1072         10          0          0          0       6638   calucationfile.o
      5344        174          7         12          0      20736   cjson.o
      8652        798        197         20          0      11096   consumsubfile.o
        22          0          0          0          0        244   cpu_a.o
        38          0          0          0          0        633   delay.o
         0          0          0         68       1572       1695   dhcp.o
      4608        322        231          0         10      12329   disp_1629dfile.o
       840         12          0          0          0       2142   dk_spi.o
      1028         24          0          4          0       4961   dns.o
      1932        294        561         48       2736      20539   downfile.o
       424         46          0          0          0       2017   gpio.o
       308         20          0          0          0       2285   hw_config.o
       544         10          0          0          0       2240   iic.o
      3212        254          0          6        512       7520   initsetparameterfile.o
      1280        188         30        897      28044     260123   main.o
      2544        100         16          8        170      12024   mfrc522.o
       220         22          0          0          0       3345   misc.o
       292         20          0          0          0       1253   monispi.o
       106          6          0          0          0        903   nvic.o
      2544        244        256         64       2668      17178   os_core.o
       168         40          0          0          0        296   os_cpu_a.o
       220          0          0          0          0      11662   os_cpu_c.o
      2104         38          0          0          0       7124   os_flag.o
      1552         42          0          0          0       4606   os_mutex.o
       948         18          0          0          0       4098   os_sem.o
      1924         66          0          0          0       6925   os_task.o
       444         24          0          0          0       1874   os_time.o
         0          0          0          0          0       8725   os_tmr.o
       736         30          0          1          0       3552   pcf8563.o
       448         20          0          0          0       2688   psam_files.o
       124         18          0          0          0        634   readwritecardtask.o
      3612        224          0         26          0       8075   recordfiles.o
       448         16          0          0          0       1223   scankeyfiles.o
       624        100          0          0          0       1565   setw5500net.o
       620         10          0          0          0       4191   spi_flash.o
       284         10          0          0          0       4287   stm32f10x_exti.o
      1468         34          0          0          0      14406   stm32f10x_flash.o
       860         38          0          0          0       5633   stm32f10x_gpio.o
       220         14          0          2          0       7150   stm32f10x_it.o
       932         36          0         20          0       8776   stm32f10x_rcc.o
       780         14          0          0          0      13386   stm32f10x_spi.o
       308        280          0          0       5120        500   stm32f10x_startup.o
      3610         88          0          0          0      43048   stm32f10x_tim.o
      1032         22          0          0          0       8356   stm32f10x_usart.o
       480         40          0         20          0       1707   system_stm32f10x.o
      2968        372          0        153       1662       6836   task_eth_rec_data.o
      1044         88          0         23          0       3072   time.o
        32          6          0          0          0        479   uploadrecord.o
      1792         88          0          4        170       6027   usart.o
      3620        130          0         68       2048      16509   w5500.o
        48         12          0          1          0        824   watchdog.o

    ----------------------------------------------------------------------
     70400       4514       1336       1472      44712     622953   Object Totals
         0          0         32          0          0          0   (incl. Generated)
        10          0          6         14          0          0   (incl. Padding)

    ----------------------------------------------------------------------

      Code (inc. data)   RO Data    RW Data    ZI Data      Debug   Library Member Name

        60          8          0          0          0         84   __0sscanf.o
        90          0          0          0          0          0   __dczerorl2.o
         8          0          0          0          0         68   __main.o
       392          4         17          0          0         92   __printf_flags_ss_wp.o
        14          0          0          0          0         68   __printf_wp.o
         0          0          0          0          0          0   __rtentry.o
        12          0          0          0          0          0   __rtentry2.o
         6          0          0          0          0          0   __rtentry4.o
        52          8          0          0          0          0   __scatter.o
        28          0          0          0          0          0   __scatter_zi.o
        28          0          0          0          0         68   _chval.o
        44          0          0          0          0        108   _printf_char.o
        48          6          0          0          0         96   _printf_char_common.o
         6          0          0          0          0          0   _printf_d.o
       120         16          0          0          0         92   _printf_dec.o
         6          0          0          0          0          0   _printf_e.o
         6          0          0          0          0          0   _printf_f.o
      1050          0          0          0          0        216   _printf_fp_dec.o
       128         16          0          0          0         84   _printf_fp_infnan.o
        88          4         40          0          0         88   _printf_hex_int.o
       178          0          0          0          0         88   _printf_intcommon.o
        78          0          0          0          0        108   _printf_pad.o
         0          0          0          0          0          0   _printf_percent.o
         4          0          0          0          0          0   _printf_percent_end.o
         6          0          0          0          0          0   _printf_s.o
        82          0          0          0          0         80   _printf_str.o
         6          0          0          0          0          0   _printf_x.o
        22          0          0          0          0        100   _rserrno.o
       884          6          0          0          0        100   _scanf.o
       332          0          0          0          0         96   _scanf_int.o
       224          0          0          0          0         96   _scanf_str.o
        64          0          0          0          0         84   _sgetc.o
        10          0          0          0          0         68   _sputc.o
       158          0          0          0          0         92   _strtoul.o
        16          0          0          0          0         68   aeabi_memset.o
        26          0          0          0          0         80   atoi.o
       220          4        148          0          0         96   bigflt0.o
      2074        132          0          0          0        940   btod.o
        10          0          0          0          0         68   defsig_exit.o
        50          0          0          0          0         88   defsig_general.o
        80         58          0          0          0         76   defsig_rtmem_inner.o
        14          0          0          0          0         80   defsig_rtmem_outer.o
        18          0          0          0          0         80   exit.o
        94          0          0          0          0         80   h1_alloc.o
        52          0          0          0          0         68   h1_extend.o
        78          0          0          0          0         80   h1_free.o
        14          0          0          0          0         84   h1_init.o
         6          0          0          0          0        152   heapauxi.o
         4          0          0          0          0        136   hguard.o
         0          0          0          0          0          0   indicate_semi.o
       138          0          0          0          0        168   init_alloc.o
        18          0          0          0          0         76   isspace.o
        44         10        272          0          0         76   lc_ctype_c.o
        44         10         28          0          0         76   lc_numeric_c.o
         2          0          0          0          0          0   libinit.o
        38          0          0          0          0          0   libinit2.o
         2          0          0          0          0          0   libshutdown.o
         2          0          0          0          0          0   libshutdown2.o
         8          4          0          0         96         68   libspace.o
        38          0          0          0          0         68   llshl.o
       138          0          0          0          0         80   lludiv10.o
         0          0          0          0          0          0   maybetermalloc1.o
        88          0          0          0          0         76   memcmp.o
        40          6          0          0          0         84   noretval__2sprintf.o
        16          4          0          0          0         76   rt_ctype_table.o
         8          4          0          0          0         68   rt_errno_addr_intlibspace.o
         8          4          0          0          0         68   rt_heap_descriptor_intlibspace.o
         8          4          0          0          0         68   rt_locale_intlibspace.o
        68          0          0          0          0         68   rt_memclr.o
        78          0          0          0          0         80   rt_memclr_w.o
       138          0          0          0          0         68   rt_memcpy_v6.o
       100          0          0          0          0         80   rt_memcpy_w.o
         2          0          0          0          0          0   rtexit.o
        10          0          0          0          0          0   rtexit2.o
        44          8          0          0          0         84   scanf_char.o
      1188         12          0          0          0        148   scanf_fp.o
       800         14          0          0          0        100   scanf_hexfp.o
       308         16          0          0          0        100   scanf_infnan.o
        24          0          0          0          0         68   strcat.o
        20          0          0          0          0         68   strchr.o
       128          0          0          0          0         68   strcmpv7m.o
        72          0          0          0          0         80   strcpy.o
        32          0          0          0          0         80   strcspn.o
        62          0          0          0          0         76   strlen.o
        36          0          0          0          0         76   strncat.o
       150          0          0          0          0         80   strncmp.o
        86          0          0          0          0         76   strncpy.o
        28          0          0          0          0         80   strspn.o
        36          0          0          0          0         80   strstr.o
        12          6          0          4          0         68   strtok.o
        68          4          0          0          0         84   strtok_int.o
       112          0          0          0          0         88   strtol.o
        12          4          0          0          0         68   sys_exit.o
        74          0          0          0          0         80   sys_stackheap_outer.o
        14          0          0          0          0         76   sys_wrch.o
        26          0          0          0          0         76   tolower.o
         2          0          0          0          0         68   use_no_semi.o
        98          4          0          0          0         92   d2f.o
       826         16          0          0          0        348   daddsub_clz.o
        16          4          0          0          0         68   dcheck1.o
        24          0          0          0          0         68   dcmpi.o
       688        140          0          0          0        208   ddiv.o
       120          4          0          0          0         92   deqf.o
        94          4          0          0          0         92   dfix.o
        46          0          0          0          0         68   dflt_clz.o
       120          4          0          0          0         92   dleqf.o
       340         12          0          0          0        104   dmul.o
       156          4          0          0          0         92   dnaninf.o
        12          0          0          0          0         68   dretinf.o
       108          0          0          0          0         80   drleqf.o
       460         56          0          0          0        120   dsqrt_noumaal.o
        86          4          0          0          0         84   f2d.o
        62          4          0          0          0         84   ffixu.o
       258          4          0          0          0         84   fmul.o
       140          4          0          0          0         84   fnaninf.o
         0          0          8          0          0          0   fpconst.o
        10          0          0          0          0         68   fretinf.o
         4          0          0          0          0         68   printf1.o
       100          0          0          0          0         68   retnan.o
        92          0          0          0          0         68   scalbn.o
         4          0          0          0          0         68   scanf1.o
         8          0          0          0          0         84   scanf2.o
        48          0          0          0          0         68   trapv.o
         0          0          0          0          0          0   usenofp.o
        62         10          0          0          0        340   dunder.o
       220         16          0          0          0         84   floor.o
        40          0          0          0          0         68   fpclassify.o
        88          8          0          0          0         76   frexp.o
       138          0          0          0          0        160   ldexp.o
       152          4          0          0          0        168   narrow.o
       170          0          0          0          0         96   poly.o
      2520        190        136          0          0        324   pow.o
         0          0          8          0          0          0   qnan.o
        76          0          0          0          0         84   sqrt.o

    ----------------------------------------------------------------------
     18776        866        664          4        100      11192   Library Totals
        30          2          7          0          4          0   (incl. Padding)

    ----------------------------------------------------------------------

      Code (inc. data)   RO Data    RW Data    ZI Data      Debug   Library Name

     11360        372        505          4         96       7372   c_w.l
      3920        264          8          0          0       2420   fz_ws.l
      3466        228        144          0          0       1400   m_ws.l

    ----------------------------------------------------------------------
     18776        866        664          4        100      11192   Library Totals

    ----------------------------------------------------------------------

==============================================================================


      Code (inc. data)   RO Data    RW Data    ZI Data      Debug   

     89176       5380       2000       1476      44812     623013   Grand Totals
     89176       5380       2000        320      44812     623013   ELF Image Totals (compressed)
     89176       5380       2000        320          0          0   ROM Totals

==============================================================================

    Total RO  Size (Code + RO Data)                91176 (  89.04kB)
    Total RW  Size (RW Data + ZI Data)             46288 (  45.20kB)
    Total ROM Size (Code + RO Data + RW Data)      91496 (  89.35kB)

==============================================================================

