<html>
<body>
<pre>
<h1>礦ision Build Log</h1>
<h2>Tool Versions:</h2>
IDE-Version: μVision V5.22.0.0
Copyright (C) 2016 ARM Ltd and ARM Germany GmbH. All rights reserved.
License Information: lc Administrator, lc, LIC=1WSII-TNFTW-5A8DF-6FH8C-KND0C-P2AJX
 
Tool Versions:
Toolchain:       MDK-ARM Professional  Version: 5.22
Toolchain Path:  C:\Keil_v5\ARM\ARMCC\Bin
C Compiler:      Armcc.exe V5.06 update 4 (build 422)
Assembler:       Armasm.exe V5.06 update 4 (build 422)
Linker/Locator:  ArmLink.exe V5.06 update 4 (build 422)
Library Manager: ArmAr.exe V5.06 update 4 (build 422)
Hex Converter:   FromElf.exe V5.06 update 4 (build 422)
CPU DLL:         SARMCM3.DLL V5.22
Dialog DLL:      DCM.DLL V1.13.9.0
Target DLL:      Segger\JL2CM3.dll V2.99.23.0
Dialog DLL:      TCM.DLL V1.21.0.0
 
<h2>Project:</h2>
D:\工作\刘玉良修改项目\TCP_SOCKET\DK_Sunny.uvprojx
Project File Date:  02/07/2021

<h2>Output:</h2>
*** Using Compiler 'V5.06 update 4 (build 422)', folder: 'C:\Keil_v5\ARM\ARMCC\Bin'
Build target 'TDID(消费机)'
assembling stm32f10x_startup.s...
compiling stm32f10x_tim.c...
compiling stm32f10x_it.c...
APP\stm32f10x_it.c(170): warning:  #223-D: function "Clr_WatchDog" declared implicitly
  Clr_WatchDog();	
APP\stm32f10x_it.c: 1 warning, 0 errors
compiling misc.c...
compiling main.c...
.\Define\variable.h(185): warning:  #1-D: last line of file ends without a newline
  	
APP\main.c(52): warning:  #188-D: enumerated type mixed with another type
  bool startFlag = 
ALSE;
APP\main.c(152): warning:  #68-D: integer conversion resulted in a change of sign
  	u8 status = -1,Buffer[10];
APP\main.c(224): warning:  #167-D: argument of type "u8 *" is incompatible with parameter of type "const char *"
  				object=cJSON_Parse(recDataTemp); //????????
APP\main.c(241): warning:  #167-D: argument of type "unsigned char *" is incompatible with parameter of type "const char *"
  				Write_SOCK_Data_Buffer(5,tokenBuf,strlen(tokenBuf));
APP\main.c(258): warning:  #167-D: argument of type "u8 *" is incompatible with parameter of type "const char *"
  				object=cJSON_Parse(recDataTemp); //
APP\main.c(274): warning:  #188-D: enumerated type mixed with another type
  					startFlag =
RUE;
APP\main.c(288): warning:  #223-D: function "atoi" declared implicitly
  					LimtConsumeMoney = atoi(cJSON_GetObjectItem(arrayItem,"limitMoney")->valuestring);
APP\main.c(139): warning:  #177-D: variable "dhcpret"  was declared but never referenced
  	u8 dhcpret=STATE_DHCP_READY;
APP\main.c(143): warning:  #177-D: variable "cpu_sr"  was declared but never referenced
    OS_CPU_SR cpu_sr;
APP\main.c(145): warning:  #177-D: variable "i"  was declared but never referenced
  	u16 i;
APP\main.c(146): warning:  #177-D: variable "addr"  was declared but never referenced
  	u32 addr;
APP\main.c(147): warning:  #177-D: variable "len"  was declared but never referenced
  	int len;
APP\main.c(148): warning:  #177-D: variable "diani"  was declared but never referenced
  	u8 diani = 0;
APP\main.c(149): warning:  #177-D: variable "ptr"  was declared but never referenced
  	char *ptr;
APP\main.c(150): warning:  #177-D: variable "needdns"  was declared but never referenced
  	u8 needdns = 1;
APP\main.c(151): warning:  #177-D: variable "year"  was declared but never referenced
  	int year;
APP\main.c(152): warning:  #177-D: variable "status"  was declared but never referenced
  	u8 status = -1,Buffer[10];
APP\main.c(45): warning:  #177-D: function "App_TaskCreate"  was declared but never referenced
  static  void App_TaskCreate(void);
APP\main.c: 19 warnings, 0 errors
compiling stm32f10x_fsmc.c...
compiling stm32f10x_gpio.c...
compiling stm32f10x_rcc.c...
compiling stm32f10x_exti.c...
compiling stm32f10x_flash.c...
compiling stm32f10x_usart.c...
compiling system_stm32f10x.c...
compiling stm32f10x_spi.c...
compiling stm32f10x_iwdg.c...
assembling cpu_a.asm...
assembling os_cpu_a.asm...
compiling os_core.c...
compiling os_cpu_c.c...
compiling os_tmr.c...
compiling os_dbg.c...
compiling os_q.c...
compiling os_flag.c...
compiling os_sem.c...
compiling os_mutex.c...
compiling os_mem.c...
compiling core_cm3.c...
compiling os_mbox.c...
compiling os_task.c...
compiling os_time.c...
compiling watchdog.c...
compiling bsp.c...
CommonDevDriver\bsp.c(39): warning:  #177-D: variable "downflag"  was declared but never referenced
  	ulong	ReadKeyValue,downflag;
CommonDevDriver\bsp.c(40): warning:  #177-D: variable "i"  was declared but never referenced
   	uchar	i,Downloadflag;
CommonDevDriver\bsp.c(40): warning:  #177-D: variable "Downloadflag"  was declared but never referenced
   	uchar	i,Downloadflag;
CommonDevDriver\bsp.c(41): warning:  #177-D: variable "Buffer"  was declared but never referenced
  	uchar Buffer[1];
CommonDevDriver\bsp.c(138): warning:  #550-D: variable "bitPF8563Error"  was set but never used
  	u8 bitStatus8563,bitPF8563Error;
CommonDevDriver\bsp.c: 5 warnings, 0 errors
compiling AT24C64.C...
CommonDevDriver\AT24C64.C(142): warning:  #1-D: last line of file ends without a newline
   
CommonDevDriver\AT24C64.C: 1 warning, 0 errors
compiling Disp_1629DFile.C...
CommonDevDriver\Disp_1629DFile.C(253): warning:  #177-D: variable "i"  was declared but never referenced
  	uchar	i;
CommonDevDriver\Disp_1629DFile.C(254): warning:  #177-D: variable "VerString"  was declared but never referenced
  	uchar	VerString[11];
CommonDevDriver\Disp_1629DFile.C(844): warning:  #223-D: function "TIM3_Close_INT" declared implicitly
  	TIM3_Close_INT();
CommonDevDriver\Disp_1629DFile.C(848): warning:  #223-D: function "TIM3_OPen_INT" declared implicitly
  	TIM3_OPen_INT();
CommonDevDriver\Disp_1629DFile.C: 4 warnings, 0 errors
compiling W5500.c...
CommonDevDriver\W5500.c(527): warning:  #550-D: variable "offset1"  was set but never used
  	unsigned short offset, offset1;
CommonDevDriver\W5500.c(919): warning:  #177-D: variable "d"  was declared but never referenced
  	u8 d,j = 0;
CommonDevDriver\W5500.c(919): warning:  #177-D: variable "j"  was declared but never referenced
  	u8 d,j = 0;
CommonDevDriver\W5500.c: 3 warnings, 0 errors
compiling ScanKeyFiles.C...
CommonDevDriver\ScanKeyFiles.C(96): warning:  #940-D: missing return statement at end of non-void function "ChgKeyValueToChar" 
  }
CommonDevDriver\ScanKeyFiles.C: 1 warning, 0 errors
compiling delay.c...
compiling PCF8563.C...
compiling FSMC.c...
compiling 485.C...
CommonDevDriver\485.C(91): warning:  #1-D: last line of file ends without a newline
   }
CommonDevDriver\485.C: 1 warning, 0 errors
compiling MoNiSPI.C...
CommonDevDriver\MoNiSPI.C(14): warning:  #177-D: function "VS1003_Delay_nms"  was declared but never referenced
  static void VS1003_Delay_nms(unsigned short nms)
CommonDevDriver\MoNiSPI.C: 1 warning, 0 errors
compiling SPI_FLASH.C...
CommonDevDriver\SPI_FLASH.C(318): warning:  #1-D: last line of file ends without a newline
  }
CommonDevDriver\SPI_FLASH.C(302): warning:  #550-D: variable "Dev_id"  was set but never used
  	char Fac_id,Dev_id ;
CommonDevDriver\SPI_FLASH.C(41): warning:  #177-D: function "Delay"  was declared but never referenced
   static void Delay(__IO uint32_t nCount)
CommonDevDriver\SPI_FLASH.C: 3 warnings, 0 errors
compiling NVIC.C...
compiling USART.C...
StdPeripheralByDK\USART.C(87): warning:  #223-D: function "DK_NVIC_IRQ_Set" declared implicitly
  		DK_NVIC_IRQ_Set(USART1_IRQn,0,0,DISABLE);
StdPeripheralByDK\USART.C(264): warning:  #550-D: variable "j"  was set but never used
  	uchar	j;
StdPeripheralByDK\USART.C(298): warning:  #177-D: variable "cpu_sr"  was declared but never referenced
  	OS_CPU_SR  cpu_sr;
StdPeripheralByDK\USART.C(323): warning:  #177-D: variable "cpu_sr"  was declared but never referenced
  	OS_CPU_SR  cpu_sr;
StdPeripheralByDK\USART.C: 4 warnings, 0 errors
compiling hw_config.c...
compiling AT24C256.C...
CommonDevDriver\AT24C256.C(215): warning:  #1-D: last line of file ends without a newline
   
CommonDevDriver\AT24C256.C: 1 warning, 0 errors
compiling MFRC522.c...
CommonDevDriver\MFRC522.c(581): warning:  #940-D: missing return statement at end of non-void function "TypeAB_PiccTRANSCEIVE" 
  }
CommonDevDriver\MFRC522.c(574): warning:  #550-D: variable "status"  was set but never used
  	u8 status = MI_OK;
CommonDevDriver\MFRC522.c(647): warning:  #1441-D: nonstandard cast on lvalue
  		(unsigned char*)SendBuf+=OnceSendLen;
CommonDevDriver\MFRC522.c(736): warning:  #1-D: last line of file ends without a newline
  }
CommonDevDriver\MFRC522.c: 4 warnings, 0 errors
compiling GPIO.C...
compiling TIME.C...
compiling CalucationFile.c...
POS\CalucationFile.c(279): warning:  #167-D: argument of type "unsigned char *" is incompatible with parameter of type "char *restrict"
  		sprintf(&dst[i],"%X",str[i]);
POS\CalucationFile.c(291): warning:  #167-D: argument of type "unsigned char *" is incompatible with parameter of type "char *restrict"
  			strcpy(dst,"0X");
POS\CalucationFile.c(292): warning:  #167-D: argument of type "unsigned char *" is incompatible with parameter of type "char *restrict"
  			strncat(dst,psrc,2);
POS\CalucationFile.c(292): warning:  #167-D: argument of type "unsigned char *" is incompatible with parameter of type "const char *restrict"
  			strncat(dst,psrc,2);
POS\CalucationFile.c(293): warning:  #167-D: argument of type "unsigned char *" is incompatible with parameter of type "const char *restrict"
  			buf[i]= strtol(dst,
ULL,16);
POS\CalucationFile.c: 5 warnings, 0 errors
compiling DK_SPI.C...
compiling ISO7816File.c...
compiling ConsumSubFile.C...
POS\ConsumSubFile.C(52): warning:  #223-D: function "MFRC522_Auth" declared implicitly
  	getreturnS = MFRC522_Auth(0x60,usesectornum*4,keydatabd,CardSerialNum);		
POS\ConsumSubFile.C(45): warning:  #177-D: variable "sw1sw2"  was declared but never referenced
  	uint 	sw1sw2=0;
POS\ConsumSubFile.C(46): warning:  #177-D: variable "FileAID"  was declared but never referenced
  	uchar	FileAID[10];
POS\ConsumSubFile.C(47): warning:  #177-D: variable "tempdata"  was declared but never referenced
  	uchar tempdata[] = {0x01,0x10,0x00,0x10,0x00,0x00,0x00,0x00,0x00,0x00,0x00,0x00,0x00,0x00,0x00,0x00,0x00,0x00,0x00};
POS\ConsumSubFile.C(124): warning:  #223-D: function "CheckPF8563" declared implicitly
  	CheckPF8563();
POS\ConsumSubFile.C(293): warning:  #167-D: argument of type "u8 *" is incompatible with parameter of type "const char *"
  						object = cJSON_Parse(recDataTemp); 
POS\ConsumSubFile.C(306): warning:  #167-D: argument of type "u8 *" is incompatible with parameter of type "const char *restrict"
  									sscanf(datagetd,"%f",&databalance);		
POS\ConsumSubFile.C(339): warning:  #223-D: function "atoi" declared implicitly
  								status = atoi(arrayItem->valuestring);
POS\ConsumSubFile.C(72): warning:  #177-D: variable "BufferBak"  was declared but never referenced
  	uchar BufferBak[10];
POS\ConsumSubFile.C(73): warning:  #177-D: variable "CardPrinterNumBak"  was declared but never referenced
  	uchar CardPrinterNumBak[4];
POS\ConsumSubFile.C(1118): warning:  #117-D: non-void function "KeyBoardSetSysParamenter"  should return a value
  				return;
POS\ConsumSubFile.C(1121): warning:  #167-D: argument of type "u8 *" is incompatible with parameter of type "char *restrict"
  			sprintf(sendDataTemp,"%d-%02d-%02d%d-%02d-%02d",BCDToHex(SysTimeDatas.S_Time.YearChar)+2000,BCDToHex(ComsumeDate[1]),BCDToHex(ComsumeDate[2])
POS\ConsumSubFile.C(1126): warning:  #167-D: argument of type "u8 *" is incompatible with parameter of type "const char *"
  			root = cJSON_Parse(recDataTemp+3); 
POS\ConsumSubFile.C(1137): warning:  #167-D: argument of type "u8 *" is incompatible with parameter of type "const char *restrict"
  						sscanf(datagetd,"%f",&databalance);									
POS\ConsumSubFile.C(1280): warning:  #177-D: variable "PPage"  was declared but never referenced
  	uchar	PPage;
POS\ConsumSubFile.C(1282): warning:  #177-D: variable "ii"  was declared but never referenced
  	uint	ii;
POS\ConsumSubFile.C(1402): warning:  #223-D: function "Usart2ToPrint" declared implicitly
  	Usart2ToPrint();
POS\ConsumSubFile.C: 17 warnings, 0 errors
compiling iic.c...
compiling InitSetParameterFile.C...
POS\InitSetParameterFile.C(70): warning:  #177-D: variable "buf"  was declared but never referenced
  	uint16_t buf[256];
POS\InitSetParameterFile.C(124): warning:  #177-D: variable "MainCodeBak"  was declared but never referenced
  	uint MainCodeBak;
POS\InitSetParameterFile.C: 2 warnings, 0 errors
compiling SetW5500Net.c...
POS\SetW5500Net.c(185): warning:  #940-D: missing return statement at end of non-void function "TCP_Analyse" 
  }
POS\SetW5500Net.c: 1 warning, 0 errors
compiling Task_eth_rec_Data.c...
Task_eth_rec_Data.c(81): warning:  #177-D: variable "dhcpret"  was declared but never referenced
  	u8 dhcpret;
Task_eth_rec_Data.c(260): warning:  #1295-D: Deprecated declaration startupdate - give arg types
  void startupdate();
Task_eth_rec_Data.c(264): warning:  #68-D: integer conversion resulted in a change of sign
  	
Task_eth_rec_Data.c(335): warning:  #167-D: argument of type "unsigned char *" is incompatible with parameter of type "const char *"
  	cJSON_AddItemToObject(root,"dev_id",cJSON_CreateString(buf));
Task_eth_rec_Data.c(339): warning:  #167-D: argument of type "unsigned char *" is incompatible with parameter of type "const char *"
  	cJSON_AddItemToObject(root,"deviceSerial",cJSON_CreateString(buf));	
Task_eth_rec_Data.c(342): warning:  #167-D: argument of type "unsigned char *" is incompatible with parameter of type "const char *"
  	cJSON_AddItemToObject(root,"customerId",cJSON_CreateString(buf));
Task_eth_rec_Data.c(345): warning:  #167-D: argument of type "unsigned char *" is incompatible with parameter of type "const char *"
  	cJSON_AddItemToObject(root,"customerPwd",cJSON_CreateString(buf));
Task_eth_rec_Data.c(352): warning:  #167-D: argument of type "unsigned char *" is incompatible with parameter of type "char *restrict"
  	strcat(sendTempp,end);
Task_eth_rec_Data.c(352): warning:  #167-D: argument of type "unsigned char *" is incompatible with parameter of type "const char *restrict"
  	strcat(sendTempp,end);
Task_eth_rec_Data.c(358): warning:  #223-D: function "free" declared implicitly
  	free(out);	/* Print to text, Delete the cJSON, print it, release the string. */
Task_eth_rec_Data.c(324): warning:  #177-D: variable "buf1"  was declared but never referenced
  	uchar buf1[100];
Task_eth_rec_Data.c(326): warning:  #177-D: variable "totalsize"  was declared but never referenced
  	uint totalsize = 0,request_len = 0,header_len = 0;
Task_eth_rec_Data.c(326): warning:  #177-D: variable "header_len"  was declared but never referenced
  	uint totalsize = 0,request_len = 0,header_len = 0;
Task_eth_rec_Data.c(383): warning:  #167-D: argument of type "unsigned char *" is incompatible with parameter of type "const char *"
  	cJSON_AddItemToObject(root,"Token",cJSON_CreateString(tokenBuf));	
Task_eth_rec_Data.c(387): warning:  #167-D: argument of type "unsigned char *" is incompatible with parameter of type "const char *"
  	cJSON_AddItemToObject(root,"dev_id",cJSON_CreateString(buf));	
Task_eth_rec_Data.c(391): warning:  #167-D: argument of type "unsigned char *" is incompatible with parameter of type "const char *"
  	cJSON_AddItemToObject(root,"deviceSerial",cJSON_CreateString(buf));
Task_eth_rec_Data.c(394): warning:  #167-D: argument of type "unsigned char *" is incompatible with parameter of type "const char *"
  	cJSON_AddItemToObject(root,"customerId",cJSON_CreateString(buf));
Task_eth_rec_Data.c(397): warning:  #167-D: argument of type "unsigned char *" is incompatible with parameter of type "const char *"
  	cJSON_AddItemToObject(root,"deviceType",cJSON_CreateString(buf));
Task_eth_rec_Data.c(400): warning:  #167-D: argument of type "unsigned char *" is incompatible with parameter of type "const char *"
  	cJSON_AddItemToObject(root,"deviseVersion",cJSON_CreateString(buf));
Task_eth_rec_Data.c(408): warning:  #167-D: argument of type "unsigned char *" is incompatible with parameter of type "char *restrict"
  	strcat(sendTempp,end);
Task_eth_rec_Data.c(408): warning:  #167-D: argument of type "unsigned char *" is incompatible with parameter of type "const char *restrict"
  	strcat(sendTempp,end);
Task_eth_rec_Data.c(414): warning:  #223-D: function "free" declared implicitly
  	free(out);	/* Print to text, Delete the cJSON, print it, release the string. */
Task_eth_rec_Data.c(373): warning:  #177-D: variable "buf1"  was declared but never referenced
  	uchar buf1[100];
Task_eth_rec_Data.c(376): warning:  #177-D: variable "totalsize"  was declared but never referenced
  	uint totalsize = 0,request_len = 0,header_len = 0;
Task_eth_rec_Data.c(376): warning:  #177-D: variable "header_len"  was declared but never referenced
  	uint totalsize = 0,request_len = 0,header_len = 0;
Task_eth_rec_Data.c(439): warning:  #167-D: argument of type "unsigned char *" is incompatible with parameter of type "const char *"
  	cJSON_AddItemToObject(root,"Token",cJSON_CreateString(tokenBuf));	
Task_eth_rec_Data.c(443): warning:  #167-D: argument of type "unsigned char *" is incompatible with parameter of type "const char *"
  	cJSON_AddItemToObject(root,"dev_id",cJSON_CreateString(buf));	
Task_eth_rec_Data.c(447): warning:  #167-D: argument of type "unsigned char *" is incompatible with parameter of type "const char *"
  	cJSON_AddItemToObject(root,"deviceSerial",cJSON_CreateString(buf));
Task_eth_rec_Data.c(450): warning:  #167-D: argument of type "unsigned char *" is incompatible with parameter of type "const char *"
  	cJSON_AddItemToObject(root,"customerId",cJSON_CreateString(buf));
Task_eth_rec_Data.c(453): warning:  #167-D: argument of type "unsigned char *" is incompatible with parameter of type "const char *"
  	cJSON_AddItemToObject(root,"cardId",cJSON_CreateString(buf));
Task_eth_rec_Data.c(461): warning:  #167-D: argument of type "unsigned char *" is incompatible with parameter of type "char *restrict"
  	strcat(sendTempp,end);
Task_eth_rec_Data.c(461): warning:  #167-D: argument of type "unsigned char *" is incompatible with parameter of type "const char *restrict"
  	strcat(sendTempp,end);
Task_eth_rec_Data.c(467): warning:  #223-D: function "free" declared implicitly
  	free(out);	/* Print to text, Delete the cJSON, print it, release the string. */
Task_eth_rec_Data.c(429): warning:  #177-D: variable "buf1"  was declared but never referenced
  	uchar buf1[100];
Task_eth_rec_Data.c(432): warning:  #177-D: variable "totalsize"  was declared but never referenced
  	uint totalsize = 0,request_len = 0,header_len = 0;
Task_eth_rec_Data.c(432): warning:  #177-D: variable "header_len"  was declared but never referenced
  	uint totalsize = 0,request_len = 0,header_len = 0;
Task_eth_rec_Data.c(491): warning:  #167-D: argument of type "unsigned char *" is incompatible with parameter of type "const char *"
  	cJSON_AddItemToObject(root,"Token",cJSON_CreateString(tokenBuf));	
Task_eth_rec_Data.c(495): warning:  #167-D: argument of type "unsigned char *" is incompatible with parameter of type "const char *"
  	cJSON_AddItemToObject(root,"dev_id",cJSON_CreateString(buf));	
Task_eth_rec_Data.c(499): warning:  #167-D: argument of type "unsigned char *" is incompatible with parameter of type "const char *"
  	cJSON_AddItemToObject(root,"deviceSerial",cJSON_CreateString(buf));
Task_eth_rec_Data.c(502): warning:  #167-D: argument of type "unsigned char *" is incompatible with parameter of type "const char *"
  	cJSON_AddItemToObject(root,"customerId",cJSON_CreateString(buf));
Task_eth_rec_Data.c(508): warning:  #167-D: argument of type "unsigned char *" is incompatible with parameter of type "const char *"
  	cJSON_AddItemToObject(root,"time",cJSON_CreateString(buf));
Task_eth_rec_Data.c(518): warning:  #167-D: argument of type "unsigned char *" is incompatible with parameter of type "const char *"
  	cJSON_AddItemToObject(root,"orderNo",cJSON_CreateString(Tx_Buffer));
Task_eth_rec_Data.c(523): warning:  #167-D: argument of type "unsigned char *" is incompatible with parameter of type "const char *"
  	cJSON_AddItemToObject(root,"conAmount",cJSON_CreateString(buf));
Task_eth_rec_Data.c(526): warning:  #167-D: argument of type "unsigned char *" is incompatible with parameter of type "const char *"
  	cJSON_AddItemToObject(root,"cardId",cJSON_CreateString(buf));
Task_eth_rec_Data.c(534): warning:  #167-D: argument of type "unsigned char *" is incompatible with parameter of type "char *restrict"
  	strcat(sendTempp,end);
Task_eth_rec_Data.c(534): warning:  #167-D: argument of type "unsigned char *" is incompatible with parameter of type "const char *restrict"
  	strcat(sendTempp,end);
Task_eth_rec_Data.c(540): warning:  #223-D: function "free" declared implicitly
  	free(out);	/* Print to text, Delete the cJSON, print it, release the string. */
Task_eth_rec_Data.c(485): warning:  #177-D: variable "totalsize"  was declared but never referenced
  	uint totalsize = 0,request_len = 0,header_len = 0;
Task_eth_rec_Data.c(485): warning:  #177-D: variable "header_len"  was declared but never referenced
  	uint totalsize = 0,request_len = 0,header_len = 0;
Task_eth_rec_Data.c(548): warning:  #177-D: variable "sendLengthtrue"  was declared but never referenced
  	int sendLengthtrue;
Task_eth_rec_Data.c(606): warning:  #167-D: argument of type "unsigned char *" is incompatible with parameter of type "const char *"
  		*length = strlen(dataRec);
Task_eth_rec_Data.c(43): warning:  #177-D: function "analyzePostdata"  was declared but never referenced
  static uint analyzePostdata(char *buf,char *Json_data)
Task_eth_rec_Data.c: 52 warnings, 0 errors
compiling cJSON.c...
cJSON\cJSON.c(58): warning:  #1293-D: assignment in condition
        if (!(copy = (char*)cJSON_malloc(len))) return 0;
cJSON\cJSON.c(223): warning:  #1293-D: assignment in condition
  	ptr=str;while ((token=*ptr) && ++len) {if (strchr("\"\\\b\f\n\r\t",token)) len++; else if (token<32) len+=5;ptr++;}
cJSON\cJSON.c(340): warning:  #1293-D: assignment in condition
  		if (!(new_item=cJSON_New_Item())) return 0; 	/* memory fail */
cJSON\cJSON.c(430): warning:  #1293-D: assignment in condition
  		if (!(new_item=cJSON_New_Item()))	return 0; /* memory fail */
cJSON\cJSON.c: 4 warnings, 0 errors
compiling downfile.c...
POS\downfile.c(89): warning:  #167-D: argument of type "u8 *" is incompatible with parameter of type "char *restrict"
  							ptr = strtok(datagetsvr, ".");
POS\downfile.c(54): warning:  #177-D: variable "flashaddr"  was declared but never referenced
  	u32 flashaddr = 0;
POS\downfile.c(64): warning:  #177-D: variable "addrflash"  was declared but never referenced
  	unsigned long addrflash = 0;
POS\downfile.c(196): warning:  #177-D: variable "patterns"  was declared but never referenced
      char *patterns[] = {"http://", "https://", ""};
POS\downfile.c(367): warning:  #177-D: variable "crcdd"  was declared but never referenced
  	u32 crcdd = 0;
POS\downfile.c: 5 warnings, 0 errors
compiling uploadrecord.c...
compiling ReadWriteCardTask.c...
ReadWriteCardTask.c(46): warning:  #1-D: last line of file ends without a newline
  }
ReadWriteCardTask.c: 1 warning, 0 errors
compiling PSAM_Files.c...
POS\PSAM_Files.c(156): warning:  #167-D: argument of type "u8 *" is incompatible with parameter of type "const char *"
  		SendLen=strlen(ptr);
POS\PSAM_Files.c: 1 warning, 0 errors
compiling RecordFiles.C...
POS\RecordFiles.C(586): warning:  #177-D: variable "rootfor"  was declared but never referenced
  	cJSON * root,*rootfor;
POS\RecordFiles.C: 1 warning, 0 errors
compiling dns.c...
APP\dns.c(126): warning:  #940-D: missing return statement at end of non-void function "sendto" 
  }
APP\dns.c: 1 warning, 0 errors
compiling dhcp.c...
linking...
Program Size: Code=89176 RO-data=2000 RW-data=1476 ZI-data=44812  
FromELF: creating hex file...
".\obj\SOCKET_ID_02.axf" - 0 Error(s), 138 Warning(s).

<h2>Software Packages used:</h2>

Package Vendor: ARM
                http://www.keil.com/pack/ARM.CMSIS.5.0.0.pack
                ARM::CMSIS:CORE:5.0.0
                CMSIS (Cortex Microcontroller Software Interface Standard)
   * Component: CORE Version: 5.0.0

<h2>Collection of Component include folders:</h2>
  D:\工作\刘玉良修改项目\TCP_SOCKET\RTE\_TDID________
  C:\Keil_v5\ARM\PACK\ARM\CMSIS\5.0.0\CMSIS\Include
  C:\Keil_v5\ARM\PACK\Keil\STM32F1xx_DFP\2.1.0\Device\Include

<h2>Collection of Component Files used:</h2>

   * Component: ARM::CMSIS:CORE:5.0.0
Build Time Elapsed:  00:00:11
</pre>
</body>
</html>
